Archive member included to satisfy reference by file (symbol)

c:/st/stm32cubeide_1.0.2/stm32cubeide/plugins/com.st.stm32cube.ide.mcu.externaltools.gnu-tools-for-stm32.7-2018-q2-update.win32_1.0.0.201904181610/tools/bin/../lib/gcc/arm-none-eabi/7.3.1/../../../../arm-none-eabi/lib/thumb/v7e-m/fpv4-sp/hard\libstdc++_nano.a(new_op.o)
                              Src/main.o (operator new(unsigned int))
c:/st/stm32cubeide_1.0.2/stm32cubeide/plugins/com.st.stm32cube.ide.mcu.externaltools.gnu-tools-for-stm32.7-2018-q2-update.win32_1.0.0.201904181610/tools/bin/../lib/gcc/arm-none-eabi/7.3.1/../../../../arm-none-eabi/lib/thumb/v7e-m/fpv4-sp/hard\libstdc++_nano.a(new_handler.o)
                              c:/st/stm32cubeide_1.0.2/stm32cubeide/plugins/com.st.stm32cube.ide.mcu.externaltools.gnu-tools-for-stm32.7-2018-q2-update.win32_1.0.0.201904181610/tools/bin/../lib/gcc/arm-none-eabi/7.3.1/../../../../arm-none-eabi/lib/thumb/v7e-m/fpv4-sp/hard\libstdc++_nano.a(new_op.o) (std::get_new_handler())
c:/st/stm32cubeide_1.0.2/stm32cubeide/plugins/com.st.stm32cube.ide.mcu.externaltools.gnu-tools-for-stm32.7-2018-q2-update.win32_1.0.0.201904181610/tools/bin/../lib/gcc/arm-none-eabi/7.3.1/../../../../arm-none-eabi/lib/thumb/v7e-m/fpv4-sp/hard\libm.a(lib_a-wf_log.o)
                              Src/LTC6811.o (logf)
c:/st/stm32cubeide_1.0.2/stm32cubeide/plugins/com.st.stm32cube.ide.mcu.externaltools.gnu-tools-for-stm32.7-2018-q2-update.win32_1.0.0.201904181610/tools/bin/../lib/gcc/arm-none-eabi/7.3.1/../../../../arm-none-eabi/lib/thumb/v7e-m/fpv4-sp/hard\libm.a(lib_a-ef_log.o)
                              c:/st/stm32cubeide_1.0.2/stm32cubeide/plugins/com.st.stm32cube.ide.mcu.externaltools.gnu-tools-for-stm32.7-2018-q2-update.win32_1.0.0.201904181610/tools/bin/../lib/gcc/arm-none-eabi/7.3.1/../../../../arm-none-eabi/lib/thumb/v7e-m/fpv4-sp/hard\libm.a(lib_a-wf_log.o) (__ieee754_logf)
c:/st/stm32cubeide_1.0.2/stm32cubeide/plugins/com.st.stm32cube.ide.mcu.externaltools.gnu-tools-for-stm32.7-2018-q2-update.win32_1.0.0.201904181610/tools/bin/../lib/gcc/arm-none-eabi/7.3.1/../../../../arm-none-eabi/lib/thumb/v7e-m/fpv4-sp/hard\libm.a(lib_a-s_lib_ver.o)
                              c:/st/stm32cubeide_1.0.2/stm32cubeide/plugins/com.st.stm32cube.ide.mcu.externaltools.gnu-tools-for-stm32.7-2018-q2-update.win32_1.0.0.201904181610/tools/bin/../lib/gcc/arm-none-eabi/7.3.1/../../../../arm-none-eabi/lib/thumb/v7e-m/fpv4-sp/hard\libm.a(lib_a-wf_log.o) (__fdlib_version)
c:/st/stm32cubeide_1.0.2/stm32cubeide/plugins/com.st.stm32cube.ide.mcu.externaltools.gnu-tools-for-stm32.7-2018-q2-update.win32_1.0.0.201904181610/tools/bin/../lib/gcc/arm-none-eabi/7.3.1/../../../../arm-none-eabi/lib/thumb/v7e-m/fpv4-sp/hard\libm.a(lib_a-s_matherr.o)
                              c:/st/stm32cubeide_1.0.2/stm32cubeide/plugins/com.st.stm32cube.ide.mcu.externaltools.gnu-tools-for-stm32.7-2018-q2-update.win32_1.0.0.201904181610/tools/bin/../lib/gcc/arm-none-eabi/7.3.1/../../../../arm-none-eabi/lib/thumb/v7e-m/fpv4-sp/hard\libm.a(lib_a-wf_log.o) (matherr)
c:/st/stm32cubeide_1.0.2/stm32cubeide/plugins/com.st.stm32cube.ide.mcu.externaltools.gnu-tools-for-stm32.7-2018-q2-update.win32_1.0.0.201904181610/tools/bin/../lib/gcc/arm-none-eabi/7.3.1/../../../../arm-none-eabi/lib/thumb/v7e-m/fpv4-sp/hard\libm.a(lib_a-s_nan.o)
                              c:/st/stm32cubeide_1.0.2/stm32cubeide/plugins/com.st.stm32cube.ide.mcu.externaltools.gnu-tools-for-stm32.7-2018-q2-update.win32_1.0.0.201904181610/tools/bin/../lib/gcc/arm-none-eabi/7.3.1/../../../../arm-none-eabi/lib/thumb/v7e-m/fpv4-sp/hard\libm.a(lib_a-wf_log.o) (nan)
c:/st/stm32cubeide_1.0.2/stm32cubeide/plugins/com.st.stm32cube.ide.mcu.externaltools.gnu-tools-for-stm32.7-2018-q2-update.win32_1.0.0.201904181610/tools/bin/../lib/gcc/arm-none-eabi/7.3.1/../../../../arm-none-eabi/lib/thumb/v7e-m/fpv4-sp/hard\libc_nano.a(lib_a-abort.o)
                              Src/main.o (abort)
c:/st/stm32cubeide_1.0.2/stm32cubeide/plugins/com.st.stm32cube.ide.mcu.externaltools.gnu-tools-for-stm32.7-2018-q2-update.win32_1.0.0.201904181610/tools/bin/../lib/gcc/arm-none-eabi/7.3.1/../../../../arm-none-eabi/lib/thumb/v7e-m/fpv4-sp/hard\libc_nano.a(lib_a-errno.o)
                              Src/syscalls.o (__errno)
c:/st/stm32cubeide_1.0.2/stm32cubeide/plugins/com.st.stm32cube.ide.mcu.externaltools.gnu-tools-for-stm32.7-2018-q2-update.win32_1.0.0.201904181610/tools/bin/../lib/gcc/arm-none-eabi/7.3.1/../../../../arm-none-eabi/lib/thumb/v7e-m/fpv4-sp/hard\libc_nano.a(lib_a-exit.o)
                              c:/st/stm32cubeide_1.0.2/stm32cubeide/plugins/com.st.stm32cube.ide.mcu.externaltools.gnu-tools-for-stm32.7-2018-q2-update.win32_1.0.0.201904181610/tools/bin/../lib/gcc/arm-none-eabi/7.3.1/../../../../arm-none-eabi/lib/thumb/v7e-m/fpv4-sp/hard/crt0.o (exit)
[...]
Memory Configuration

Name             Origin             Length             Attributes
RAM              0x0000000020000000 0x0000000000020000 xrw
FLASH            0x0000000008000000 0x0000000000080000 xr
*default*        0x0000000000000000 0xffffffffffffffff

Linker script and memory map

LOAD c:/st/stm32cubeide_1.0.2/stm32cubeide/plugins/com.st.stm32cube.ide.mcu.externaltools.gnu-tools-for-stm32.7-2018-q2-update.win32_1.0.0.201904181610/tools/bin/../lib/gcc/arm-none-eabi/7.3.1/thumb/v7e-m/fpv4-sp/hard/crti.o
LOAD c:/st/stm32cubeide_1.0.2/stm32cubeide/plugins/com.st.stm32cube.ide.mcu.externaltools.gnu-tools-for-stm32.7-2018-q2-update.win32_1.0.0.201904181610/tools/bin/../lib/gcc/arm-none-eabi/7.3.1/thumb/v7e-m/fpv4-sp/hard/crtbegin.o
LOAD c:/st/stm32cubeide_1.0.2/stm32cubeide/plugins/com.st.stm32cube.ide.mcu.externaltools.gnu-tools-for-stm32.7-2018-q2-update.win32_1.0.0.201904181610/tools/bin/../lib/gcc/arm-none-eabi/7.3.1/../../../../arm-none-eabi/lib/thumb/v7e-m/fpv4-sp/hard/crt0.o
LOAD Drivers/STM32F4xx_HAL_Driver/Src/stm32f4xx_hal.o
LOAD Drivers/STM32F4xx_HAL_Driver/Src/stm32f4xx_hal_can.o
LOAD Drivers/STM32F4xx_HAL_Driver/Src/stm32f4xx_hal_cortex.o
LOAD Drivers/STM32F4xx_HAL_Driver/Src/stm32f4xx_hal_dma.o
LOAD Drivers/STM32F4xx_HAL_Driver/Src/stm32f4xx_hal_dma_ex.o
LOAD Drivers/STM32F4xx_HAL_Driver/Src/stm32f4xx_hal_exti.o
LOAD Drivers/STM32F4xx_HAL_Driver/Src/stm32f4xx_hal_flash.o
LOAD Drivers/STM32F4xx_HAL_Driver/Src/stm32f4xx_hal_flash_ex.o
LOAD Drivers/STM32F4xx_HAL_Driver/Src/stm32f4xx_hal_flash_ramfunc.o
LOAD Drivers/STM32F4xx_HAL_Driver/Src/stm32f4xx_hal_gpio.o
LOAD Drivers/STM32F4xx_HAL_Driver/Src/stm32f4xx_hal_pwr.o
LOAD Drivers/STM32F4xx_HAL_Driver/Src/stm32f4xx_hal_pwr_ex.o
LOAD Drivers/STM32F4xx_HAL_Driver/Src/stm32f4xx_hal_rcc.o
LOAD Drivers/STM32F4xx_HAL_Driver/Src/stm32f4xx_hal_rcc_ex.o
LOAD Drivers/STM32F4xx_HAL_Driver/Src/stm32f4xx_hal_sd.o
LOAD Drivers/STM32F4xx_HAL_Driver/Src/stm32f4xx_hal_spi.o
LOAD Drivers/STM32F4xx_HAL_Driver/Src/stm32f4xx_hal_tim.o
LOAD Drivers/STM32F4xx_HAL_Driver/Src/stm32f4xx_hal_tim_ex.o
LOAD Drivers/STM32F4xx_HAL_Driver/Src/stm32f4xx_ll_sdmmc.o
LOAD Middlewares/Third_Party/FatFs/src/diskio.o
LOAD Middlewares/Third_Party/FatFs/src/ff.o
LOAD Middlewares/Third_Party/FatFs/src/ff_gen_drv.o
LOAD Middlewares/Third_Party/FatFs/src/option/syscall.o
LOAD Src/LTC6811.o
LOAD Src/Status.o
LOAD Src/bsp_driver_sd.o
LOAD Src/fatfs.o
LOAD Src/fatfs_platform.o
LOAD Src/main.o
LOAD Src/sd_diskio.o
LOAD Src/stm32f4xx_hal_msp.o
LOAD Src/stm32f4xx_it.o
LOAD Src/syscalls.o
LOAD Src/sysmem.o
LOAD Src/system_stm32f4xx.o
LOAD Startup/startup_stm32f446retx.o
START GROUP
LOAD c:/st/stm32cubeide_1.0.2/stm32cubeide/plugins/com.st.stm32cube.ide.mcu.externaltools.gnu-tools-for-stm32.7-2018-q2-update.win32_1.0.0.201904181610/tools/bin/../lib/gcc/arm-none-eabi/7.3.1/../../../../arm-none-eabi/lib/thumb/v7e-m/fpv4-sp/hard\libstdc++_nano.a
LOAD c:/st/stm32cubeide_1.0.2/stm32cubeide/plugins/com.st.stm32cube.ide.mcu.externaltools.gnu-tools-for-stm32.7-2018-q2-update.win32_1.0.0.201904181610/tools/bin/../lib/gcc/arm-none-eabi/7.3.1/../../../../arm-none-eabi/lib/thumb/v7e-m/fpv4-sp/hard\libsupc++_nano.a
END GROUP
LOAD c:/st/stm32cubeide_1.0.2/stm32cubeide/plugins/com.st.stm32cube.ide.mcu.externaltools.gnu-tools-for-stm32.7-2018-q2-update.win32_1.0.0.201904181610/tools/bin/../lib/gcc/arm-none-eabi/7.3.1/../../../../arm-none-eabi/lib/thumb/v7e-m/fpv4-sp/hard\libstdc++_nano.a
LOAD c:/st/stm32cubeide_1.0.2/stm32cubeide/plugins/com.st.stm32cube.ide.mcu.externaltools.gnu-tools-for-stm32.7-2018-q2-update.win32_1.0.0.201904181610/tools/bin/../lib/gcc/arm-none-eabi/7.3.1/../../../../arm-none-eabi/lib/thumb/v7e-m/fpv4-sp/hard\libm.a
LOAD c:/st/stm32cubeide_1.0.2/stm32cubeide/plugins/com.st.stm32cube.ide.mcu.externaltools.gnu-tools-for-stm32.7-2018-q2-update.win32_1.0.0.201904181610/tools/bin/../lib/gcc/arm-none-eabi/7.3.1/../../../../arm-none-eabi/lib/thumb/v7e-m/fpv4-sp/hard\libc_nano.a
START GROUP
LOAD c:/st/stm32cubeide_1.0.2/stm32cubeide/plugins/com.st.stm32cube.ide.mcu.externaltools.gnu-tools-for-stm32.7-2018-q2-update.win32_1.0.0.201904181610/tools/bin/../lib/gcc/arm-none-eabi/7.3.1/thumb/v7e-m/fpv4-sp/hard\libgcc.a
LOAD c:/st/stm32cubeide_1.0.2/stm32cubeide/plugins/com.st.stm32cube.ide.mcu.externaltools.gnu-tools-for-stm32.7-2018-q2-update.win32_1.0.0.201904181610/tools/bin/../lib/gcc/arm-none-eabi/7.3.1/../../../../arm-none-eabi/lib/thumb/v7e-m/fpv4-sp/hard\libc_nano.a
END GROUP
START GROUP
LOAD c:/st/stm32cubeide_1.0.2/stm32cubeide/plugins/com.st.stm32cube.ide.mcu.externaltools.gnu-tools-for-stm32.7-2018-q2-update.win32_1.0.0.201904181610/tools/bin/../lib/gcc/arm-none-eabi/7.3.1/thumb/v7e-m/fpv4-sp/hard\libgcc.a
LOAD c:/st/stm32cubeide_1.0.2/stm32cubeide/plugins/com.st.stm32cube.ide.mcu.externaltools.gnu-tools-for-stm32.7-2018-q2-update.win32_1.0.0.201904181610/tools/bin/../lib/gcc/arm-none-eabi/7.3.1/../../../../arm-none-eabi/lib/thumb/v7e-m/fpv4-sp/hard\libc_nano.a
END GROUP
LOAD c:/st/stm32cubeide_1.0.2/stm32cubeide/plugins/com.st.stm32cube.ide.mcu.externaltools.gnu-tools-for-stm32.7-2018-q2-update.win32_1.0.0.201904181610/tools/bin/../lib/gcc/arm-none-eabi/7.3.1/thumb/v7e-m/fpv4-sp/hard/crtend.o
LOAD c:/st/stm32cubeide_1.0.2/stm32cubeide/plugins/com.st.stm32cube.ide.mcu.externaltools.gnu-tools-for-stm32.7-2018-q2-update.win32_1.0.0.201904181610/tools/bin/../lib/gcc/arm-none-eabi/7.3.1/thumb/v7e-m/fpv4-sp/hard/crtn.o
                0x0000000020020000                _estack = (ORIGIN (RAM) + LENGTH (RAM))
                0x0000000000000200                _Min_Heap_Size = 0x200
                0x0000000000000400                _Min_Stack_Size = 0x400

.isr_vector     0x0000000008000000      0x1c4
                0x0000000008000000                . = ALIGN (0x4)
 *(.isr_vector)
 .isr_vector    0x0000000008000000      0x1c4 Startup/startup_stm32f446retx.o
                0x0000000008000000                g_pfnVectors
                0x00000000080001c4                . = ALIGN (0x4)

.text           0x00000000080001c8     0xbc4c
                0x00000000080001c8                . = ALIGN (0x4)
 *(.text)
 .text          0x00000000080001c8       0x40 c:/st/stm32cubeide_1.0.2/stm32cubeide/plugins/com.st.stm32cube.ide.mcu.externaltools.gnu-tools-for-stm32.7-2018-q2-update.win32_1.0.0.201904181610/tools/bin/../lib/gcc/arm-none-eabi/7.3.1/thumb/v7e-m/fpv4-sp/hard/crtbegin.o
 .text          0x0000000008000208      0x378 c:/st/stm32cubeide_1.0.2/stm32cubeide/plugins/com.st.stm32cube.ide.mcu.externaltools.gnu-tools-for-stm32.7-2018-q2-update.win32_1.0.0.201904181610/tools/bin/../lib/gcc/arm-none-eabi/7.3.1/thumb/v7e-m/fpv4-sp/hard\libgcc.a(_arm_addsubdf3.o)
                0x0000000008000208                __aeabi_drsub
                0x0000000008000210                __aeabi_dsub
                0x0000000008000210                __subdf3
                0x0000000008000214                __aeabi_dadd
                0x0000000008000214                __adddf3
                0x000000000800048c                __floatunsidf
                0x000000000800048c                __aeabi_ui2d
                0x00000000080004ac                __floatsidf
                0x00000000080004ac                __aeabi_i2d
                0x00000000080004d0                __aeabi_f2d
                0x00000000080004d0                __extendsfdf2
                0x0000000008000514                __floatundidf
                0x0000000008000514                __aeabi_ul2d
                0x0000000008000524                __floatdidf
                0x0000000008000524                __aeabi_l2d
 .text          0x0000000008000580       0xa0 c:/st/stm32cubeide_1.0.2/stm32cubeide/plugins/com.st.stm32cube.ide.mcu.externaltools.gnu-tools-for-stm32.7-2018-q2-update.win32_1.0.0.201904181610/tools/bin/../lib/gcc/arm-none-eabi/7.3.1/thumb/v7e-m/fpv4-sp/hard\libgcc.a(_arm_truncdfsf2.o)
                0x0000000008000580                __truncdfsf2
                0x0000000008000580                __aeabi_d2f
 .text          0x0000000008000620       0x30 c:/st/stm32cubeide_1.0.2/stm32cubeide/plugins/com.st.stm32cube.ide.mcu.externaltools.gnu-tools-for-stm32.7-2018-q2-update.win32_1.0.0.201904181610/tools/bin/../lib/gcc/arm-none-eabi/7.3.1/thumb/v7e-m/fpv4-sp/hard\libgcc.a(_aeabi_uldivmod.o)
                0x0000000008000620                __aeabi_uldivmod
 .text          0x0000000008000650      0x2cc c:/st/stm32cubeide_1.0.2/stm32cubeide/plugins/com.st.stm32cube.ide.mcu.externaltools.gnu-tools-for-stm32.7-2018-q2-update.win32_1.0.0.201904181610/tools/bin/../lib/gcc/arm-none-eabi/7.3.1/thumb/v7e-m/fpv4-sp/hard\libgcc.a(_udivmoddi4.o)
                0x0000000008000650                __udivmoddi4
 .text          0x000000000800091c        0x4 c:/st/stm32cubeide_1.0.2/stm32cubeide/plugins/com.st.stm32cube.ide.mcu.externaltools.gnu-tools-for-stm32.7-2018-q2-update.win32_1.0.0.201904181610/tools/bin/../lib/gcc/arm-none-eabi/7.3.1/thumb/v7e-m/fpv4-sp/hard\libgcc.a(_dvmd_tls.o)
                0x000000000800091c                __aeabi_idiv0
                0x000000000800091c                __aeabi_ldiv0
 *(.text*)
 .text.HAL_Init
                0x0000000008000920       0x44 Drivers/STM32F4xx_HAL_Driver/Src/stm32f4xx_hal.o
                0x0000000008000920                HAL_Init
 .text.HAL_InitTick
                0x0000000008000964       0x60 Drivers/STM32F4xx_HAL_Driver/Src/stm32f4xx_hal.o
                0x0000000008000964                HAL_InitTick
 .text.HAL_IncTick
                0x00000000080009c4       0x28 Drivers/STM32F4xx_HAL_Driver/Src/stm32f4xx_hal.o
                0x00000000080009c4                HAL_IncTick
 .text.HAL_GetTick
                0x00000000080009ec       0x18 Drivers/STM32F4xx_HAL_Driver/Src/stm32f4xx_hal.o
                0x00000000080009ec                HAL_GetTick
 .text.HAL_Delay
                0x0000000008000a04       0x44 Drivers/STM32F4xx_HAL_Driver/Src/stm32f4xx_hal.o
                0x0000000008000a04                HAL_Delay
 .text.HAL_CAN_Init
                0x0000000008000a48      0x1f6 Drivers/STM32F4xx_HAL_Driver/Src/stm32f4xx_hal_can.o
                0x0000000008000a48                HAL_CAN_Init
 *fill*         0x0000000008000c3e        0x2 
 .text.HAL_CAN_ConfigFilter
                0x0000000008000c40      0x1c0 Drivers/STM32F4xx_HAL_Driver/Src/stm32f4xx_hal_can.o
                0x0000000008000c40                HAL_CAN_ConfigFilter
 .text.HAL_CAN_Start
                0x0000000008000e00       0x88 Drivers/STM32F4xx_HAL_Driver/Src/stm32f4xx_hal_can.o
                0x0000000008000e00                HAL_CAN_Start
 .text.HAL_CAN_AddTxMessage
                0x0000000008000e88      0x1b6 Drivers/STM32F4xx_HAL_Driver/Src/stm32f4xx_hal_can.o
                0x0000000008000e88                HAL_CAN_AddTxMessage
 .text.HAL_CAN_GetRxMessage
                0x000000000800103e      0x224 Drivers/STM32F4xx_HAL_Driver/Src/stm32f4xx_hal_can.o
                0x000000000800103e                HAL_CAN_GetRxMessage
 .text.HAL_CAN_ActivateNotification
                0x0000000008001262       0x4c Drivers/STM32F4xx_HAL_Driver/Src/stm32f4xx_hal_can.o
                0x0000000008001262                HAL_CAN_ActivateNotification
 .text.HAL_CAN_IRQHandler
                0x00000000080012ae      0x362 Drivers/STM32F4xx_HAL_Driver/Src/stm32f4xx_hal_can.o
                0x00000000080012ae                HAL_CAN_IRQHandler
 .text.HAL_CAN_TxMailbox0CompleteCallback
                0x0000000008001610       0x14 Drivers/STM32F4xx_HAL_Driver/Src/stm32f4xx_hal_can.o
                0x0000000008001610                HAL_CAN_TxMailbox0CompleteCallback
 .text.HAL_CAN_TxMailbox1CompleteCallback
                0x0000000008001624       0x14 Drivers/STM32F4xx_HAL_Driver/Src/stm32f4xx_hal_can.o
                0x0000000008001624                HAL_CAN_TxMailbox1CompleteCallback
 .text.HAL_CAN_TxMailbox2CompleteCallback
                0x0000000008001638       0x14 Drivers/STM32F4xx_HAL_Driver/Src/stm32f4xx_hal_can.o
                0x0000000008001638                HAL_CAN_TxMailbox2CompleteCallback
 .text.HAL_CAN_TxMailbox0AbortCallback
                0x000000000800164c       0x14 Drivers/STM32F4xx_HAL_Driver/Src/stm32f4xx_hal_can.o
                0x000000000800164c                HAL_CAN_TxMailbox0AbortCallback
 .text.HAL_CAN_TxMailbox1AbortCallback
                0x0000000008001660       0x14 Drivers/STM32F4xx_HAL_Driver/Src/stm32f4xx_hal_can.o
                0x0000000008001660                HAL_CAN_TxMailbox1AbortCallback
 .text.HAL_CAN_TxMailbox2AbortCallback
                0x0000000008001674       0x14 Drivers/STM32F4xx_HAL_Driver/Src/stm32f4xx_hal_can.o
                0x0000000008001674                HAL_CAN_TxMailbox2AbortCallback
 .text.HAL_CAN_RxFifo0FullCallback
                0x0000000008001688       0x14 Drivers/STM32F4xx_HAL_Driver/Src/stm32f4xx_hal_can.o
                0x0000000008001688                HAL_CAN_RxFifo0FullCallback
 .text.HAL_CAN_RxFifo1FullCallback
                0x000000000800169c       0x14 Drivers/STM32F4xx_HAL_Driver/Src/stm32f4xx_hal_can.o
                0x000000000800169c                HAL_CAN_RxFifo1FullCallback
 .text.HAL_CAN_SleepCallback
                0x00000000080016b0       0x14 Drivers/STM32F4xx_HAL_Driver/Src/stm32f4xx_hal_can.o
                0x00000000080016b0                HAL_CAN_SleepCallback
 .text.HAL_CAN_WakeUpFromRxMsgCallback
                0x00000000080016c4       0x14 Drivers/STM32F4xx_HAL_Driver/Src/stm32f4xx_hal_can.o
                0x00000000080016c4                HAL_CAN_WakeUpFromRxMsgCallback
 .text.HAL_CAN_ErrorCallback
                0x00000000080016d8       0x14 Drivers/STM32F4xx_HAL_Driver/Src/stm32f4xx_hal_can.o
                0x00000000080016d8                HAL_CAN_ErrorCallback
 .text.__NVIC_SetPriorityGrouping
                0x00000000080016ec       0x48 Drivers/STM32F4xx_HAL_Driver/Src/stm32f4xx_hal_cortex.o
 .text.__NVIC_GetPriorityGrouping
                0x0000000008001734       0x1c Drivers/STM32F4xx_HAL_Driver/Src/stm32f4xx_hal_cortex.o
 .text.__NVIC_EnableIRQ
                0x0000000008001750       0x3c Drivers/STM32F4xx_HAL_Driver/Src/stm32f4xx_hal_cortex.o
 .text.__NVIC_SetPriority
                0x000000000800178c       0x54 Drivers/STM32F4xx_HAL_Driver/Src/stm32f4xx_hal_cortex.o
 .text.NVIC_EncodePriority
                0x00000000080017e0       0x66 Drivers/STM32F4xx_HAL_Driver/Src/stm32f4xx_hal_cortex.o
 *fill*         0x0000000008001846        0x2 
 .text.SysTick_Config
                0x0000000008001848       0x44 Drivers/STM32F4xx_HAL_Driver/Src/stm32f4xx_hal_cortex.o
 .text.HAL_NVIC_SetPriorityGrouping
                0x000000000800188c       0x16 Drivers/STM32F4xx_HAL_Driver/Src/stm32f4xx_hal_cortex.o
                0x000000000800188c                HAL_NVIC_SetPriorityGrouping
 .text.HAL_NVIC_SetPriority
                0x00000000080018a2       0x38 Drivers/STM32F4xx_HAL_Driver/Src/stm32f4xx_hal_cortex.o
                0x00000000080018a2                HAL_NVIC_SetPriority
 .text.HAL_NVIC_EnableIRQ
                0x00000000080018da       0x1c Drivers/STM32F4xx_HAL_Driver/Src/stm32f4xx_hal_cortex.o
                0x00000000080018da                HAL_NVIC_EnableIRQ
 .text.HAL_SYSTICK_Config
                0x00000000080018f6       0x18 Drivers/STM32F4xx_HAL_Driver/Src/stm32f4xx_hal_cortex.o
                0x00000000080018f6                HAL_SYSTICK_Config
 *fill*         0x000000000800190e        0x2 
 .text.HAL_GPIO_Init
                0x0000000008001910      0x324 Drivers/STM32F4xx_HAL_Driver/Src/stm32f4xx_hal_gpio.o
                0x0000000008001910                HAL_GPIO_Init
 .text.HAL_GPIO_ReadPin
                0x0000000008001c34       0x30 Drivers/STM32F4xx_HAL_Driver/Src/stm32f4xx_hal_gpio.o
                0x0000000008001c34                HAL_GPIO_ReadPin
 .text.HAL_GPIO_WritePin
                0x0000000008001c64       0x32 Drivers/STM32F4xx_HAL_Driver/Src/stm32f4xx_hal_gpio.o
                0x0000000008001c64                HAL_GPIO_WritePin
 .text.HAL_GPIO_TogglePin
                0x0000000008001c96       0x36 Drivers/STM32F4xx_HAL_Driver/Src/stm32f4xx_hal_gpio.o
                0x0000000008001c96                HAL_GPIO_TogglePin
 .text.HAL_RCC_ClockConfig
                0x0000000008001ccc      0x1cc Drivers/STM32F4xx_HAL_Driver/Src/stm32f4xx_hal_rcc.o
                0x0000000008001ccc                HAL_RCC_ClockConfig
 .text.HAL_RCCEx_PeriphCLKConfig
                0x0000000008001e98      0x654 Drivers/STM32F4xx_HAL_Driver/Src/stm32f4xx_hal_rcc_ex.o
                0x0000000008001e98                HAL_RCCEx_PeriphCLKConfig
 .text.HAL_RCC_GetSysClockFreq
                0x00000000080024ec      0x2a4 Drivers/STM32F4xx_HAL_Driver/Src/stm32f4xx_hal_rcc_ex.o
                0x00000000080024ec                HAL_RCC_GetSysClockFreq
 .text.HAL_RCC_OscConfig
                0x0000000008002790      0x4b4 Drivers/STM32F4xx_HAL_Driver/Src/stm32f4xx_hal_rcc_ex.o
                0x0000000008002790                HAL_RCC_OscConfig
 .text.HAL_SD_Init
                0x0000000008002c44       0x60 Drivers/STM32F4xx_HAL_Driver/Src/stm32f4xx_hal_sd.o
                0x0000000008002c44                HAL_SD_Init
 .text.HAL_SD_InitCard
                0x0000000008002ca4       0xc0 Drivers/STM32F4xx_HAL_Driver/Src/stm32f4xx_hal_sd.o
                0x0000000008002ca4                HAL_SD_InitCard
 .text.HAL_SD_ReadBlocks
                0x0000000008002d64      0x3f0 Drivers/STM32F4xx_HAL_Driver/Src/stm32f4xx_hal_sd.o
                0x0000000008002d64                HAL_SD_ReadBlocks
 .text.HAL_SD_WriteBlocks
                0x0000000008003154      0x340 Drivers/STM32F4xx_HAL_Driver/Src/stm32f4xx_hal_sd.o
                0x0000000008003154                HAL_SD_WriteBlocks
 .text.HAL_SD_GetCardCSD
                0x0000000008003494      0x348 Drivers/STM32F4xx_HAL_Driver/Src/stm32f4xx_hal_sd.o
                0x0000000008003494                HAL_SD_GetCardCSD
 .text.HAL_SD_GetCardInfo
                0x00000000080037dc       0x58 Drivers/STM32F4xx_HAL_Driver/Src/stm32f4xx_hal_sd.o
                0x00000000080037dc                HAL_SD_GetCardInfo
 .text.HAL_SD_ConfigWideBusOperation
                0x0000000008003834       0xf8 Drivers/STM32F4xx_HAL_Driver/Src/stm32f4xx_hal_sd.o
                0x0000000008003834                HAL_SD_ConfigWideBusOperation
 .text.HAL_SD_GetCardState
                0x000000000800392c       0x40 Drivers/STM32F4xx_HAL_Driver/Src/stm32f4xx_hal_sd.o
                0x000000000800392c                HAL_SD_GetCardState
 .text.SD_InitCard
                0x000000000800396c      0x19a Drivers/STM32F4xx_HAL_Driver/Src/stm32f4xx_hal_sd.o
 *fill*         0x0000000008003b06        0x2 
 .text.SD_PowerON
                0x0000000008003b08      0x11c Drivers/STM32F4xx_HAL_Driver/Src/stm32f4xx_hal_sd.o
 .text.SD_SendStatus
                0x0000000008003c24       0x50 Drivers/STM32F4xx_HAL_Driver/Src/stm32f4xx_hal_sd.o
 .text.SD_WideBus_Enable
                0x0000000008003c74       0x96 Drivers/STM32F4xx_HAL_Driver/Src/stm32f4xx_hal_sd.o
 .text.SD_WideBus_Disable
                0x0000000008003d0a       0x96 Drivers/STM32F4xx_HAL_Driver/Src/stm32f4xx_hal_sd.o
 .text.SD_FindSCR
                0x0000000008003da0      0x194 Drivers/STM32F4xx_HAL_Driver/Src/stm32f4xx_hal_sd.o
 .text.HAL_SPI_Init
                0x0000000008003f34       0xc8 Drivers/STM32F4xx_HAL_Driver/Src/stm32f4xx_hal_spi.o
                0x0000000008003f34                HAL_SPI_Init
 .text.HAL_SPI_Transmit
                0x0000000008003ffc      0x268 Drivers/STM32F4xx_HAL_Driver/Src/stm32f4xx_hal_spi.o
                0x0000000008003ffc                HAL_SPI_Transmit
 .text.HAL_SPI_Receive
                0x0000000008004264      0x212 Drivers/STM32F4xx_HAL_Driver/Src/stm32f4xx_hal_spi.o
                0x0000000008004264                HAL_SPI_Receive
 .text.HAL_SPI_TransmitReceive
                0x0000000008004476      0x344 Drivers/STM32F4xx_HAL_Driver/Src/stm32f4xx_hal_spi.o
                0x0000000008004476                HAL_SPI_TransmitReceive
 .text.SPI_WaitFlagStateUntilTimeout
                0x00000000080047ba       0xd4 Drivers/STM32F4xx_HAL_Driver/Src/stm32f4xx_hal_spi.o
 .text.SPI_EndRxTransaction
                0x000000000800488e       0xca Drivers/STM32F4xx_HAL_Driver/Src/stm32f4xx_hal_spi.o
 .text.SPI_EndRxTxTransaction
                0x0000000008004958       0x84 Drivers/STM32F4xx_HAL_Driver/Src/stm32f4xx_hal_spi.o
 .text.SDIO_Init
                0x00000000080049dc       0x56 Drivers/STM32F4xx_HAL_Driver/Src/stm32f4xx_ll_sdmmc.o
                0x00000000080049dc                SDIO_Init
 .text.SDIO_ReadFIFO
                0x0000000008004a32       0x1a Drivers/STM32F4xx_HAL_Driver/Src/stm32f4xx_ll_sdmmc.o
                0x0000000008004a32                SDIO_ReadFIFO
 .text.SDIO_WriteFIFO
                0x0000000008004a4c       0x22 Drivers/STM32F4xx_HAL_Driver/Src/stm32f4xx_ll_sdmmc.o
                0x0000000008004a4c                SDIO_WriteFIFO
 .text.SDIO_PowerState_ON
                0x0000000008004a6e       0x1e Drivers/STM32F4xx_HAL_Driver/Src/stm32f4xx_ll_sdmmc.o
                0x0000000008004a6e                SDIO_PowerState_ON
 .text.SDIO_GetPowerState
                0x0000000008004a8c       0x1c Drivers/STM32F4xx_HAL_Driver/Src/stm32f4xx_ll_sdmmc.o
                0x0000000008004a8c                SDIO_GetPowerState
 .text.SDIO_SendCommand
                0x0000000008004aa8       0x54 Drivers/STM32F4xx_HAL_Driver/Src/stm32f4xx_ll_sdmmc.o
                0x0000000008004aa8                SDIO_SendCommand
 .text.SDIO_GetCommandResponse
                0x0000000008004afc       0x1a Drivers/STM32F4xx_HAL_Driver/Src/stm32f4xx_ll_sdmmc.o
                0x0000000008004afc                SDIO_GetCommandResponse
 .text.SDIO_GetResponse
                0x0000000008004b16       0x26 Drivers/STM32F4xx_HAL_Driver/Src/stm32f4xx_ll_sdmmc.o
                0x0000000008004b16                SDIO_GetResponse
 .text.SDIO_ConfigData
                0x0000000008004b3c       0x58 Drivers/STM32F4xx_HAL_Driver/Src/stm32f4xx_ll_sdmmc.o
                0x0000000008004b3c                SDIO_ConfigData
 .text.SDMMC_CmdBlockLength
                0x0000000008004b94       0x44 Drivers/STM32F4xx_HAL_Driver/Src/stm32f4xx_ll_sdmmc.o
                0x0000000008004b94                SDMMC_CmdBlockLength
 .text.SDMMC_CmdReadSingleBlock
                0x0000000008004bd8       0x44 Drivers/STM32F4xx_HAL_Driver/Src/stm32f4xx_ll_sdmmc.o
                0x0000000008004bd8                SDMMC_CmdReadSingleBlock
 .text.SDMMC_CmdReadMultiBlock
                0x0000000008004c1c       0x44 Drivers/STM32F4xx_HAL_Driver/Src/stm32f4xx_ll_sdmmc.o
                0x0000000008004c1c                SDMMC_CmdReadMultiBlock
 .text.SDMMC_CmdWriteSingleBlock
                0x0000000008004c60       0x44 Drivers/STM32F4xx_HAL_Driver/Src/stm32f4xx_ll_sdmmc.o
                0x0000000008004c60                SDMMC_CmdWriteSingleBlock
 .text.SDMMC_CmdWriteMultiBlock
                0x0000000008004ca4       0x44 Drivers/STM32F4xx_HAL_Driver/Src/stm32f4xx_ll_sdmmc.o
                0x0000000008004ca4                SDMMC_CmdWriteMultiBlock
 .text.SDMMC_CmdStopTransfer
                0x0000000008004ce8       0x44 Drivers/STM32F4xx_HAL_Driver/Src/stm32f4xx_ll_sdmmc.o
                0x0000000008004ce8                SDMMC_CmdStopTransfer
 .text.SDMMC_CmdSelDesel
                0x0000000008004d2c       0x46 Drivers/STM32F4xx_HAL_Driver/Src/stm32f4xx_ll_sdmmc.o
                0x0000000008004d2c                SDMMC_CmdSelDesel
 .text.SDMMC_CmdGoIdleState
                0x0000000008004d72       0x3c Drivers/STM32F4xx_HAL_Driver/Src/stm32f4xx_ll_sdmmc.o
                0x0000000008004d72                SDMMC_CmdGoIdleState
 .text.SDMMC_CmdOperCond
                0x0000000008004dae       0x3e Drivers/STM32F4xx_HAL_Driver/Src/stm32f4xx_ll_sdmmc.o
                0x0000000008004dae                SDMMC_CmdOperCond
 .text.SDMMC_CmdAppCommand
                0x0000000008004dec       0x44 Drivers/STM32F4xx_HAL_Driver/Src/stm32f4xx_ll_sdmmc.o
                0x0000000008004dec                SDMMC_CmdAppCommand
 .text.SDMMC_CmdAppOperCommand
                0x0000000008004e30       0x46 Drivers/STM32F4xx_HAL_Driver/Src/stm32f4xx_ll_sdmmc.o
                0x0000000008004e30                SDMMC_CmdAppOperCommand
 .text.SDMMC_CmdBusWidth
                0x0000000008004e76       0x44 Drivers/STM32F4xx_HAL_Driver/Src/stm32f4xx_ll_sdmmc.o
                0x0000000008004e76                SDMMC_CmdBusWidth
 .text.SDMMC_CmdSendSCR
                0x0000000008004eba       0x42 Drivers/STM32F4xx_HAL_Driver/Src/stm32f4xx_ll_sdmmc.o
                0x0000000008004eba                SDMMC_CmdSendSCR
 .text.SDMMC_CmdSendCID
                0x0000000008004efc       0x3c Drivers/STM32F4xx_HAL_Driver/Src/stm32f4xx_ll_sdmmc.o
                0x0000000008004efc                SDMMC_CmdSendCID
 .text.SDMMC_CmdSendCSD
                0x0000000008004f38       0x3e Drivers/STM32F4xx_HAL_Driver/Src/stm32f4xx_ll_sdmmc.o
                0x0000000008004f38                SDMMC_CmdSendCSD
 .text.SDMMC_CmdSetRelAdd
                0x0000000008004f76       0x42 Drivers/STM32F4xx_HAL_Driver/Src/stm32f4xx_ll_sdmmc.o
                0x0000000008004f76                SDMMC_CmdSetRelAdd
 .text.SDMMC_CmdSendStatus
                0x0000000008004fb8       0x44 Drivers/STM32F4xx_HAL_Driver/Src/stm32f4xx_ll_sdmmc.o
                0x0000000008004fb8                SDMMC_CmdSendStatus
 .text.SDMMC_GetCmdError
                0x0000000008004ffc       0x50 Drivers/STM32F4xx_HAL_Driver/Src/stm32f4xx_ll_sdmmc.o
 .text.SDMMC_GetCmdResp1
                0x000000000800504c      0x1d8 Drivers/STM32F4xx_HAL_Driver/Src/stm32f4xx_ll_sdmmc.o
 .text.SDMMC_GetCmdResp2
                0x0000000008005224       0x8c Drivers/STM32F4xx_HAL_Driver/Src/stm32f4xx_ll_sdmmc.o
 .text.SDMMC_GetCmdResp3
                0x00000000080052b0       0x74 Drivers/STM32F4xx_HAL_Driver/Src/stm32f4xx_ll_sdmmc.o
 .text.SDMMC_GetCmdResp6
                0x0000000008005324       0xe8 Drivers/STM32F4xx_HAL_Driver/Src/stm32f4xx_ll_sdmmc.o
 .text.SDMMC_GetCmdResp7
                0x000000000800540c       0x98 Drivers/STM32F4xx_HAL_Driver/Src/stm32f4xx_ll_sdmmc.o
 .text.disk_status
                0x00000000080054a4       0x34 Middlewares/Third_Party/FatFs/src/diskio.o
                0x00000000080054a4                disk_status
 .text.disk_initialize
                0x00000000080054d8       0x4c Middlewares/Third_Party/FatFs/src/diskio.o
                0x00000000080054d8                disk_initialize
 .text.disk_read
                0x0000000008005524       0x40 Middlewares/Third_Party/FatFs/src/diskio.o
                0x0000000008005524                disk_read
 .text.disk_write
                0x0000000008005564       0x40 Middlewares/Third_Party/FatFs/src/diskio.o
                0x0000000008005564                disk_write
 .text.disk_ioctl
                0x00000000080055a4       0x3c Middlewares/Third_Party/FatFs/src/diskio.o
                0x00000000080055a4                disk_ioctl
 .text.ld_word  0x00000000080055e0       0x30 Middlewares/Third_Party/FatFs/src/ff.o
 .text.ld_dword
                0x0000000008005610       0x46 Middlewares/Third_Party/FatFs/src/ff.o
 .text.st_word  0x0000000008005656       0x36 Middlewares/Third_Party/FatFs/src/ff.o
 .text.st_dword
                0x000000000800568c       0x58 Middlewares/Third_Party/FatFs/src/ff.o
 .text.mem_cpy  0x00000000080056e4       0x42 Middlewares/Third_Party/FatFs/src/ff.o
 .text.mem_set  0x0000000008005726       0x34 Middlewares/Third_Party/FatFs/src/ff.o
 .text.mem_cmp  0x000000000800575a       0x4e Middlewares/Third_Party/FatFs/src/ff.o
 .text.chk_chr  0x00000000080057a8       0x36 Middlewares/Third_Party/FatFs/src/ff.o
 *fill*         0x00000000080057de        0x2 
 .text.chk_lock
                0x00000000080057e0       0xb8 Middlewares/Third_Party/FatFs/src/ff.o
 .text.enq_lock
                0x0000000008005898       0x44 Middlewares/Third_Party/FatFs/src/ff.o
 .text.inc_lock
                0x00000000080058dc      0x11c Middlewares/Third_Party/FatFs/src/ff.o
 .text.dec_lock
                0x00000000080059f8       0x78 Middlewares/Third_Party/FatFs/src/ff.o
 .text.clear_lock
                0x0000000008005a70       0x48 Middlewares/Third_Party/FatFs/src/ff.o
 .text.sync_window
                0x0000000008005ab8       0x88 Middlewares/Third_Party/FatFs/src/ff.o
 .text.move_window
                0x0000000008005b40       0x5a Middlewares/Third_Party/FatFs/src/ff.o
 *fill*         0x0000000008005b9a        0x2 
 .text.sync_fs  0x0000000008005b9c       0xdc Middlewares/Third_Party/FatFs/src/ff.o
 .text.clust2sect
                0x0000000008005c78       0x3e Middlewares/Third_Party/FatFs/src/ff.o
 .text.get_fat  0x0000000008005cb6      0x14a Middlewares/Third_Party/FatFs/src/ff.o
 .text.put_fat  0x0000000008005e00      0x1ce Middlewares/Third_Party/FatFs/src/ff.o
 .text.remove_chain
                0x0000000008005fce       0xca Middlewares/Third_Party/FatFs/src/ff.o
 .text.create_chain
                0x0000000008006098      0x130 Middlewares/Third_Party/FatFs/src/ff.o
 .text.clmt_clust
                0x00000000080061c8       0x68 Middlewares/Third_Party/FatFs/src/ff.o
 .text.dir_sdi  0x0000000008006230       0xf6 Middlewares/Third_Party/FatFs/src/ff.o
 .text.dir_next
                0x0000000008006326      0x18a Middlewares/Third_Party/FatFs/src/ff.o
 .text.dir_alloc
                0x00000000080064b0       0x8e Middlewares/Third_Party/FatFs/src/ff.o
 .text.ld_clust
                0x000000000800653e       0x3e Middlewares/Third_Party/FatFs/src/ff.o
 .text.st_clust
                0x000000000800657c       0x40 Middlewares/Third_Party/FatFs/src/ff.o
 .text.dir_read
                0x00000000080065bc       0xba Middlewares/Third_Party/FatFs/src/ff.o
 .text.dir_find
                0x0000000008006676       0xaa Middlewares/Third_Party/FatFs/src/ff.o
 .text.dir_register
                0x0000000008006720       0x64 Middlewares/Third_Party/FatFs/src/ff.o
 .text.dir_remove
                0x0000000008006784       0x3c Middlewares/Third_Party/FatFs/src/ff.o
 .text.get_fileinfo
                0x00000000080067c0       0xbe Middlewares/Third_Party/FatFs/src/ff.o
 *fill*         0x000000000800687e        0x2 
 .text.create_name
                0x0000000008006880      0x128 Middlewares/Third_Party/FatFs/src/ff.o
 .text.follow_path
                0x00000000080069a8       0xe2 Middlewares/Third_Party/FatFs/src/ff.o
 .text.get_ldnumber
                0x0000000008006a8a       0x88 Middlewares/Third_Party/FatFs/src/ff.o
 *fill*         0x0000000008006b12        0x2 
 .text.check_fs
                0x0000000008006b14       0xac Middlewares/Third_Party/FatFs/src/ff.o
 .text.find_volume
                0x0000000008006bc0      0x498 Middlewares/Third_Party/FatFs/src/ff.o
 .text.validate
                0x0000000008007058       0x6a Middlewares/Third_Party/FatFs/src/ff.o
 *fill*         0x00000000080070c2        0x2 
 .text.f_mount  0x00000000080070c4       0x8c Middlewares/Third_Party/FatFs/src/ff.o
                0x00000000080070c4                f_mount
 .text.f_open   0x0000000008007150      0x37c Middlewares/Third_Party/FatFs/src/ff.o
                0x0000000008007150                f_open
 .text.f_write  0x00000000080074cc      0x2ea Middlewares/Third_Party/FatFs/src/ff.o
                0x00000000080074cc                f_write
 .text.f_sync   0x00000000080077b6       0xfc Middlewares/Third_Party/FatFs/src/ff.o
                0x00000000080077b6                f_sync
 .text.f_close  0x00000000080078b2       0x54 Middlewares/Third_Party/FatFs/src/ff.o
                0x00000000080078b2                f_close
 .text.f_stat   0x0000000008007906       0x72 Middlewares/Third_Party/FatFs/src/ff.o
                0x0000000008007906                f_stat
 .text.f_unlink
                0x0000000008007978      0x156 Middlewares/Third_Party/FatFs/src/ff.o
                0x0000000008007978                f_unlink
 .text.f_mkdir  0x0000000008007ace      0x20e Middlewares/Third_Party/FatFs/src/ff.o
                0x0000000008007ace                f_mkdir
 .text.putc_bfd
                0x0000000008007cdc       0x7a Middlewares/Third_Party/FatFs/src/ff.o
 .text.putc_flush
                0x0000000008007d56       0x4c Middlewares/Third_Party/FatFs/src/ff.o
 .text.putc_init
                0x0000000008007da2       0x2a Middlewares/Third_Party/FatFs/src/ff.o
 .text.f_printf
                0x0000000008007dcc      0x440 Middlewares/Third_Party/FatFs/src/ff.o
                0x0000000008007dcc                f_printf
 .text.FATFS_LinkDriverEx
                0x000000000800820c       0x98 Middlewares/Third_Party/FatFs/src/ff_gen_drv.o
                0x000000000800820c                FATFS_LinkDriverEx
 .text.FATFS_LinkDriver
                0x00000000080082a4       0x1e Middlewares/Third_Party/FatFs/src/ff_gen_drv.o
                0x00000000080082a4                FATFS_LinkDriver
 *fill*         0x00000000080082c2        0x2 
 .text._Z8DWT_Initv
                0x00000000080082c4       0x4c Src/LTC6811.o
                0x00000000080082c4                DWT_Init()
 .text._Z9DWT_Delaym
                0x0000000008008310       0x54 Src/LTC6811.o
                0x0000000008008310                DWT_Delay(unsigned long)
 .text._ZN7LTC6811C2ER19__SPI_HandleTypeDefR6Status4Mode3DCP6CellCh5AuxCh5STSCh
                0x0000000008008364      0x338 Src/LTC6811.o
                0x0000000008008364                LTC6811::LTC6811(__SPI_HandleTypeDef&, Status&, Mode, DCP, CellCh, AuxCh, STSCh)
                0x0000000008008364                LTC6811::LTC6811(__SPI_HandleTypeDef&, Status&, Mode, DCP, CellCh, AuxCh, STSCh)
 .text._ZN7LTC681113WakeFromSleepEv
                0x000000000800869c       0x48 Src/LTC6811.o
                0x000000000800869c                LTC6811::WakeFromSleep()
 .text._ZN7LTC681112WakeFromIdleEv
                0x00000000080086e4       0x50 Src/LTC6811.o
                0x00000000080086e4                LTC6811::WakeFromIdle()
 .text._ZN7LTC681124ReadVoltageRegisterGroupE5Group
                0x0000000008008734       0x2e Src/LTC6811.o
                0x0000000008008734                LTC6811::ReadVoltageRegisterGroup(Group)
 .text._ZN7LTC681120ReadAuxRegisterGroupE5Group
                0x0000000008008762       0x2e Src/LTC6811.o
                0x0000000008008762                LTC6811::ReadAuxRegisterGroup(Group)
 .text._ZN7LTC681123ReadConfigRegisterGroupEv
                0x0000000008008790       0x1e Src/LTC6811.o
                0x0000000008008790                LTC6811::ReadConfigRegisterGroup()
 .text._ZN7LTC681124WriteConfigRegisterGroupEv
                0x00000000080087ae       0x1e Src/LTC6811.o
                0x00000000080087ae                LTC6811::WriteConfigRegisterGroup()
 .text._ZNSt14__array_traitsIhLj4EE6_S_ptrERA4_Kh
                0x00000000080087cc       0x16 Src/LTC6811.o
                0x00000000080087cc                std::__array_traits<unsigned char, 4u>::_S_ptr(unsigned char const (&) [4])
 .text._ZNKSt5arrayIhLj4EE4dataEv
                0x00000000080087e2       0x1a Src/LTC6811.o
                0x00000000080087e2                std::array<unsigned char, 4u>::data() const
 .text._ZN7LTC681116GetVoltageStatusEv
                0x00000000080087fc      0x12c Src/LTC6811.o
                0x00000000080087fc                LTC6811::GetVoltageStatus()
 .text._ZZN7LTC681120GetTemperatureStatusEvENKUlsE_clEs
                0x0000000008008928       0xdc Src/LTC6811.o
 .text._ZN7LTC681120GetTemperatureStatusEv
                0x0000000008008a04      0x13c Src/LTC6811.o
                0x0000000008008a04                LTC6811::GetTemperatureStatus()
 .text._ZN7LTC681120BuildDischargeConfigERK20LTC6811VoltageStatus
                0x0000000008008b40      0x3b8 Src/LTC6811.o
                0x0000000008008b40                LTC6811::BuildDischargeConfig(LTC6811VoltageStatus const&)
 .text._ZN7LTC681115StartConversionERKSt5arrayIhLj4EE
                0x0000000008008ef8       0x50 Src/LTC6811.o
                0x0000000008008ef8                LTC6811::StartConversion(std::array<unsigned char, 4u> const&)
 .text._ZSt4moveIRSt5arrayIhLj4EEEONSt16remove_referenceIT_E4typeEOS4_
                0x0000000008008f48       0x16 Src/LTC6811.o
                0x0000000008008f48                std::remove_reference<std::array<unsigned char, 4u>&>::type&& std::move<std::array<unsigned char, 4u>&>(std::array<unsigned char, 4u>&)
 .text._ZN20LTC6811RegisterGroupIhEC2EOSt5arrayIhLj4EE
                0x0000000008008f5e       0x26 Src/LTC6811.o
                0x0000000008008f5e                LTC6811RegisterGroup<unsigned char>::LTC6811RegisterGroup(std::array<unsigned char, 4u>&&)
                0x0000000008008f5e                LTC6811RegisterGroup<unsigned char>::LTC6811RegisterGroup(std::array<unsigned char, 4u>&&)
 .text._ZN20LTC6811RegisterGroupItEC2EOSt5arrayIhLj4EE
                0x0000000008008f84       0x26 Src/LTC6811.o
                0x0000000008008f84                LTC6811RegisterGroup<unsigned short>::LTC6811RegisterGroup(std::array<unsigned char, 4u>&&)
                0x0000000008008f84                LTC6811RegisterGroup<unsigned short>::LTC6811RegisterGroup(std::array<unsigned char, 4u>&&)
 .text._ZN20LTC6811RegisterGroupIsEC2EOSt5arrayIhLj4EE
                0x0000000008008faa       0x26 Src/LTC6811.o
                0x0000000008008faa                LTC6811RegisterGroup<short>::LTC6811RegisterGroup(std::array<unsigned char, 4u>&&)
                0x0000000008008faa                LTC6811RegisterGroup<short>::LTC6811RegisterGroup(std::array<unsigned char, 4u>&&)
 .text._ZNSt5arrayIhLj4EEixEj
                0x0000000008008fd0       0x1e Src/LTC6811.o
                0x0000000008008fd0                std::array<unsigned char, 4u>::operator[](unsigned int)
 *fill*         0x0000000008008fee        0x2 
 .text._ZN7LTC68119PEC15CalcIhLj4EEEtRKSt5arrayIT_XT0_EEj
                0x0000000008008ff0       0x6c Src/LTC6811.o
                0x0000000008008ff0                unsigned short LTC6811::PEC15Calc<unsigned char, 4u>(std::array<unsigned char, 4u> const&, unsigned int)
 .text._ZNSt5arrayI15LTC6811RegisterIhELj12EE5beginEv
                0x000000000800905c       0x18 Src/LTC6811.o
                0x000000000800905c                std::array<LTC6811Register<unsigned char>, 12u>::begin()
 .text._ZNKSt5arrayI15LTC6811RegisterIhELj12EE4sizeEv
                0x0000000008009074       0x16 Src/LTC6811.o
                0x0000000008009074                std::array<LTC6811Register<unsigned char>, 12u>::size() const
 .text._ZNSt5arrayI15LTC6811RegisterIhELj12EE4fillERKS1_
                0x000000000800908a       0x2c Src/LTC6811.o
                0x000000000800908a                std::array<LTC6811Register<unsigned char>, 12u>::fill(LTC6811Register<unsigned char> const&)
 .text._ZNSt5arrayI20LTC6811RegisterGroupItELj4EEixEj
                0x00000000080090b6       0x1e Src/LTC6811.o
                0x00000000080090b6                std::array<LTC6811RegisterGroup<unsigned short>, 4u>::operator[](unsigned int)
 .text._ZNSt5arrayI15LTC6811RegisterItELj12EE5beginEv
                0x00000000080090d4       0x18 Src/LTC6811.o
                0x00000000080090d4                std::array<LTC6811Register<unsigned short>, 12u>::begin()
 .text._ZNSt5arrayI15LTC6811RegisterItELj12EE4dataEv
                0x00000000080090ec       0x1a Src/LTC6811.o
                0x00000000080090ec                std::array<LTC6811Register<unsigned short>, 12u>::data()
 .text._ZNSt14__array_traitsI15LTC6811RegisterItELj12EE6_S_ptrERA12_KS1_
                0x0000000008009106       0x16 Src/LTC6811.o
                0x0000000008009106                std::__array_traits<LTC6811Register<unsigned short>, 12u>::_S_ptr(LTC6811Register<unsigned short> const (&) [12])
 .text._ZN7LTC681117ReadRegisterGroupItEEhR20LTC6811RegisterGroupIT_E
                0x000000000800911c       0xd0 Src/LTC6811.o
                0x000000000800911c                unsigned char LTC6811::ReadRegisterGroup<unsigned short>(LTC6811RegisterGroup<unsigned short>&)
 .text._ZNSt5arrayI15LTC6811RegisterIhELj12EE4dataEv
                0x00000000080091ec       0x1a Src/LTC6811.o
                0x00000000080091ec                std::array<LTC6811Register<unsigned char>, 12u>::data()
 .text._ZNSt14__array_traitsI15LTC6811RegisterIhELj12EE6_S_ptrERA12_KS1_
                0x0000000008009206       0x16 Src/LTC6811.o
                0x0000000008009206                std::__array_traits<LTC6811Register<unsigned char>, 12u>::_S_ptr(LTC6811Register<unsigned char> const (&) [12])
 .text._ZN7LTC681117ReadRegisterGroupIhEEhR20LTC6811RegisterGroupIT_E
                0x000000000800921c       0xd0 Src/LTC6811.o
                0x000000000800921c                unsigned char LTC6811::ReadRegisterGroup<unsigned char>(LTC6811RegisterGroup<unsigned char>&)
 .text._ZN7LTC681113WriteRegisterIhEEhR20LTC6811RegisterGroupIT_E
                0x00000000080092ec       0x48 Src/LTC6811.o
                0x00000000080092ec                unsigned char LTC6811::WriteRegister<unsigned char>(LTC6811RegisterGroup<unsigned char>&)
 .text._ZNSt8optionalI20LTC6811VoltageStatusEC2ESt9nullopt_t
                0x0000000008009334       0x1e Src/LTC6811.o
                0x0000000008009334                std::optional<LTC6811VoltageStatus>::optional(std::nullopt_t)
                0x0000000008009334                std::optional<LTC6811VoltageStatus>::optional(std::nullopt_t)
 .text._ZNSt5arrayI20LTC6811RegisterGroupItELj4EE5beginEv
                0x0000000008009352       0x18 Src/LTC6811.o
                0x0000000008009352                std::array<LTC6811RegisterGroup<unsigned short>, 4u>::begin()
 .text._ZNSt5arrayI20LTC6811RegisterGroupItELj4EE3endEv
                0x000000000800936a       0x1c Src/LTC6811.o
                0x000000000800936a                std::array<LTC6811RegisterGroup<unsigned short>, 4u>::end()
 .text._ZNKSt5arrayI15LTC6811RegisterItELj12EE5beginEv
                0x0000000008009386       0x18 Src/LTC6811.o
                0x0000000008009386                std::array<LTC6811Register<unsigned short>, 12u>::begin() const
 .text._ZNKSt5arrayI15LTC6811RegisterItELj12EE3endEv
                0x000000000800939e       0x1a Src/LTC6811.o
                0x000000000800939e                std::array<LTC6811Register<unsigned short>, 12u>::end() const
 .text._ZNKSt5arrayItLj3EE5beginEv
                0x00000000080093b8       0x18 Src/LTC6811.o
                0x00000000080093b8                std::array<unsigned short, 3u>::begin() const
 .text._ZNKSt5arrayItLj3EE3endEv
                0x00000000080093d0       0x1a Src/LTC6811.o
                0x00000000080093d0                std::array<unsigned short, 3u>::end() const
 .text._ZSt7forwardIR20LTC6811VoltageStatusEOT_RNSt16remove_referenceIS2_E4typeE
                0x00000000080093ea       0x16 Src/LTC6811.o
                0x00000000080093ea                LTC6811VoltageStatus& std::forward<LTC6811VoltageStatus&>(std::remove_reference<LTC6811VoltageStatus&>::type&)
 .text._ZNSt8optionalI20LTC6811VoltageStatusEC2IRS0_Lb1EEEOT_
                0x0000000008009400       0x28 Src/LTC6811.o
                0x0000000008009400                std::optional<LTC6811VoltageStatus>::optional<LTC6811VoltageStatus&, true>(LTC6811VoltageStatus&)
                0x0000000008009400                std::optional<LTC6811VoltageStatus>::optional<LTC6811VoltageStatus&, true>(LTC6811VoltageStatus&)
 .text._ZNSt8optionalI17LTC6811TempStatusEC2ESt9nullopt_t
                0x0000000008009428       0x1e Src/LTC6811.o
                0x0000000008009428                std::optional<LTC6811TempStatus>::optional(std::nullopt_t)
                0x0000000008009428                std::optional<LTC6811TempStatus>::optional(std::nullopt_t)
 .text._ZSt7forwardIR17LTC6811TempStatusEOT_RNSt16remove_referenceIS2_E4typeE
                0x0000000008009446       0x16 Src/LTC6811.o
                0x0000000008009446                LTC6811TempStatus& std::forward<LTC6811TempStatus&>(std::remove_reference<LTC6811TempStatus&>::type&)
 .text._ZNSt8optionalI17LTC6811TempStatusEC2IRS0_Lb1EEEOT_
                0x000000000800945c       0x28 Src/LTC6811.o
                0x000000000800945c                std::optional<LTC6811TempStatus>::optional<LTC6811TempStatus&, true>(LTC6811TempStatus&)
                0x000000000800945c                std::optional<LTC6811TempStatus>::optional<LTC6811TempStatus&, true>(LTC6811TempStatus&)
 .text._ZNSt5arrayI15LTC6811RegisterIhELj12EE3endEv
                0x0000000008009484       0x1a Src/LTC6811.o
                0x0000000008009484                std::array<LTC6811Register<unsigned char>, 12u>::end()
 .text._ZNKSt5arrayI15LTC6811RegisterItELj12EEixEj
                0x000000000800949e       0x1e Src/LTC6811.o
                0x000000000800949e                std::array<LTC6811Register<unsigned short>, 12u>::operator[](unsigned int) const
 .text._ZNSt5arrayIhLj6EEixEj
                0x00000000080094bc       0x1e Src/LTC6811.o
                0x00000000080094bc                std::array<unsigned char, 6u>::operator[](unsigned int)
 .text._ZNSt14__array_traitsIhLj6EE6_S_ptrERA6_Kh
                0x00000000080094da       0x16 Src/LTC6811.o
                0x00000000080094da                std::__array_traits<unsigned char, 6u>::_S_ptr(unsigned char const (&) [6])
 .text._ZNKSt5arrayIhLj6EE4dataEv
                0x00000000080094f0       0x1a Src/LTC6811.o
                0x00000000080094f0                std::array<unsigned char, 6u>::data() const
 *fill*         0x000000000800950a        0x2 
 .text._ZN7LTC68119PEC15CalcIhLj6EEEtRKSt5arrayIT_XT0_EEj
                0x000000000800950c       0x6c Src/LTC6811.o
                0x000000000800950c                unsigned short LTC6811::PEC15Calc<unsigned char, 6u>(std::array<unsigned char, 6u> const&, unsigned int)
 .text._ZNSt5arrayI15LTC6811RegisterIhELj12EEixEj
                0x0000000008009578       0x1e Src/LTC6811.o
                0x0000000008009578                std::array<LTC6811Register<unsigned char>, 12u>::operator[](unsigned int)
 .text._ZNSt14__array_traitsIhLj4EE6_S_refERA4_Khj
                0x0000000008009596       0x1c Src/LTC6811.o
                0x0000000008009596                std::__array_traits<unsigned char, 4u>::_S_ref(unsigned char const (&) [4], unsigned int)
 .text._ZSt6fill_nIP15LTC6811RegisterIhEjS1_ET_S3_T0_RKT1_
                0x00000000080095b2       0x28 Src/LTC6811.o
                0x00000000080095b2                LTC6811Register<unsigned char>* std::fill_n<LTC6811Register<unsigned char>*, unsigned int, LTC6811Register<unsigned char> >(LTC6811Register<unsigned char>*, unsigned int, LTC6811Register<unsigned char> const&)
 .text._ZNSt14__array_traitsI20LTC6811RegisterGroupItELj4EE6_S_refERA4_KS1_j
                0x00000000080095da       0x22 Src/LTC6811.o
                0x00000000080095da                std::__array_traits<LTC6811RegisterGroup<unsigned short>, 4u>::_S_ref(LTC6811RegisterGroup<unsigned short> const (&) [4], unsigned int)
 .text._ZNSt5arrayI15LTC6811RegisterItELj12EE3endEv
                0x00000000080095fc       0x1a Src/LTC6811.o
                0x00000000080095fc                std::array<LTC6811Register<unsigned short>, 12u>::end()
 .text._ZNSt14__array_traitsItLj3EE6_S_ptrERA3_Kt
                0x0000000008009616       0x16 Src/LTC6811.o
                0x0000000008009616                std::__array_traits<unsigned short, 3u>::_S_ptr(unsigned short const (&) [3])
 .text._ZNKSt5arrayItLj3EE4dataEv
                0x000000000800962c       0x1a Src/LTC6811.o
                0x000000000800962c                std::array<unsigned short, 3u>::data() const
 *fill*         0x0000000008009646        0x2 
 .text._ZN7LTC68119PEC15CalcItLj3EEEtRKSt5arrayIT_XT0_EEj
                0x0000000008009648       0x6c Src/LTC6811.o
                0x0000000008009648                unsigned short LTC6811::PEC15Calc<unsigned short, 3u>(std::array<unsigned short, 3u> const&, unsigned int)
 .text._ZNSt17_Optional_payloadI20LTC6811VoltageStatusLb1ELb1EEC2Ev
                0x00000000080096b4       0x1c Src/LTC6811.o
                0x00000000080096b4                std::_Optional_payload<LTC6811VoltageStatus, true, true>::_Optional_payload()
                0x00000000080096b4                std::_Optional_payload<LTC6811VoltageStatus, true, true>::_Optional_payload()
 .text._ZNSt14_Optional_baseI20LTC6811VoltageStatusEC2ESt9nullopt_t
                0x00000000080096d0       0x1c Src/LTC6811.o
                0x00000000080096d0                std::_Optional_base<LTC6811VoltageStatus>::_Optional_base(std::nullopt_t)
                0x00000000080096d0                std::_Optional_base<LTC6811VoltageStatus>::_Optional_base(std::nullopt_t)
 .text._ZNSt5arrayI20LTC6811RegisterGroupItELj4EE4dataEv
                0x00000000080096ec       0x1a Src/LTC6811.o
                0x00000000080096ec                std::array<LTC6811RegisterGroup<unsigned short>, 4u>::data()
 .text._ZNKSt5arrayI15LTC6811RegisterItELj12EE4dataEv
                0x0000000008009706       0x1a Src/LTC6811.o
                0x0000000008009706                std::array<LTC6811Register<unsigned short>, 12u>::data() const
 .text._ZNSt17_Optional_payloadI20LTC6811VoltageStatusLb1ELb1EEC2IJRS0_EEESt10in_place_tDpOT_
                0x0000000008009720       0x32 Src/LTC6811.o
                0x0000000008009720                std::_Optional_payload<LTC6811VoltageStatus, true, true>::_Optional_payload<LTC6811VoltageStatus&>(std::in_place_t, LTC6811VoltageStatus&)
                0x0000000008009720                std::_Optional_payload<LTC6811VoltageStatus, true, true>::_Optional_payload<LTC6811VoltageStatus&>(std::in_place_t, LTC6811VoltageStatus&)
 .text._ZNSt14_Optional_baseI20LTC6811VoltageStatusEC2IJRS0_ELb0EEESt10in_place_tDpOT_
                0x0000000008009752       0x2a Src/LTC6811.o
                0x0000000008009752                std::_Optional_base<LTC6811VoltageStatus>::_Optional_base<LTC6811VoltageStatus&, false>(std::in_place_t, LTC6811VoltageStatus&)
                0x0000000008009752                std::_Optional_base<LTC6811VoltageStatus>::_Optional_base<LTC6811VoltageStatus&, false>(std::in_place_t, LTC6811VoltageStatus&)
 .text._ZNSt17_Optional_payloadI17LTC6811TempStatusLb1ELb1EEC2Ev
                0x000000000800977c       0x1c Src/LTC6811.o
                0x000000000800977c                std::_Optional_payload<LTC6811TempStatus, true, true>::_Optional_payload()
                0x000000000800977c                std::_Optional_payload<LTC6811TempStatus, true, true>::_Optional_payload()
 .text._ZNSt14_Optional_baseI17LTC6811TempStatusEC2ESt9nullopt_t
                0x0000000008009798       0x1c Src/LTC6811.o
                0x0000000008009798                std::_Optional_base<LTC6811TempStatus>::_Optional_base(std::nullopt_t)
                0x0000000008009798                std::_Optional_base<LTC6811TempStatus>::_Optional_base(std::nullopt_t)
 .text._ZNSt17_Optional_payloadI17LTC6811TempStatusLb1ELb1EEC2IJRS0_EEESt10in_place_tDpOT_
                0x00000000080097b4       0x30 Src/LTC6811.o
                0x00000000080097b4                std::_Optional_payload<LTC6811TempStatus, true, true>::_Optional_payload<LTC6811TempStatus&>(std::in_place_t, LTC6811TempStatus&)
                0x00000000080097b4                std::_Optional_payload<LTC6811TempStatus, true, true>::_Optional_payload<LTC6811TempStatus&>(std::in_place_t, LTC6811TempStatus&)
 .text._ZNSt14_Optional_baseI17LTC6811TempStatusEC2IJRS0_ELb0EEESt10in_place_tDpOT_
                0x00000000080097e4       0x2a Src/LTC6811.o
                0x00000000080097e4                std::_Optional_base<LTC6811TempStatus>::_Optional_base<LTC6811TempStatus&, false>(std::in_place_t, LTC6811TempStatus&)
                0x00000000080097e4                std::_Optional_base<LTC6811TempStatus>::_Optional_base<LTC6811TempStatus&, false>(std::in_place_t, LTC6811TempStatus&)
 .text._ZNSt14__array_traitsI15LTC6811RegisterItELj12EE6_S_refERA12_KS1_j
                0x000000000800980e       0x1e Src/LTC6811.o
                0x000000000800980e                std::__array_traits<LTC6811Register<unsigned short>, 12u>::_S_ref(LTC6811Register<unsigned short> const (&) [12], unsigned int)
 .text._ZNSt14__array_traitsIhLj6EE6_S_refERA6_Khj
                0x000000000800982c       0x1c Src/LTC6811.o
                0x000000000800982c                std::__array_traits<unsigned char, 6u>::_S_ref(unsigned char const (&) [6], unsigned int)
 .text._ZNSt14__array_traitsI15LTC6811RegisterIhELj12EE6_S_refERA12_KS1_j
                0x0000000008009848       0x1e Src/LTC6811.o
                0x0000000008009848                std::__array_traits<LTC6811Register<unsigned char>, 12u>::_S_ref(LTC6811Register<unsigned char> const (&) [12], unsigned int)
 .text._ZSt12__niter_baseIP15LTC6811RegisterIhEET_S3_
                0x0000000008009866       0x16 Src/LTC6811.o
                0x0000000008009866                LTC6811Register<unsigned char>* std::__niter_base<LTC6811Register<unsigned char>*>(LTC6811Register<unsigned char>*)
 .text._ZSt10__fill_n_aIP15LTC6811RegisterIhEjS1_EN9__gnu_cxx11__enable_ifIXntsrSt11__is_scalarIT1_E7__valueET_E6__typeES8_T0_RKS6_
                0x000000000800987c       0x3e Src/LTC6811.o
                0x000000000800987c                __gnu_cxx::__enable_if<!std::__is_scalar<LTC6811Register<unsigned char> >::__value, LTC6811Register<unsigned char>*>::__type std::__fill_n_a<LTC6811Register<unsigned char>*, unsigned int, LTC6811Register<unsigned char> >(LTC6811Register<unsigned char>*, unsigned int, LTC6811Register<unsigned char> const&)
 .text._ZNSt14__array_traitsI20LTC6811RegisterGroupItELj4EE6_S_ptrERA4_KS1_
                0x00000000080098ba       0x16 Src/LTC6811.o
                0x00000000080098ba                std::__array_traits<LTC6811RegisterGroup<unsigned short>, 4u>::_S_ptr(LTC6811RegisterGroup<unsigned short> const (&) [4])
 .text.BSP_SD_Init
                0x00000000080098d0       0x4c Src/bsp_driver_sd.o
                0x00000000080098d0                BSP_SD_Init
 .text.BSP_SD_ReadBlocks
                0x000000000800991c       0x3c Src/bsp_driver_sd.o
                0x000000000800991c                BSP_SD_ReadBlocks
 .text.BSP_SD_WriteBlocks
                0x0000000008009958       0x3c Src/bsp_driver_sd.o
                0x0000000008009958                BSP_SD_WriteBlocks
 .text.BSP_SD_GetCardState
                0x0000000008009994       0x20 Src/bsp_driver_sd.o
                0x0000000008009994                BSP_SD_GetCardState
 .text.BSP_SD_GetCardInfo
                0x00000000080099b4       0x1c Src/bsp_driver_sd.o
                0x00000000080099b4                BSP_SD_GetCardInfo
 .text.BSP_SD_IsDetected
                0x00000000080099d0       0x24 Src/bsp_driver_sd.o
                0x00000000080099d0                BSP_SD_IsDetected
 .text.MX_FATFS_Init
                0x00000000080099f4       0x24 Src/fatfs.o
                0x00000000080099f4                MX_FATFS_Init
 .text.get_fattime
                0x0000000008009a18       0x10 Src/fatfs.o
                0x0000000008009a18                get_fattime
 .text.BSP_PlatformIsDetected
                0x0000000008009a28       0x2c Src/fatfs_platform.o
                0x0000000008009a28                BSP_PlatformIsDetected
 .text._ZN4NLG5C2Ettt
                0x0000000008009a54       0x3a Src/main.o
                0x0000000008009a54                NLG5::NLG5(unsigned short, unsigned short, unsigned short)
                0x0000000008009a54                NLG5::NLG5(unsigned short, unsigned short, unsigned short)
 .text._ZN6StatusC2EhR4NLG5
                0x0000000008009a8e      0x100 Src/main.o
                0x0000000008009a8e                Status::Status(unsigned char, NLG5&)
                0x0000000008009a8e                Status::Status(unsigned char, NLG5&)
 *fill*         0x0000000008009b8e        0x2 
 .text._ZNK6Status7OpenAIREv
                0x0000000008009b90       0x2c Src/main.o
                0x0000000008009b90                Status::OpenAIR() const
 .text._ZN6Status8ClosePREEv
                0x0000000008009bbc       0x34 Src/main.o
                0x0000000008009bbc                Status::ClosePRE()
 .text._ZN6Status7OpenPREEv
                0x0000000008009bf0       0x34 Src/main.o
                0x0000000008009bf0                Status::OpenPRE()
 .text._ZN6Status18IncreasePecCounterEv
                0x0000000008009c24       0x1e Src/main.o
                0x0000000008009c24                Status::IncreasePecCounter()
 .text._ZN6Status12GetPecChangeEv
                0x0000000008009c42       0x2e Src/main.o
                0x0000000008009c42                Status::GetPecChange()
 .text._ZN6Status15SetFanDutyCycleEh
                0x0000000008009c70       0x22 Src/main.o
                0x0000000008009c70                Status::SetFanDutyCycle(unsigned char)
 *fill*         0x0000000008009c92        0x2 
 .text._ZN6Status13CalcDutyCycleEv
                0x0000000008009c94       0x68 Src/main.o
                0x0000000008009c94                Status::CalcDutyCycle()
 .text._ZNK6Status10GetLimpingEv
                0x0000000008009cfc       0x22 Src/main.o
                0x0000000008009cfc                Status::GetLimping() const
 *fill*         0x0000000008009d1e        0x2 
 .text._ZN6Status10SetCurrentEl
                0x0000000008009d20       0x6c Src/main.o
                0x0000000008009d20                Status::SetCurrent(long)
 .text._ZN6Status14SetAccuVoltageEl
                0x0000000008009d8c       0x3c Src/main.o
                0x0000000008009d8c                Status::SetAccuVoltage(long)
 .text._ZN6Status15SetAccuVoltage2El
                0x0000000008009dc8      0x114 Src/main.o
                0x0000000008009dc8                Status::SetAccuVoltage2(long)
 .text._ZN6Status12CheckIVTLostEv
                0x0000000008009edc       0x2a Src/main.o
                0x0000000008009edc                Status::CheckIVTLost()
 *fill*         0x0000000008009f06        0x2 
 .text._ZN6Status17CheckVoltageMatchEv
                0x0000000008009f08       0x7c Src/main.o
                0x0000000008009f08                Status::CheckVoltageMatch()
 .text._ZN6Status10ErrorCheckENS_10ErrorEventEb
                0x0000000008009f84       0x9e Src/main.o
                0x0000000008009f84                Status::ErrorCheck(Status::ErrorEvent, bool)
 .text._ZN6Status13GoToSafeStateENS_10ErrorEventE
                0x000000000800a022       0x4e Src/main.o
                0x000000000800a022                Status::GoToSafeState(Status::ErrorEvent)
 .text._ZSt27__throw_bad_optional_accessv
                0x000000000800a070        0x8 Src/main.o
                0x000000000800a070                std::__throw_bad_optional_access()
 .text._ZN7LTC681116SetDischargeModeEh
                0x000000000800a078       0x1e Src/main.o
                0x000000000800a078                LTC6811::SetDischargeMode(unsigned char)
 .text._ZNKSt8optionalI20LTC6811VoltageStatusE9has_valueEv
                0x000000000800a096       0x1a Src/main.o
                0x000000000800a096                std::optional<LTC6811VoltageStatus>::has_value() const
 .text._ZNKSt14_Optional_baseI20LTC6811VoltageStatusE13_M_is_engagedEv
                0x000000000800a0b0       0x18 Src/main.o
                0x000000000800a0b0                std::_Optional_base<LTC6811VoltageStatus>::_M_is_engaged() const
 .text._ZNKSt8optionalI17LTC6811TempStatusE9has_valueEv
                0x000000000800a0c8       0x1a Src/main.o
                0x000000000800a0c8                std::optional<LTC6811TempStatus>::has_value() const
 .text._ZNKSt14_Optional_baseI17LTC6811TempStatusE13_M_is_engagedEv
                0x000000000800a0e2       0x18 Src/main.o
                0x000000000800a0e2                std::_Optional_base<LTC6811TempStatus>::_M_is_engaged() const
 .text._ZNKRSt8optionalI20LTC6811VoltageStatusE5valueEv
                0x000000000800a0fa       0x2e Src/main.o
                0x000000000800a0fa                std::optional<LTC6811VoltageStatus>::value() const &
 .text.main     0x000000000800a128      0x2d8 Src/main.o
                0x000000000800a128                main
 .text._Z18SystemClock_Configv
                0x000000000800a400      0x138 Src/main.o
                0x000000000800a400                SystemClock_Config()
 .text._ZL12MX_CAN1_Initv
                0x000000000800a538      0x200 Src/main.o
 .text._ZL12MX_CAN2_Initv
                0x000000000800a738       0x74 Src/main.o
 .text._ZL15MX_SDIO_SD_Initv
                0x000000000800a7ac       0x40 Src/main.o
 .text._ZL12MX_SPI1_Initv
                0x000000000800a7ec       0x78 Src/main.o
 .text._ZL12MX_GPIO_Initv
                0x000000000800a864      0x180 Src/main.o
 .text.HAL_CAN_RxFifo0MsgPendingCallback
                0x000000000800a9e4       0x44 Src/main.o
                0x000000000800a9e4                HAL_CAN_RxFifo0MsgPendingCallback
 .text.HAL_CAN_RxFifo1MsgPendingCallback
                0x000000000800aa28      0x19c Src/main.o
                0x000000000800aa28                HAL_CAN_RxFifo1MsgPendingCallback
 .text.SetCharger
                0x000000000800abc4       0x8c Src/main.o
                0x000000000800abc4                SetCharger
 .text.CANTxVoltage
                0x000000000800ac50       0x28 Src/main.o
                0x000000000800ac50                CANTxVoltage
 .text.CANTxVoltageLimpTotal
                0x000000000800ac78       0xa4 Src/main.o
                0x000000000800ac78                CANTxVoltageLimpTotal
 .text.CANTxTemperature
                0x000000000800ad1c       0x28 Src/main.o
                0x000000000800ad1c                CANTxTemperature
 .text.CANTxUptime
                0x000000000800ad44       0xb4 Src/main.o
                0x000000000800ad44                CANTxUptime
 .text.CanTxOpMode
                0x000000000800adf8       0xa0 Src/main.o
                0x000000000800adf8                CanTxOpMode
 .text.CanTxError
                0x000000000800ae98       0xac Src/main.o
                0x000000000800ae98                CanTxError
 .text.CANTxDCfg
                0x000000000800af44       0x38 Src/main.o
                0x000000000800af44                CANTxDCfg
 .text.CANTxNLGAControl
                0x000000000800af7c       0x9c Src/main.o
                0x000000000800af7c                CANTxNLGAControl
 .text.CANTxNLGBControl
                0x000000000800b018       0x9c Src/main.o
                0x000000000800b018                CANTxNLGBControl
 .text.CANTxVolumeSize
                0x000000000800b0b4       0x70 Src/main.o
                0x000000000800b0b4                CANTxVolumeSize
 .text.canresp_get_volume_size
                0x000000000800b124       0x44 Src/main.o
                0x000000000800b124                canresp_get_volume_size
 .text.canresp_delete_logfile
                0x000000000800b168       0x40 Src/main.o
                0x000000000800b168                canresp_delete_logfile
 .text.Error_Handler
                0x000000000800b1a8        0xe Src/main.o
                0x000000000800b1a8                Error_Handler
 .text._ZNKRSt8optionalI17LTC6811TempStatusE5valueEv
                0x000000000800b1b6       0x2e Src/main.o
                0x000000000800b1b6                std::optional<LTC6811TempStatus>::value() const &
 .text._ZNKSt14_Optional_baseI20LTC6811VoltageStatusE6_M_getEv
                0x000000000800b1e4       0x16 Src/main.o
                0x000000000800b1e4                std::_Optional_base<LTC6811VoltageStatus>::_M_get() const
 .text._ZNKSt14_Optional_baseI17LTC6811TempStatusE6_M_getEv
                0x000000000800b1fa       0x16 Src/main.o
                0x000000000800b1fa                std::_Optional_base<LTC6811TempStatus>::_M_get() const
 .text.SD_CheckStatus
                0x000000000800b210       0x3c Src/sd_diskio.o
 .text.SD_initialize
                0x000000000800b24c       0x3c Src/sd_diskio.o
                0x000000000800b24c                SD_initialize
 .text.SD_status
                0x000000000800b288       0x1c Src/sd_diskio.o
                0x000000000800b288                SD_status
 .text.SD_read  0x000000000800b2a4       0x42 Src/sd_diskio.o
                0x000000000800b2a4                SD_read
 .text.SD_write
                0x000000000800b2e6       0x42 Src/sd_diskio.o
                0x000000000800b2e6                SD_write
 .text.SD_ioctl
                0x000000000800b328       0xb0 Src/sd_diskio.o
                0x000000000800b328                SD_ioctl
 .text.HAL_MspInit
                0x000000000800b3d8       0x50 Src/stm32f4xx_hal_msp.o
                0x000000000800b3d8                HAL_MspInit
 .text.HAL_CAN_MspInit
                0x000000000800b428      0x164 Src/stm32f4xx_hal_msp.o
                0x000000000800b428                HAL_CAN_MspInit
 .text.HAL_SD_MspInit
                0x000000000800b58c       0xd0 Src/stm32f4xx_hal_msp.o
                0x000000000800b58c                HAL_SD_MspInit
 .text.HAL_SPI_MspInit
                0x000000000800b65c       0xd0 Src/stm32f4xx_hal_msp.o
                0x000000000800b65c                HAL_SPI_MspInit
 .text.NMI_Handler
                0x000000000800b72c        0xe Src/stm32f4xx_it.o
                0x000000000800b72c                NMI_Handler
 .text.HardFault_Handler
                0x000000000800b73a        0x6 Src/stm32f4xx_it.o
                0x000000000800b73a                HardFault_Handler
 .text.MemManage_Handler
                0x000000000800b740        0x6 Src/stm32f4xx_it.o
                0x000000000800b740                MemManage_Handler
 .text.BusFault_Handler
                0x000000000800b746        0x6 Src/stm32f4xx_it.o
                0x000000000800b746                BusFault_Handler
 .text.UsageFault_Handler
                0x000000000800b74c        0x6 Src/stm32f4xx_it.o
                0x000000000800b74c                UsageFault_Handler
 .text.SVC_Handler
                0x000000000800b752        0xe Src/stm32f4xx_it.o
                0x000000000800b752                SVC_Handler
 .text.DebugMon_Handler
                0x000000000800b760        0xe Src/stm32f4xx_it.o
                0x000000000800b760                DebugMon_Handler
 .text.PendSV_Handler
                0x000000000800b76e        0xe Src/stm32f4xx_it.o
                0x000000000800b76e                PendSV_Handler
 .text.SysTick_Handler
                0x000000000800b77c        0xc Src/stm32f4xx_it.o
                0x000000000800b77c                SysTick_Handler
 .text.CAN1_RX0_IRQHandler
                0x000000000800b788       0x14 Src/stm32f4xx_it.o
                0x000000000800b788                CAN1_RX0_IRQHandler
 .text.CAN2_RX1_IRQHandler
                0x000000000800b79c       0x14 Src/stm32f4xx_it.o
                0x000000000800b79c                CAN2_RX1_IRQHandler
 .text._getpid  0x000000000800b7b0       0x10 Src/syscalls.o
                0x000000000800b7b0                _getpid
 .text._kill    0x000000000800b7c0       0x20 Src/syscalls.o
                0x000000000800b7c0                _kill
 .text._exit    0x000000000800b7e0       0x14 Src/syscalls.o
                0x000000000800b7e0                _exit
 .text._sbrk    0x000000000800b7f4       0x58 Src/sysmem.o
                0x000000000800b7f4                _sbrk
 .text.SystemInit
                0x000000000800b84c       0x6c Src/system_stm32f4xx.o
                0x000000000800b84c                SystemInit
 .text.Reset_Handler
                0x000000000800b8b8       0x50 Startup/startup_stm32f446retx.o
                0x000000000800b8b8                Reset_Handler
 .text.Default_Handler
                0x000000000800b908        0x2 Startup/startup_stm32f446retx.o
                0x000000000800b908                RTC_Alarm_IRQHandler
                0x000000000800b908                EXTI2_IRQHandler
                0x000000000800b908                TIM8_CC_IRQHandler
                0x000000000800b908                FMPI2C1_EV_IRQHandler
                0x000000000800b908                SPI4_IRQHandler
                0x000000000800b908                TIM1_CC_IRQHandler
                0x000000000800b908                DMA2_Stream5_IRQHandler
                0x000000000800b908                DMA1_Stream5_IRQHandler
                0x000000000800b908                PVD_IRQHandler
                0x000000000800b908                SDIO_IRQHandler
                0x000000000800b908                TAMP_STAMP_IRQHandler
                0x000000000800b908                EXTI3_IRQHandler
                0x000000000800b908                TIM8_TRG_COM_TIM14_IRQHandler
                0x000000000800b908                TIM1_UP_TIM10_IRQHandler
                0x000000000800b908                TIM8_UP_TIM13_IRQHandler
                0x000000000800b908                I2C3_ER_IRQHandler
                0x000000000800b908                EXTI0_IRQHandler
                0x000000000800b908                I2C2_EV_IRQHandler
                0x000000000800b908                DMA1_Stream2_IRQHandler
                0x000000000800b908                FPU_IRQHandler
                0x000000000800b908                OTG_HS_WKUP_IRQHandler
                0x000000000800b908                CAN2_SCE_IRQHandler
                0x000000000800b908                DMA2_Stream2_IRQHandler
                0x000000000800b908                SPI1_IRQHandler
                0x000000000800b908                TIM6_DAC_IRQHandler
                0x000000000800b908                TIM1_BRK_TIM9_IRQHandler
                0x000000000800b908                DCMI_IRQHandler
                0x000000000800b908                CAN2_RX0_IRQHandler
                0x000000000800b908                DMA2_Stream3_IRQHandler
                0x000000000800b908                SAI2_IRQHandler
                0x000000000800b908                USART6_IRQHandler
                0x000000000800b908                USART3_IRQHandler
                0x000000000800b908                CAN1_RX1_IRQHandler
                0x000000000800b908                UART5_IRQHandler
                0x000000000800b908                DMA2_Stream0_IRQHandler
                0x000000000800b908                TIM4_IRQHandler
                0x000000000800b908                QUADSPI_IRQHandler
                0x000000000800b908                I2C1_EV_IRQHandler
                0x000000000800b908                DMA1_Stream6_IRQHandler
                0x000000000800b908                DMA1_Stream1_IRQHandler
                0x000000000800b908                UART4_IRQHandler
                0x000000000800b908                TIM3_IRQHandler
                0x000000000800b908                RCC_IRQHandler
                0x000000000800b908                TIM8_BRK_TIM12_IRQHandler
                0x000000000800b908                Default_Handler
                0x000000000800b908                CEC_IRQHandler
                0x000000000800b908                EXTI15_10_IRQHandler
                0x000000000800b908                ADC_IRQHandler
                0x000000000800b908                DMA1_Stream7_IRQHandler
                0x000000000800b908                TIM7_IRQHandler
                0x000000000800b908                CAN2_TX_IRQHandler
                0x000000000800b908                TIM5_IRQHandler
                0x000000000800b908                DMA2_Stream7_IRQHandler
                0x000000000800b908                I2C3_EV_IRQHandler
                0x000000000800b908                EXTI9_5_IRQHandler
                0x000000000800b908                RTC_WKUP_IRQHandler
                0x000000000800b908                SPDIF_RX_IRQHandler
                0x000000000800b908                SPI2_IRQHandler
                0x000000000800b908                OTG_HS_EP1_IN_IRQHandler
                0x000000000800b908                DMA1_Stream0_IRQHandler
                0x000000000800b908                CAN1_TX_IRQHandler
                0x000000000800b908                FMPI2C1_ER_IRQHandler
                0x000000000800b908                EXTI4_IRQHandler
                0x000000000800b908                OTG_HS_EP1_OUT_IRQHandler
                0x000000000800b908                WWDG_IRQHandler
                0x000000000800b908                TIM2_IRQHandler
                0x000000000800b908                OTG_FS_WKUP_IRQHandler
                0x000000000800b908                TIM1_TRG_COM_TIM11_IRQHandler
                0x000000000800b908                OTG_HS_IRQHandler
                0x000000000800b908                EXTI1_IRQHandler
                0x000000000800b908                USART2_IRQHandler
                0x000000000800b908                I2C2_ER_IRQHandler
                0x000000000800b908                DMA2_Stream1_IRQHandler
                0x000000000800b908                CAN1_SCE_IRQHandler
                0x000000000800b908                FLASH_IRQHandler
                0x000000000800b908                DMA2_Stream4_IRQHandler
                0x000000000800b908                USART1_IRQHandler
                0x000000000800b908                OTG_FS_IRQHandler
                0x000000000800b908                SPI3_IRQHandler
                0x000000000800b908                DMA1_Stream4_IRQHandler
                0x000000000800b908                I2C1_ER_IRQHandler
                0x000000000800b908                FMC_IRQHandler
                0x000000000800b908                DMA2_Stream6_IRQHandler
                0x000000000800b908                SAI1_IRQHandler
                0x000000000800b908                DMA1_Stream3_IRQHandler
 .text._Znwj    0x000000000800b90a       0x22 c:/st/stm32cubeide_1.0.2/stm32cubeide/plugins/com.st.stm32cube.ide.mcu.externaltools.gnu-tools-for-stm32.7-2018-q2-update.win32_1.0.0.201904181610/tools/bin/../lib/gcc/arm-none-eabi/7.3.1/../../../../arm-none-eabi/lib/thumb/v7e-m/fpv4-sp/hard\libstdc++_nano.a(new_op.o)
                0x000000000800b90a                operator new(unsigned int)
 .text._ZSt15get_new_handlerv
                0x000000000800b92c       0x10 c:/st/stm32cubeide_1.0.2/stm32cubeide/plugins/com.st.stm32cube.ide.mcu.externaltools.gnu-tools-for-stm32.7-2018-q2-update.win32_1.0.0.201904181610/tools/bin/../lib/gcc/arm-none-eabi/7.3.1/../../../../arm-none-eabi/lib/thumb/v7e-m/fpv4-sp/hard\libstdc++_nano.a(new_handler.o)
                0x000000000800b92c                std::get_new_handler()
 .text.logf     0x000000000800b93c       0xec c:/st/stm32cubeide_1.0.2/stm32cubeide/plugins/com.st.stm32cube.ide.mcu.externaltools.gnu-tools-for-stm32.7-2018-q2-update.win32_1.0.0.201904181610/tools/bin/../lib/gcc/arm-none-eabi/7.3.1/../../../../arm-none-eabi/lib/thumb/v7e-m/fpv4-sp/hard\libm.a(lib_a-wf_log.o)
                0x000000000800b93c                logf
 .text.__ieee754_logf
                0x000000000800ba28      0x1dc c:/st/stm32cubeide_1.0.2/stm32cubeide/plugins/com.st.stm32cube.ide.mcu.externaltools.gnu-tools-for-stm32.7-2018-q2-update.win32_1.0.0.201904181610/tools/bin/../lib/gcc/arm-none-eabi/7.3.1/../../../../arm-none-eabi/lib/thumb/v7e-m/fpv4-sp/hard\libm.a(lib_a-ef_log.o)
                0x000000000800ba28                __ieee754_logf
 .text.matherr  0x000000000800bc04        0x4 c:/st/stm32cubeide_1.0.2/stm32cubeide/plugins/com.st.stm32cube.ide.mcu.externaltools.gnu-tools-for-stm32.7-2018-q2-update.win32_1.0.0.201904181610/tools/bin/../lib/gcc/arm-none-eabi/7.3.1/../../../../arm-none-eabi/lib/thumb/v7e-m/fpv4-sp/hard\libm.a(lib_a-s_matherr.o)
                0x000000000800bc04                matherr
 .text.nan      0x000000000800bc08       0x10 c:/st/stm32cubeide_1.0.2/stm32cubeide/plugins/com.st.stm32cube.ide.mcu.externaltools.gnu-tools-for-stm32.7-2018-q2-update.win32_1.0.0.201904181610/tools/bin/../lib/gcc/arm-none-eabi/7.3.1/../../../../arm-none-eabi/lib/thumb/v7e-m/fpv4-sp/hard\libm.a(lib_a-s_nan.o)
                0x000000000800bc08                nan
 .text.abort    0x000000000800bc18        0xe c:/st/stm32cubeide_1.0.2/stm32cubeide/plugins/com.st.stm32cube.ide.mcu.externaltools.gnu-tools-for-stm32.7-2018-q2-update.win32_1.0.0.201904181610/tools/bin/../lib/gcc/arm-none-eabi/7.3.1/../../../../arm-none-eabi/lib/thumb/v7e-m/fpv4-sp/hard\libc_nano.a(lib_a-abort.o)
                0x000000000800bc18                abort
 *fill*         0x000000000800bc26        0x2 
 .text.__errno  0x000000000800bc28        0xc c:/st/stm32cubeide_1.0.2/stm32cubeide/plugins/com.st.stm32cube.ide.mcu.externaltools.gnu-tools-for-stm32.7-2018-q2-update.win32_1.0.0.201904181610/tools/bin/../lib/gcc/arm-none-eabi/7.3.1/../../../../arm-none-eabi/lib/thumb/v7e-m/fpv4-sp/hard\libc_nano.a(lib_a-errno.o)
                0x000000000800bc28                __errno
 .text.__libc_init_array
                0x000000000800bc34       0x48 c:/st/stm32cubeide_1.0.2/stm32cubeide/plugins/com.st.stm32cube.ide.mcu.externaltools.gnu-tools-for-stm32.7-2018-q2-update.win32_1.0.0.201904181610/tools/bin/../lib/gcc/arm-none-eabi/7.3.1/../../../../arm-none-eabi/lib/thumb/v7e-m/fpv4-sp/hard\libc_nano.a(lib_a-init.o)
                0x000000000800bc34                __libc_init_array
 .text.malloc   0x000000000800bc7c       0x10 c:/st/stm32cubeide_1.0.2/stm32cubeide/plugins/com.st.stm32cube.ide.mcu.externaltools.gnu-tools-for-stm32.7-2018-q2-update.win32_1.0.0.201904181610/tools/bin/../lib/gcc/arm-none-eabi/7.3.1/../../../../arm-none-eabi/lib/thumb/v7e-m/fpv4-sp/hard\libc_nano.a(lib_a-malloc.o)
                0x000000000800bc7c                malloc
 .text.memset   0x000000000800bc8c       0x10 c:/st/stm32cubeide_1.0.2/stm32cubeide/plugins/com.st.stm32cube.ide.mcu.externaltools.gnu-tools-for-stm32.7-2018-q2-update.win32_1.0.0.201904181610/tools/bin/../lib/gcc/arm-none-eabi/7.3.1/../../../../arm-none-eabi/lib/thumb/v7e-m/fpv4-sp/hard\libc_nano.a(lib_a-memset.o)
                0x000000000800bc8c                memset
 .text._malloc_r
                0x000000000800bc9c       0xb4 c:/st/stm32cubeide_1.0.2/stm32cubeide/plugins/com.st.stm32cube.ide.mcu.externaltools.gnu-tools-for-stm32.7-2018-q2-update.win32_1.0.0.201904181610/tools/bin/../lib/gcc/arm-none-eabi/7.3.1/../../../../arm-none-eabi/lib/thumb/v7e-m/fpv4-sp/hard\libc_nano.a(lib_a-nano-mallocr.o)
                0x000000000800bc9c                _malloc_r
 .text._sbrk_r  0x000000000800bd50       0x20 c:/st/stm32cubeide_1.0.2/stm32cubeide/plugins/com.st.stm32cube.ide.mcu.externaltools.gnu-tools-for-stm32.7-2018-q2-update.win32_1.0.0.201904181610/tools/bin/../lib/gcc/arm-none-eabi/7.3.1/../../../../arm-none-eabi/lib/thumb/v7e-m/fpv4-sp/hard\libc_nano.a(lib_a-sbrkr.o)
                0x000000000800bd50                _sbrk_r
 .text._raise_r
                0x000000000800bd70       0x50 c:/st/stm32cubeide_1.0.2/stm32cubeide/plugins/com.st.stm32cube.ide.mcu.externaltools.gnu-tools-for-stm32.7-2018-q2-update.win32_1.0.0.201904181610/tools/bin/../lib/gcc/arm-none-eabi/7.3.1/../../../../arm-none-eabi/lib/thumb/v7e-m/fpv4-sp/hard\libc_nano.a(lib_a-signal.o)
                0x000000000800bd70                _raise_r
 .text.raise    0x000000000800bdc0       0x10 c:/st/stm32cubeide_1.0.2/stm32cubeide/plugins/com.st.stm32cube.ide.mcu.externaltools.gnu-tools-for-stm32.7-2018-q2-update.win32_1.0.0.201904181610/tools/bin/../lib/gcc/arm-none-eabi/7.3.1/../../../../arm-none-eabi/lib/thumb/v7e-m/fpv4-sp/hard\libc_nano.a(lib_a-signal.o)
                0x000000000800bdc0                raise
 .text._kill_r  0x000000000800bdd0       0x24 c:/st/stm32cubeide_1.0.2/stm32cubeide/plugins/com.st.stm32cube.ide.mcu.externaltools.gnu-tools-for-stm32.7-2018-q2-update.win32_1.0.0.201904181610/tools/bin/../lib/gcc/arm-none-eabi/7.3.1/../../../../arm-none-eabi/lib/thumb/v7e-m/fpv4-sp/hard\libc_nano.a(lib_a-signalr.o)
                0x000000000800bdd0                _kill_r
 .text._getpid_r
                0x000000000800bdf4        0x4 c:/st/stm32cubeide_1.0.2/stm32cubeide/plugins/com.st.stm32cube.ide.mcu.externaltools.gnu-tools-for-stm32.7-2018-q2-update.win32_1.0.0.201904181610/tools/bin/../lib/gcc/arm-none-eabi/7.3.1/../../../../arm-none-eabi/lib/thumb/v7e-m/fpv4-sp/hard\libc_nano.a(lib_a-signalr.o)
                0x000000000800bdf4                _getpid_r
 .text.__malloc_lock
                0x000000000800bdf8        0x2 c:/st/stm32cubeide_1.0.2/stm32cubeide/plugins/com.st.stm32cube.ide.mcu.externaltools.gnu-tools-for-stm32.7-2018-q2-update.win32_1.0.0.201904181610/tools/bin/../lib/gcc/arm-none-eabi/7.3.1/../../../../arm-none-eabi/lib/thumb/v7e-m/fpv4-sp/hard\libc_nano.a(lib_a-mlock.o)
                0x000000000800bdf8                __malloc_lock
 .text.__malloc_unlock
                0x000000000800bdfa        0x2 c:/st/stm32cubeide_1.0.2/stm32cubeide/plugins/com.st.stm32cube.ide.mcu.externaltools.gnu-tools-for-stm32.7-2018-q2-update.win32_1.0.0.201904181610/tools/bin/../lib/gcc/arm-none-eabi/7.3.1/../../../../arm-none-eabi/lib/thumb/v7e-m/fpv4-sp/hard\libc_nano.a(lib_a-mlock.o)
                0x000000000800bdfa                __malloc_unlock
 *(.glue_7)
 .glue_7        0x000000000800bdfc        0x0 linker stubs
 *(.glue_7t)
 .glue_7t       0x000000000800bdfc        0x0 linker stubs
 *(.eh_frame)
 .eh_frame      0x000000000800bdfc        0x0 c:/st/stm32cubeide_1.0.2/stm32cubeide/plugins/com.st.stm32cube.ide.mcu.externaltools.gnu-tools-for-stm32.7-2018-q2-update.win32_1.0.0.201904181610/tools/bin/../lib/gcc/arm-none-eabi/7.3.1/thumb/v7e-m/fpv4-sp/hard/crtbegin.o
 *(.init)
 .init          0x000000000800bdfc        0x4 c:/st/stm32cubeide_1.0.2/stm32cubeide/plugins/com.st.stm32cube.ide.mcu.externaltools.gnu-tools-for-stm32.7-2018-q2-update.win32_1.0.0.201904181610/tools/bin/../lib/gcc/arm-none-eabi/7.3.1/thumb/v7e-m/fpv4-sp/hard/crti.o
                0x000000000800bdfc                _init
 .init          0x000000000800be00        0x8 c:/st/stm32cubeide_1.0.2/stm32cubeide/plugins/com.st.stm32cube.ide.mcu.externaltools.gnu-tools-for-stm32.7-2018-q2-update.win32_1.0.0.201904181610/tools/bin/../lib/gcc/arm-none-eabi/7.3.1/thumb/v7e-m/fpv4-sp/hard/crtn.o
 *(.fini)
 .fini          0x000000000800be08        0x4 c:/st/stm32cubeide_1.0.2/stm32cubeide/plugins/com.st.stm32cube.ide.mcu.externaltools.gnu-tools-for-stm32.7-2018-q2-update.win32_1.0.0.201904181610/tools/bin/../lib/gcc/arm-none-eabi/7.3.1/thumb/v7e-m/fpv4-sp/hard/crti.o
                0x000000000800be08                _fini
 .fini          0x000000000800be0c        0x8 c:/st/stm32cubeide_1.0.2/stm32cubeide/plugins/com.st.stm32cube.ide.mcu.externaltools.gnu-tools-for-stm32.7-2018-q2-update.win32_1.0.0.201904181610/tools/bin/../lib/gcc/arm-none-eabi/7.3.1/thumb/v7e-m/fpv4-sp/hard/crtn.o
                0x000000000800be14                . = ALIGN (0x4)
                0x000000000800be14                _etext = .

.vfp11_veneer   0x000000000800be14        0x0
 .vfp11_veneer  0x000000000800be14        0x0 linker stubs

.v4_bx          0x000000000800be14        0x0
 .v4_bx         0x000000000800be14        0x0 linker stubs

.iplt           0x000000000800be14        0x0
 .iplt          0x000000000800be14        0x0 c:/st/stm32cubeide_1.0.2/stm32cubeide/plugins/com.st.stm32cube.ide.mcu.externaltools.gnu-tools-for-stm32.7-2018-q2-update.win32_1.0.0.201904181610/tools/bin/../lib/gcc/arm-none-eabi/7.3.1/thumb/v7e-m/fpv4-sp/hard/crtbegin.o

.rodata         0x000000000800be14      0x38c
                0x000000000800be14                . = ALIGN (0x4)
 *(.rodata)
 .rodata        0x000000000800be14       0x44 Middlewares/Third_Party/FatFs/src/ff.o
 .rodata        0x000000000800be58       0x38 Src/LTC6811.o
 .rodata        0x000000000800be90       0x64 Src/main.o
 *(.rodata*)
 .rodata.ExCvt  0x000000000800bef4       0x80 Middlewares/Third_Party/FatFs/src/ff.o
 .rodata._ZN7LTC681110crc15TableE
                0x000000000800bf74      0x200 Src/LTC6811.o
                0x000000000800bf74                LTC6811::crc15Table
 .rodata.SD_Driver
                0x000000000800c174       0x14 Src/sd_diskio.o
                0x000000000800c174                SD_Driver
 .rodata.AHBPrescTable
                0x000000000800c188       0x10 Src/system_stm32f4xx.o
                0x000000000800c188                AHBPrescTable
 .rodata.logf.str1.1
                0x000000000800c198        0x5 c:/st/stm32cubeide_1.0.2/stm32cubeide/plugins/com.st.stm32cube.ide.mcu.externaltools.gnu-tools-for-stm32.7-2018-q2-update.win32_1.0.0.201904181610/tools/bin/../lib/gcc/arm-none-eabi/7.3.1/../../../../arm-none-eabi/lib/thumb/v7e-m/fpv4-sp/hard\libm.a(lib_a-wf_log.o)
                                          0x6 (size before relaxing)
                0x000000000800c1a0                . = ALIGN (0x4)
 *fill*         0x000000000800c19d        0x3 

.ARM.extab      0x000000000800c1a0        0x0
                0x000000000800c1a0                . = ALIGN (0x4)
 *(.ARM.extab* .gnu.linkonce.armextab.*)
                0x000000000800c1a0                . = ALIGN (0x4)

.ARM            0x000000000800c1a0        0x8
                0x000000000800c1a0                . = ALIGN (0x4)
                0x000000000800c1a0                __exidx_start = .
 *(.ARM.exidx*)
 .ARM.exidx     0x000000000800c1a0        0x8 c:/st/stm32cubeide_1.0.2/stm32cubeide/plugins/com.st.stm32cube.ide.mcu.externaltools.gnu-tools-for-stm32.7-2018-q2-update.win32_1.0.0.201904181610/tools/bin/../lib/gcc/arm-none-eabi/7.3.1/thumb/v7e-m/fpv4-sp/hard\libgcc.a(_udivmoddi4.o)
                0x000000000800c1a8                __exidx_end = .
                0x000000000800c1a8                . = ALIGN (0x4)

.rel.dyn        0x000000000800c1a8        0x0
 .rel.iplt      0x000000000800c1a8        0x0 c:/st/stm32cubeide_1.0.2/stm32cubeide/plugins/com.st.stm32cube.ide.mcu.externaltools.gnu-tools-for-stm32.7-2018-q2-update.win32_1.0.0.201904181610/tools/bin/../lib/gcc/arm-none-eabi/7.3.1/thumb/v7e-m/fpv4-sp/hard/crtbegin.o

.preinit_array  0x000000000800c1a8        0x0
                0x000000000800c1a8                . = ALIGN (0x4)
                0x000000000800c1a8                PROVIDE (__preinit_array_start = .)
 *(.preinit_array*)
                0x000000000800c1a8                PROVIDE (__preinit_array_end = .)
                0x000000000800c1a8                . = ALIGN (0x4)

.init_array     0x000000000800c1a8        0x4
                0x000000000800c1a8                . = ALIGN (0x4)
                0x000000000800c1a8                PROVIDE (__init_array_start = .)
 *(SORT_BY_NAME(.init_array.*))
 *(.init_array*)
 .init_array    0x000000000800c1a8        0x4 c:/st/stm32cubeide_1.0.2/stm32cubeide/plugins/com.st.stm32cube.ide.mcu.externaltools.gnu-tools-for-stm32.7-2018-q2-update.win32_1.0.0.201904181610/tools/bin/../lib/gcc/arm-none-eabi/7.3.1/thumb/v7e-m/fpv4-sp/hard/crtbegin.o
                0x000000000800c1ac                PROVIDE (__init_array_end = .)
                0x000000000800c1ac                . = ALIGN (0x4)

.fini_array     0x000000000800c1ac        0x4
                0x000000000800c1ac                . = ALIGN (0x4)
                [!provide]                        PROVIDE (__fini_array_start = .)
 *(SORT_BY_NAME(.fini_array.*))
 *(.fini_array*)
 .fini_array    0x000000000800c1ac        0x4 c:/st/stm32cubeide_1.0.2/stm32cubeide/plugins/com.st.stm32cube.ide.mcu.externaltools.gnu-tools-for-stm32.7-2018-q2-update.win32_1.0.0.201904181610/tools/bin/../lib/gcc/arm-none-eabi/7.3.1/thumb/v7e-m/fpv4-sp/hard/crtbegin.o
                [!provide]                        PROVIDE (__fini_array_end = .)
                0x000000000800c1b0                . = ALIGN (0x4)
                0x000000000800c1b0                _sidata = LOADADDR (.data)

.data           0x0000000020000000       0x74 load address 0x000000000800c1b0
                0x0000000020000000                . = ALIGN (0x4)
                0x0000000020000000                _sdata = .
 *(.data)
 *(.data*)
 .data.uwTickPrio
                0x0000000020000000        0x4 Drivers/STM32F4xx_HAL_Driver/Src/stm32f4xx_hal.o
                0x0000000020000000                uwTickPrio
 .data.uwTickFreq
                0x0000000020000004        0x1 Drivers/STM32F4xx_HAL_Driver/Src/stm32f4xx_hal.o
                0x0000000020000004                uwTickFreq
 .data.Stat     0x0000000020000005        0x1 Src/sd_diskio.o
 *fill*         0x0000000020000006        0x2 
 .data.SystemCoreClock
                0x0000000020000008        0x4 Src/system_stm32f4xx.o
                0x0000000020000008                SystemCoreClock
 .data.__fdlib_version
                0x000000002000000c        0x1 c:/st/stm32cubeide_1.0.2/stm32cubeide/plugins/com.st.stm32cube.ide.mcu.externaltools.gnu-tools-for-stm32.7-2018-q2-update.win32_1.0.0.201904181610/tools/bin/../lib/gcc/arm-none-eabi/7.3.1/../../../../arm-none-eabi/lib/thumb/v7e-m/fpv4-sp/hard\libm.a(lib_a-s_lib_ver.o)
                0x000000002000000c                __fdlib_version
 *fill*         0x000000002000000d        0x3 
 .data._impure_ptr
                0x0000000020000010        0x4 c:/st/stm32cubeide_1.0.2/stm32cubeide/plugins/com.st.stm32cube.ide.mcu.externaltools.gnu-tools-for-stm32.7-2018-q2-update.win32_1.0.0.201904181610/tools/bin/../lib/gcc/arm-none-eabi/7.3.1/../../../../arm-none-eabi/lib/thumb/v7e-m/fpv4-sp/hard\libc_nano.a(lib_a-impure.o)
                0x0000000020000010                _impure_ptr
 .data.impure_data
                0x0000000020000014       0x60 c:/st/stm32cubeide_1.0.2/stm32cubeide/plugins/com.st.stm32cube.ide.mcu.externaltools.gnu-tools-for-stm32.7-2018-q2-update.win32_1.0.0.201904181610/tools/bin/../lib/gcc/arm-none-eabi/7.3.1/../../../../arm-none-eabi/lib/thumb/v7e-m/fpv4-sp/hard\libc_nano.a(lib_a-impure.o)
                0x0000000020000074                . = ALIGN (0x4)
                0x0000000020000074                _edata = .

.igot.plt       0x0000000020000074        0x0 load address 0x000000000800c224
 .igot.plt      0x0000000020000074        0x0 c:/st/stm32cubeide_1.0.2/stm32cubeide/plugins/com.st.stm32cube.ide.mcu.externaltools.gnu-tools-for-stm32.7-2018-q2-update.win32_1.0.0.201904181610/tools/bin/../lib/gcc/arm-none-eabi/7.3.1/thumb/v7e-m/fpv4-sp/hard/crtbegin.o
                0x0000000020000074                . = ALIGN (0x4)

.bss            0x0000000020000074      0x628 load address 0x000000000800c224
                0x0000000020000074                _sbss = .
                0x0000000020000074                __bss_start__ = _sbss
 *(.bss)
 .bss           0x0000000020000074       0x1c c:/st/stm32cubeide_1.0.2/stm32cubeide/plugins/com.st.stm32cube.ide.mcu.externaltools.gnu-tools-for-stm32.7-2018-q2-update.win32_1.0.0.201904181610/tools/bin/../lib/gcc/arm-none-eabi/7.3.1/thumb/v7e-m/fpv4-sp/hard/crtbegin.o
 *(.bss*)
 .bss.FatFs     0x0000000020000090        0x4 Middlewares/Third_Party/FatFs/src/ff.o
 .bss.Fsid      0x0000000020000094        0x2 Middlewares/Third_Party/FatFs/src/ff.o
 *fill*         0x0000000020000096        0x2 
 .bss.Files     0x0000000020000098       0x20 Middlewares/Third_Party/FatFs/src/ff.o
 .bss.disk      0x00000000200000b8        0xc Middlewares/Third_Party/FatFs/src/ff_gen_drv.o
                0x00000000200000b8                disk
 .bss.hcan1     0x00000000200000c4       0x28 Src/main.o
                0x00000000200000c4                hcan1
 .bss.hcan2     0x00000000200000ec       0x28 Src/main.o
                0x00000000200000ec                hcan2
 .bss.hsd       0x0000000020000114       0x84 Src/main.o
                0x0000000020000114                hsd
 .bss.hspi1     0x0000000020000198       0x58 Src/main.o
                0x0000000020000198                hspi1
 .bss.TxHeader  0x00000000200001f0       0x18 Src/main.o
                0x00000000200001f0                TxHeader
 .bss.nlg5      0x0000000020000208        0x4 Src/main.o
                0x0000000020000208                nlg5
 .bss.status    0x000000002000020c        0x4 Src/main.o
                0x000000002000020c                status
 .bss.ltc6811   0x0000000020000210        0x4 Src/main.o
                0x0000000020000210                ltc6811
 .bss._ZZ11CANTxUptimeE9upCounter
                0x0000000020000214        0x4 Src/main.o
 .bss.HAL_RCC_CAN1_CLK_ENABLED
                0x0000000020000218        0x4 Src/stm32f4xx_hal_msp.o
 .bss.heap_end.6424
                0x000000002000021c        0x4 Src/sysmem.o
 .bss._ZN12_GLOBAL__N_113__new_handlerE
                0x0000000020000220        0x4 c:/st/stm32cubeide_1.0.2/stm32cubeide/plugins/com.st.stm32cube.ide.mcu.externaltools.gnu-tools-for-stm32.7-2018-q2-update.win32_1.0.0.201904181610/tools/bin/../lib/gcc/arm-none-eabi/7.3.1/../../../../arm-none-eabi/lib/thumb/v7e-m/fpv4-sp/hard\libstdc++_nano.a(new_handler.o)
 .bss.__malloc_free_list
                0x0000000020000224        0x4 c:/st/stm32cubeide_1.0.2/stm32cubeide/plugins/com.st.stm32cube.ide.mcu.externaltools.gnu-tools-for-stm32.7-2018-q2-update.win32_1.0.0.201904181610/tools/bin/../lib/gcc/arm-none-eabi/7.3.1/../../../../arm-none-eabi/lib/thumb/v7e-m/fpv4-sp/hard\libc_nano.a(lib_a-nano-mallocr.o)