Archive member included to satisfy reference by file (symbol)

c:/st/stm32cubeide_1.0.2/stm32cubeide/plugins/com.st.stm32cube.ide.mcu.externaltools.gnu-tools-for-stm32.9-2020-q2-update.win32_1.5.0.202011040924/tools/bin/../lib/gcc/arm-none-eabi/9.3.1/../../../../arm-none-eabi/lib/thumb/v7e-m+fp/hard\libstdc++_nano.a(guard.o)
                              Src/LTC6811.o (__cxa_guard_acquire)
c:/st/stm32cubeide_1.0.2/stm32cubeide/plugins/com.st.stm32cube.ide.mcu.externaltools.gnu-tools-for-stm32.9-2020-q2-update.win32_1.5.0.202011040924/tools/bin/../lib/gcc/arm-none-eabi/9.3.1/../../../../arm-none-eabi/lib/thumb/v7e-m+fp/hard\libstdc++_nano.a(new_op.o)
                              Src/main.o (operator new(unsigned int))
c:/st/stm32cubeide_1.0.2/stm32cubeide/plugins/com.st.stm32cube.ide.mcu.externaltools.gnu-tools-for-stm32.9-2020-q2-update.win32_1.5.0.202011040924/tools/bin/../lib/gcc/arm-none-eabi/9.3.1/../../../../arm-none-eabi/lib/thumb/v7e-m+fp/hard\libstdc++_nano.a(new_handler.o)
                              c:/st/stm32cubeide_1.0.2/stm32cubeide/plugins/com.st.stm32cube.ide.mcu.externaltools.gnu-tools-for-stm32.9-2020-q2-update.win32_1.5.0.202011040924/tools/bin/../lib/gcc/arm-none-eabi/9.3.1/../../../../arm-none-eabi/lib/thumb/v7e-m+fp/hard\libstdc++_nano.a(new_op.o) (std::get_new_handler())
c:/st/stm32cubeide_1.0.2/stm32cubeide/plugins/com.st.stm32cube.ide.mcu.externaltools.gnu-tools-for-stm32.9-2020-q2-update.win32_1.5.0.202011040924/tools/bin/../lib/gcc/arm-none-eabi/9.3.1/../../../../arm-none-eabi/lib/thumb/v7e-m+fp/hard\libm.a(lib_a-wf_log.o)
                              Src/LTC6811.o (logf)
c:/st/stm32cubeide_1.0.2/stm32cubeide/plugins/com.st.stm32cube.ide.mcu.externaltools.gnu-tools-for-stm32.9-2020-q2-update.win32_1.5.0.202011040924/tools/bin/../lib/gcc/arm-none-eabi/9.3.1/../../../../arm-none-eabi/lib/thumb/v7e-m+fp/hard\libm.a(lib_a-ef_log.o)
                              c:/st/stm32cubeide_1.0.2/stm32cubeide/plugins/com.st.stm32cube.ide.mcu.externaltools.gnu-tools-for-stm32.9-2020-q2-update.win32_1.5.0.202011040924/tools/bin/../lib/gcc/arm-none-eabi/9.3.1/../../../../arm-none-eabi/lib/thumb/v7e-m+fp/hard\libm.a(lib_a-wf_log.o) (__ieee754_logf)
c:/st/stm32cubeide_1.0.2/stm32cubeide/plugins/com.st.stm32cube.ide.mcu.externaltools.gnu-tools-for-stm32.9-2020-q2-update.win32_1.5.0.202011040924/tools/bin/../lib/gcc/arm-none-eabi/9.3.1/../../../../arm-none-eabi/lib/thumb/v7e-m+fp/hard\libm.a(lib_a-s_lib_ver.o)
                              c:/st/stm32cubeide_1.0.2/stm32cubeide/plugins/com.st.stm32cube.ide.mcu.externaltools.gnu-tools-for-stm32.9-2020-q2-update.win32_1.5.0.202011040924/tools/bin/../lib/gcc/arm-none-eabi/9.3.1/../../../../arm-none-eabi/lib/thumb/v7e-m+fp/hard\libm.a(lib_a-wf_log.o) (__fdlib_version)
c:/st/stm32cubeide_1.0.2/stm32cubeide/plugins/com.st.stm32cube.ide.mcu.externaltools.gnu-tools-for-stm32.9-2020-q2-update.win32_1.5.0.202011040924/tools/bin/../lib/gcc/arm-none-eabi/9.3.1/../../../../arm-none-eabi/lib/thumb/v7e-m+fp/hard\libm.a(lib_a-sf_nan.o)
                              c:/st/stm32cubeide_1.0.2/stm32cubeide/plugins/com.st.stm32cube.ide.mcu.externaltools.gnu-tools-for-stm32.9-2020-q2-update.win32_1.5.0.202011040924/tools/bin/../lib/gcc/arm-none-eabi/9.3.1/../../../../arm-none-eabi/lib/thumb/v7e-m+fp/hard\libm.a(lib_a-wf_log.o) (nanf)
c:/st/stm32cubeide_1.0.2/stm32cubeide/plugins/com.st.stm32cube.ide.mcu.externaltools.gnu-tools-for-stm32.9-2020-q2-update.win32_1.5.0.202011040924/tools/bin/../lib/gcc/arm-none-eabi/9.3.1/../../../../arm-none-eabi/lib/thumb/v7e-m+fp/hard\libc_nano.a(lib_a-abort.o)
                              c:/st/stm32cubeide_1.0.2/stm32cubeide/plugins/com.st.stm32cube.ide.mcu.externaltools.gnu-tools-for-stm32.9-2020-q2-update.win32_1.5.0.202011040924/tools/bin/../lib/gcc/arm-none-eabi/9.3.1/../../../../arm-none-eabi/lib/thumb/v7e-m+fp/hard\libstdc++_nano.a(new_op.o) (abort)
c:/st/stm32cubeide_1.0.2/stm32cubeide/plugins/com.st.stm32cube.ide.mcu.externaltools.gnu-tools-for-stm32.9-2020-q2-update.win32_1.5.0.202011040924/tools/bin/../lib/gcc/arm-none-eabi/9.3.1/../../../../arm-none-eabi/lib/thumb/v7e-m+fp/hard\libc_nano.a(lib_a-errno.o)
                              Src/syscalls.o (__errno)
c:/st/stm32cubeide_1.0.2/stm32cubeide/plugins/com.st.stm32cube.ide.mcu.externaltools.gnu-tools-for-stm32.9-2020-q2-update.win32_1.5.0.202011040924/tools/bin/../lib/gcc/arm-none-eabi/9.3.1/../../../../arm-none-eabi/lib/thumb/v7e-m+fp/hard\libc_nano.a(lib_a-exit.o)
                              c:/st/stm32cubeide_1.0.2/stm32cubeide/plugins/com.st.stm32cube.ide.mcu.externaltools.gnu-tools-for-stm32.9-2020-q2-update.win32_1.5.0.202011040924/tools/bin/../lib/gcc/arm-none-eabi/9.3.1/../../../../arm-none-eabi/lib/thumb/v7e-m+fp/hard/crt0.o (exit)
[...]
Memory Configuration

Name             Origin             Length             Attributes
RAM              0x0000000020000000 0x0000000000020000 xrw
FLASH            0x0000000008000000 0x0000000000080000 xr
*default*        0x0000000000000000 0xffffffffffffffff

Linker script and memory map

LOAD c:/st/stm32cubeide_1.0.2/stm32cubeide/plugins/com.st.stm32cube.ide.mcu.externaltools.gnu-tools-for-stm32.9-2020-q2-update.win32_1.5.0.202011040924/tools/bin/../lib/gcc/arm-none-eabi/9.3.1/thumb/v7e-m+fp/hard/crti.o
LOAD c:/st/stm32cubeide_1.0.2/stm32cubeide/plugins/com.st.stm32cube.ide.mcu.externaltools.gnu-tools-for-stm32.9-2020-q2-update.win32_1.5.0.202011040924/tools/bin/../lib/gcc/arm-none-eabi/9.3.1/thumb/v7e-m+fp/hard/crtbegin.o
LOAD c:/st/stm32cubeide_1.0.2/stm32cubeide/plugins/com.st.stm32cube.ide.mcu.externaltools.gnu-tools-for-stm32.9-2020-q2-update.win32_1.5.0.202011040924/tools/bin/../lib/gcc/arm-none-eabi/9.3.1/../../../../arm-none-eabi/lib/thumb/v7e-m+fp/hard/crt0.o
LOAD Drivers/STM32F4xx_HAL_Driver/Src/stm32f4xx_hal.o
LOAD Drivers/STM32F4xx_HAL_Driver/Src/stm32f4xx_hal_can.o
LOAD Drivers/STM32F4xx_HAL_Driver/Src/stm32f4xx_hal_cortex.o
LOAD Drivers/STM32F4xx_HAL_Driver/Src/stm32f4xx_hal_dma.o
LOAD Drivers/STM32F4xx_HAL_Driver/Src/stm32f4xx_hal_dma_ex.o
LOAD Drivers/STM32F4xx_HAL_Driver/Src/stm32f4xx_hal_exti.o
LOAD Drivers/STM32F4xx_HAL_Driver/Src/stm32f4xx_hal_flash.o
LOAD Drivers/STM32F4xx_HAL_Driver/Src/stm32f4xx_hal_flash_ex.o
LOAD Drivers/STM32F4xx_HAL_Driver/Src/stm32f4xx_hal_flash_ramfunc.o
LOAD Drivers/STM32F4xx_HAL_Driver/Src/stm32f4xx_hal_gpio.o
LOAD Drivers/STM32F4xx_HAL_Driver/Src/stm32f4xx_hal_pwr.o
LOAD Drivers/STM32F4xx_HAL_Driver/Src/stm32f4xx_hal_pwr_ex.o
LOAD Drivers/STM32F4xx_HAL_Driver/Src/stm32f4xx_hal_rcc.o
LOAD Drivers/STM32F4xx_HAL_Driver/Src/stm32f4xx_hal_rcc_ex.o
LOAD Drivers/STM32F4xx_HAL_Driver/Src/stm32f4xx_hal_sd.o
LOAD Drivers/STM32F4xx_HAL_Driver/Src/stm32f4xx_hal_spi.o
LOAD Drivers/STM32F4xx_HAL_Driver/Src/stm32f4xx_hal_tim.o
LOAD Drivers/STM32F4xx_HAL_Driver/Src/stm32f4xx_hal_tim_ex.o
LOAD Drivers/STM32F4xx_HAL_Driver/Src/stm32f4xx_ll_sdmmc.o
LOAD Middlewares/Third_Party/FatFs/src/diskio.o
LOAD Middlewares/Third_Party/FatFs/src/ff.o
LOAD Middlewares/Third_Party/FatFs/src/ff_gen_drv.o
LOAD Middlewares/Third_Party/FatFs/src/option/syscall.o
LOAD Src/IVT.o
LOAD Src/LTC6811.o
LOAD Src/Status.o
LOAD Src/bsp_driver_sd.o
LOAD Src/fatfs.o
LOAD Src/fatfs_platform.o
LOAD Src/main.o
LOAD Src/sd_diskio.o
LOAD Src/stm32f4xx_hal_msp.o
LOAD Src/stm32f4xx_it.o
LOAD Src/syscalls.o
LOAD Src/sysmem.o
LOAD Src/system_stm32f4xx.o
LOAD Startup/startup_stm32f446retx.o
START GROUP
LOAD c:/st/stm32cubeide_1.0.2/stm32cubeide/plugins/com.st.stm32cube.ide.mcu.externaltools.gnu-tools-for-stm32.9-2020-q2-update.win32_1.5.0.202011040924/tools/bin/../lib/gcc/arm-none-eabi/9.3.1/../../../../arm-none-eabi/lib/thumb/v7e-m+fp/hard\libstdc++_nano.a
LOAD c:/st/stm32cubeide_1.0.2/stm32cubeide/plugins/com.st.stm32cube.ide.mcu.externaltools.gnu-tools-for-stm32.9-2020-q2-update.win32_1.5.0.202011040924/tools/bin/../lib/gcc/arm-none-eabi/9.3.1/../../../../arm-none-eabi/lib/thumb/v7e-m+fp/hard\libsupc++_nano.a
END GROUP
LOAD c:/st/stm32cubeide_1.0.2/stm32cubeide/plugins/com.st.stm32cube.ide.mcu.externaltools.gnu-tools-for-stm32.9-2020-q2-update.win32_1.5.0.202011040924/tools/bin/../lib/gcc/arm-none-eabi/9.3.1/../../../../arm-none-eabi/lib/thumb/v7e-m+fp/hard\libstdc++_nano.a
LOAD c:/st/stm32cubeide_1.0.2/stm32cubeide/plugins/com.st.stm32cube.ide.mcu.externaltools.gnu-tools-for-stm32.9-2020-q2-update.win32_1.5.0.202011040924/tools/bin/../lib/gcc/arm-none-eabi/9.3.1/../../../../arm-none-eabi/lib/thumb/v7e-m+fp/hard\libm.a
LOAD c:/st/stm32cubeide_1.0.2/stm32cubeide/plugins/com.st.stm32cube.ide.mcu.externaltools.gnu-tools-for-stm32.9-2020-q2-update.win32_1.5.0.202011040924/tools/bin/../lib/gcc/arm-none-eabi/9.3.1/../../../../arm-none-eabi/lib/thumb/v7e-m+fp/hard\libc_nano.a
START GROUP
LOAD c:/st/stm32cubeide_1.0.2/stm32cubeide/plugins/com.st.stm32cube.ide.mcu.externaltools.gnu-tools-for-stm32.9-2020-q2-update.win32_1.5.0.202011040924/tools/bin/../lib/gcc/arm-none-eabi/9.3.1/thumb/v7e-m+fp/hard\libgcc.a
LOAD c:/st/stm32cubeide_1.0.2/stm32cubeide/plugins/com.st.stm32cube.ide.mcu.externaltools.gnu-tools-for-stm32.9-2020-q2-update.win32_1.5.0.202011040924/tools/bin/../lib/gcc/arm-none-eabi/9.3.1/../../../../arm-none-eabi/lib/thumb/v7e-m+fp/hard\libc_nano.a
END GROUP
START GROUP
LOAD c:/st/stm32cubeide_1.0.2/stm32cubeide/plugins/com.st.stm32cube.ide.mcu.externaltools.gnu-tools-for-stm32.9-2020-q2-update.win32_1.5.0.202011040924/tools/bin/../lib/gcc/arm-none-eabi/9.3.1/thumb/v7e-m+fp/hard\libgcc.a
LOAD c:/st/stm32cubeide_1.0.2/stm32cubeide/plugins/com.st.stm32cube.ide.mcu.externaltools.gnu-tools-for-stm32.9-2020-q2-update.win32_1.5.0.202011040924/tools/bin/../lib/gcc/arm-none-eabi/9.3.1/../../../../arm-none-eabi/lib/thumb/v7e-m+fp/hard\libc_nano.a
END GROUP
LOAD c:/st/stm32cubeide_1.0.2/stm32cubeide/plugins/com.st.stm32cube.ide.mcu.externaltools.gnu-tools-for-stm32.9-2020-q2-update.win32_1.5.0.202011040924/tools/bin/../lib/gcc/arm-none-eabi/9.3.1/thumb/v7e-m+fp/hard/crtend.o
LOAD c:/st/stm32cubeide_1.0.2/stm32cubeide/plugins/com.st.stm32cube.ide.mcu.externaltools.gnu-tools-for-stm32.9-2020-q2-update.win32_1.5.0.202011040924/tools/bin/../lib/gcc/arm-none-eabi/9.3.1/thumb/v7e-m+fp/hard/crtn.o
                0x0000000020020000                _estack = (ORIGIN (RAM) + LENGTH (RAM))
                0x0000000000000200                _Min_Heap_Size = 0x200
                0x0000000000000400                _Min_Stack_Size = 0x400

.isr_vector     0x0000000008000000      0x1c4
                0x0000000008000000                . = ALIGN (0x4)
 *(.isr_vector)
 .isr_vector    0x0000000008000000      0x1c4 Startup/startup_stm32f446retx.o
                0x0000000008000000                g_pfnVectors
                0x00000000080001c4                . = ALIGN (0x4)

.text           0x00000000080001c4     0xa0bc
                0x00000000080001c4                . = ALIGN (0x4)
 *(.text)
 .text          0x00000000080001c4       0x40 c:/st/stm32cubeide_1.0.2/stm32cubeide/plugins/com.st.stm32cube.ide.mcu.externaltools.gnu-tools-for-stm32.9-2020-q2-update.win32_1.5.0.202011040924/tools/bin/../lib/gcc/arm-none-eabi/9.3.1/thumb/v7e-m+fp/hard/crtbegin.o
 .text          0x0000000008000204       0x30 c:/st/stm32cubeide_1.0.2/stm32cubeide/plugins/com.st.stm32cube.ide.mcu.externaltools.gnu-tools-for-stm32.9-2020-q2-update.win32_1.5.0.202011040924/tools/bin/../lib/gcc/arm-none-eabi/9.3.1/thumb/v7e-m+fp/hard\libgcc.a(_aeabi_uldivmod.o)
                0x0000000008000204                __aeabi_uldivmod
 .text          0x0000000008000234      0x2c4 c:/st/stm32cubeide_1.0.2/stm32cubeide/plugins/com.st.stm32cube.ide.mcu.externaltools.gnu-tools-for-stm32.9-2020-q2-update.win32_1.5.0.202011040924/tools/bin/../lib/gcc/arm-none-eabi/9.3.1/thumb/v7e-m+fp/hard\libgcc.a(_udivmoddi4.o)
                0x0000000008000234                __udivmoddi4
 .text          0x00000000080004f8        0x4 c:/st/stm32cubeide_1.0.2/stm32cubeide/plugins/com.st.stm32cube.ide.mcu.externaltools.gnu-tools-for-stm32.9-2020-q2-update.win32_1.5.0.202011040924/tools/bin/../lib/gcc/arm-none-eabi/9.3.1/thumb/v7e-m+fp/hard\libgcc.a(_dvmd_tls.o)
                0x00000000080004f8                __aeabi_idiv0
                0x00000000080004f8                __aeabi_ldiv0
 *(.text*)
 .text.HAL_Init
                0x00000000080004fc       0x44 Drivers/STM32F4xx_HAL_Driver/Src/stm32f4xx_hal.o
                0x00000000080004fc                HAL_Init
 .text.HAL_InitTick
                0x0000000008000540       0x60 Drivers/STM32F4xx_HAL_Driver/Src/stm32f4xx_hal.o
                0x0000000008000540                HAL_InitTick
 .text.HAL_GetTick
                0x00000000080005a0       0x18 Drivers/STM32F4xx_HAL_Driver/Src/stm32f4xx_hal.o
                0x00000000080005a0                HAL_GetTick
 .text.HAL_Delay
                0x00000000080005b8       0x48 Drivers/STM32F4xx_HAL_Driver/Src/stm32f4xx_hal.o
                0x00000000080005b8                HAL_Delay
 .text.HAL_CAN_Init
                0x0000000008000600      0x1f6 Drivers/STM32F4xx_HAL_Driver/Src/stm32f4xx_hal_can.o
                0x0000000008000600                HAL_CAN_Init
 *fill*         0x00000000080007f6        0x2 
 .text.HAL_CAN_ConfigFilter
                0x00000000080007f8      0x1c0 Drivers/STM32F4xx_HAL_Driver/Src/stm32f4xx_hal_can.o
                0x00000000080007f8                HAL_CAN_ConfigFilter
 .text.HAL_CAN_AddTxMessage
                0x00000000080009b8      0x1b6 Drivers/STM32F4xx_HAL_Driver/Src/stm32f4xx_hal_can.o
                0x00000000080009b8                HAL_CAN_AddTxMessage
 .text.HAL_CAN_GetRxMessage
                0x0000000008000b6e      0x224 Drivers/STM32F4xx_HAL_Driver/Src/stm32f4xx_hal_can.o
                0x0000000008000b6e                HAL_CAN_GetRxMessage
 .text.HAL_CAN_ActivateNotification
                0x0000000008000d92       0x4c Drivers/STM32F4xx_HAL_Driver/Src/stm32f4xx_hal_can.o
                0x0000000008000d92                HAL_CAN_ActivateNotification
 .text.HAL_CAN_IRQHandler
                0x0000000008000dde      0x36e Drivers/STM32F4xx_HAL_Driver/Src/stm32f4xx_hal_can.o
                0x0000000008000dde                HAL_CAN_IRQHandler
 .text.HAL_CAN_TxMailbox0CompleteCallback
                0x000000000800114c       0x14 Drivers/STM32F4xx_HAL_Driver/Src/stm32f4xx_hal_can.o
                0x000000000800114c                HAL_CAN_TxMailbox0CompleteCallback
 .text.HAL_CAN_TxMailbox1CompleteCallback
                0x0000000008001160       0x14 Drivers/STM32F4xx_HAL_Driver/Src/stm32f4xx_hal_can.o
                0x0000000008001160                HAL_CAN_TxMailbox1CompleteCallback
 .text.HAL_CAN_TxMailbox2CompleteCallback
                0x0000000008001174       0x14 Drivers/STM32F4xx_HAL_Driver/Src/stm32f4xx_hal_can.o
                0x0000000008001174                HAL_CAN_TxMailbox2CompleteCallback
 .text.HAL_CAN_TxMailbox0AbortCallback
                0x0000000008001188       0x14 Drivers/STM32F4xx_HAL_Driver/Src/stm32f4xx_hal_can.o
                0x0000000008001188                HAL_CAN_TxMailbox0AbortCallback
 .text.HAL_CAN_TxMailbox1AbortCallback
                0x000000000800119c       0x14 Drivers/STM32F4xx_HAL_Driver/Src/stm32f4xx_hal_can.o
                0x000000000800119c                HAL_CAN_TxMailbox1AbortCallback
 .text.HAL_CAN_TxMailbox2AbortCallback
                0x00000000080011b0       0x14 Drivers/STM32F4xx_HAL_Driver/Src/stm32f4xx_hal_can.o
                0x00000000080011b0                HAL_CAN_TxMailbox2AbortCallback
 .text.HAL_CAN_RxFifo0FullCallback
                0x00000000080011c4       0x14 Drivers/STM32F4xx_HAL_Driver/Src/stm32f4xx_hal_can.o
                0x00000000080011c4                HAL_CAN_RxFifo0FullCallback
 .text.HAL_CAN_RxFifo1FullCallback
                0x00000000080011d8       0x14 Drivers/STM32F4xx_HAL_Driver/Src/stm32f4xx_hal_can.o
                0x00000000080011d8                HAL_CAN_RxFifo1FullCallback
 .text.HAL_CAN_SleepCallback
                0x00000000080011ec       0x14 Drivers/STM32F4xx_HAL_Driver/Src/stm32f4xx_hal_can.o
                0x00000000080011ec                HAL_CAN_SleepCallback
 .text.HAL_CAN_WakeUpFromRxMsgCallback
                0x0000000008001200       0x14 Drivers/STM32F4xx_HAL_Driver/Src/stm32f4xx_hal_can.o
                0x0000000008001200                HAL_CAN_WakeUpFromRxMsgCallback
 .text.HAL_CAN_ErrorCallback
                0x0000000008001214       0x14 Drivers/STM32F4xx_HAL_Driver/Src/stm32f4xx_hal_can.o
                0x0000000008001214                HAL_CAN_ErrorCallback
 .text.__NVIC_SetPriorityGrouping
                0x0000000008001228       0x48 Drivers/STM32F4xx_HAL_Driver/Src/stm32f4xx_hal_cortex.o
 .text.__NVIC_GetPriorityGrouping
                0x0000000008001270       0x1c Drivers/STM32F4xx_HAL_Driver/Src/stm32f4xx_hal_cortex.o
 .text.__NVIC_EnableIRQ
                0x000000000800128c       0x3c Drivers/STM32F4xx_HAL_Driver/Src/stm32f4xx_hal_cortex.o
 .text.__NVIC_SetPriority
                0x00000000080012c8       0x54 Drivers/STM32F4xx_HAL_Driver/Src/stm32f4xx_hal_cortex.o
 .text.NVIC_EncodePriority
                0x000000000800131c       0x66 Drivers/STM32F4xx_HAL_Driver/Src/stm32f4xx_hal_cortex.o
 *fill*         0x0000000008001382        0x2 
 .text.SysTick_Config
                0x0000000008001384       0x44 Drivers/STM32F4xx_HAL_Driver/Src/stm32f4xx_hal_cortex.o
 .text.HAL_NVIC_SetPriorityGrouping
                0x00000000080013c8       0x16 Drivers/STM32F4xx_HAL_Driver/Src/stm32f4xx_hal_cortex.o
                0x00000000080013c8                HAL_NVIC_SetPriorityGrouping
 .text.HAL_NVIC_SetPriority
                0x00000000080013de       0x38 Drivers/STM32F4xx_HAL_Driver/Src/stm32f4xx_hal_cortex.o
                0x00000000080013de                HAL_NVIC_SetPriority
 .text.HAL_NVIC_EnableIRQ
                0x0000000008001416       0x1c Drivers/STM32F4xx_HAL_Driver/Src/stm32f4xx_hal_cortex.o
                0x0000000008001416                HAL_NVIC_EnableIRQ
 .text.HAL_SYSTICK_Config
                0x0000000008001432       0x18 Drivers/STM32F4xx_HAL_Driver/Src/stm32f4xx_hal_cortex.o
                0x0000000008001432                HAL_SYSTICK_Config
 *fill*         0x000000000800144a        0x2 
 .text.HAL_GPIO_Init
                0x000000000800144c      0x328 Drivers/STM32F4xx_HAL_Driver/Src/stm32f4xx_hal_gpio.o
                0x000000000800144c                HAL_GPIO_Init
 .text.HAL_GPIO_ReadPin
                0x0000000008001774       0x30 Drivers/STM32F4xx_HAL_Driver/Src/stm32f4xx_hal_gpio.o
                0x0000000008001774                HAL_GPIO_ReadPin
 .text.HAL_GPIO_WritePin
                0x00000000080017a4       0x32 Drivers/STM32F4xx_HAL_Driver/Src/stm32f4xx_hal_gpio.o
                0x00000000080017a4                HAL_GPIO_WritePin
 .text.HAL_GPIO_TogglePin
                0x00000000080017d6       0x36 Drivers/STM32F4xx_HAL_Driver/Src/stm32f4xx_hal_gpio.o
                0x00000000080017d6                HAL_GPIO_TogglePin
 .text.HAL_RCC_ClockConfig
                0x000000000800180c      0x1cc Drivers/STM32F4xx_HAL_Driver/Src/stm32f4xx_hal_rcc.o
                0x000000000800180c                HAL_RCC_ClockConfig
 .text.HAL_RCCEx_PeriphCLKConfig
                0x00000000080019d8      0x654 Drivers/STM32F4xx_HAL_Driver/Src/stm32f4xx_hal_rcc_ex.o
                0x00000000080019d8                HAL_RCCEx_PeriphCLKConfig
 .text.HAL_RCC_GetSysClockFreq
                0x000000000800202c      0x2b8 Drivers/STM32F4xx_HAL_Driver/Src/stm32f4xx_hal_rcc_ex.o
                0x000000000800202c                HAL_RCC_GetSysClockFreq
 .text.HAL_RCC_OscConfig
                0x00000000080022e4      0x4b4 Drivers/STM32F4xx_HAL_Driver/Src/stm32f4xx_hal_rcc_ex.o
                0x00000000080022e4                HAL_RCC_OscConfig
 .text.HAL_SPI_Init
                0x0000000008002798       0xc8 Drivers/STM32F4xx_HAL_Driver/Src/stm32f4xx_hal_spi.o
                0x0000000008002798                HAL_SPI_Init
 .text.HAL_SPI_TransmitReceive
                0x0000000008002860      0x33a Drivers/STM32F4xx_HAL_Driver/Src/stm32f4xx_hal_spi.o
                0x0000000008002860                HAL_SPI_TransmitReceive
 .text.SPI_WaitFlagStateUntilTimeout
                0x0000000008002b9a       0xd4 Drivers/STM32F4xx_HAL_Driver/Src/stm32f4xx_hal_spi.o
 *fill*         0x0000000008002c6e        0x2 
 .text.SPI_EndRxTxTransaction
                0x0000000008002c70       0x84 Drivers/STM32F4xx_HAL_Driver/Src/stm32f4xx_hal_spi.o
 .text.HAL_TIM_Base_Init
                0x0000000008002cf4       0x56 Drivers/STM32F4xx_HAL_Driver/Src/stm32f4xx_hal_tim.o
                0x0000000008002cf4                HAL_TIM_Base_Init
 .text.HAL_TIM_PWM_Init
                0x0000000008002d4a       0x56 Drivers/STM32F4xx_HAL_Driver/Src/stm32f4xx_hal_tim.o
                0x0000000008002d4a                HAL_TIM_PWM_Init
 .text.HAL_TIM_PWM_MspInit
                0x0000000008002da0       0x14 Drivers/STM32F4xx_HAL_Driver/Src/stm32f4xx_hal_tim.o
                0x0000000008002da0                HAL_TIM_PWM_MspInit
 .text.HAL_TIM_PWM_Start
                0x0000000008002db4       0x7c Drivers/STM32F4xx_HAL_Driver/Src/stm32f4xx_hal_tim.o
                0x0000000008002db4                HAL_TIM_PWM_Start
 .text.HAL_TIM_PWM_ConfigChannel
                0x0000000008002e30      0x18c Drivers/STM32F4xx_HAL_Driver/Src/stm32f4xx_hal_tim.o
                0x0000000008002e30                HAL_TIM_PWM_ConfigChannel
 .text.HAL_TIM_ConfigClockSource
                0x0000000008002fbc      0x188 Drivers/STM32F4xx_HAL_Driver/Src/stm32f4xx_hal_tim.o
                0x0000000008002fbc                HAL_TIM_ConfigClockSource
 .text.TIM_Base_SetConfig
                0x0000000008003144      0x140 Drivers/STM32F4xx_HAL_Driver/Src/stm32f4xx_hal_tim.o
                0x0000000008003144                TIM_Base_SetConfig
 .text.TIM_OC1_SetConfig
                0x0000000008003284       0xe0 Drivers/STM32F4xx_HAL_Driver/Src/stm32f4xx_hal_tim.o
 .text.TIM_OC2_SetConfig
                0x0000000008003364       0xec Drivers/STM32F4xx_HAL_Driver/Src/stm32f4xx_hal_tim.o
                0x0000000008003364                TIM_OC2_SetConfig
 .text.TIM_OC3_SetConfig
                0x0000000008003450       0xe8 Drivers/STM32F4xx_HAL_Driver/Src/stm32f4xx_hal_tim.o
 .text.TIM_OC4_SetConfig
                0x0000000008003538       0xac Drivers/STM32F4xx_HAL_Driver/Src/stm32f4xx_hal_tim.o
 .text.TIM_TI1_ConfigInputStage
                0x00000000080035e4       0x5e Drivers/STM32F4xx_HAL_Driver/Src/stm32f4xx_hal_tim.o
 .text.TIM_TI2_ConfigInputStage
                0x0000000008003642       0x60 Drivers/STM32F4xx_HAL_Driver/Src/stm32f4xx_hal_tim.o
 .text.TIM_ITRx_SetConfig
                0x00000000080036a2       0x36 Drivers/STM32F4xx_HAL_Driver/Src/stm32f4xx_hal_tim.o
 .text.TIM_ETR_SetConfig
                0x00000000080036d8       0x40 Drivers/STM32F4xx_HAL_Driver/Src/stm32f4xx_hal_tim.o
                0x00000000080036d8                TIM_ETR_SetConfig
 .text.TIM_CCxChannelCmd
                0x0000000008003718       0x4a Drivers/STM32F4xx_HAL_Driver/Src/stm32f4xx_hal_tim.o
                0x0000000008003718                TIM_CCxChannelCmd
 *fill*         0x0000000008003762        0x2 
 .text.HAL_TIMEx_MasterConfigSynchronization
                0x0000000008003764       0xf8 Drivers/STM32F4xx_HAL_Driver/Src/stm32f4xx_hal_tim_ex.o
                0x0000000008003764                HAL_TIMEx_MasterConfigSynchronization
 .text.disk_status
                0x000000000800385c       0x34 Middlewares/Third_Party/FatFs/src/diskio.o
                0x000000000800385c                disk_status
 .text.disk_initialize
                0x0000000008003890       0x4c Middlewares/Third_Party/FatFs/src/diskio.o
                0x0000000008003890                disk_initialize
 .text.disk_read
                0x00000000080038dc       0x40 Middlewares/Third_Party/FatFs/src/diskio.o
                0x00000000080038dc                disk_read
 .text.disk_write
                0x000000000800391c       0x40 Middlewares/Third_Party/FatFs/src/diskio.o
                0x000000000800391c                disk_write
 .text.disk_ioctl
                0x000000000800395c       0x3c Middlewares/Third_Party/FatFs/src/diskio.o
                0x000000000800395c                disk_ioctl
 .text.ld_word  0x0000000008003998       0x30 Middlewares/Third_Party/FatFs/src/ff.o
 .text.ld_dword
                0x00000000080039c8       0x46 Middlewares/Third_Party/FatFs/src/ff.o
 .text.st_word  0x0000000008003a0e       0x36 Middlewares/Third_Party/FatFs/src/ff.o
 .text.st_dword
                0x0000000008003a44       0x58 Middlewares/Third_Party/FatFs/src/ff.o
 .text.mem_cpy  0x0000000008003a9c       0x42 Middlewares/Third_Party/FatFs/src/ff.o
 .text.mem_set  0x0000000008003ade       0x36 Middlewares/Third_Party/FatFs/src/ff.o
 .text.mem_cmp  0x0000000008003b14       0x4e Middlewares/Third_Party/FatFs/src/ff.o
 .text.chk_chr  0x0000000008003b62       0x36 Middlewares/Third_Party/FatFs/src/ff.o
 .text.chk_lock
                0x0000000008003b98       0xb8 Middlewares/Third_Party/FatFs/src/ff.o
 .text.enq_lock
                0x0000000008003c50       0x44 Middlewares/Third_Party/FatFs/src/ff.o
 .text.inc_lock
                0x0000000008003c94      0x11c Middlewares/Third_Party/FatFs/src/ff.o
 .text.dec_lock
                0x0000000008003db0       0x78 Middlewares/Third_Party/FatFs/src/ff.o
 .text.clear_lock
                0x0000000008003e28       0x48 Middlewares/Third_Party/FatFs/src/ff.o
 .text.sync_window
                0x0000000008003e70       0x88 Middlewares/Third_Party/FatFs/src/ff.o
 .text.move_window
                0x0000000008003ef8       0x5a Middlewares/Third_Party/FatFs/src/ff.o
 *fill*         0x0000000008003f52        0x2 
 .text.sync_fs  0x0000000008003f54       0xdc Middlewares/Third_Party/FatFs/src/ff.o
 .text.clust2sect
                0x0000000008004030       0x3e Middlewares/Third_Party/FatFs/src/ff.o
 .text.get_fat  0x000000000800406e      0x150 Middlewares/Third_Party/FatFs/src/ff.o
 .text.put_fat  0x00000000080041be      0x1d8 Middlewares/Third_Party/FatFs/src/ff.o
 .text.remove_chain
                0x0000000008004396       0xca Middlewares/Third_Party/FatFs/src/ff.o
 .text.create_chain
                0x0000000008004460      0x130 Middlewares/Third_Party/FatFs/src/ff.o
 .text.clmt_clust
                0x0000000008004590       0x68 Middlewares/Third_Party/FatFs/src/ff.o
 .text.dir_sdi  0x00000000080045f8       0xf6 Middlewares/Third_Party/FatFs/src/ff.o
 .text.dir_next
                0x00000000080046ee      0x18a Middlewares/Third_Party/FatFs/src/ff.o
 .text.dir_alloc
                0x0000000008004878       0x8e Middlewares/Third_Party/FatFs/src/ff.o
 .text.ld_clust
                0x0000000008004906       0x3e Middlewares/Third_Party/FatFs/src/ff.o
 .text.st_clust
                0x0000000008004944       0x40 Middlewares/Third_Party/FatFs/src/ff.o
 .text.dir_read
                0x0000000008004984       0xba Middlewares/Third_Party/FatFs/src/ff.o
 .text.dir_find
                0x0000000008004a3e       0xaa Middlewares/Third_Party/FatFs/src/ff.o
 .text.dir_register
                0x0000000008004ae8       0x64 Middlewares/Third_Party/FatFs/src/ff.o
 .text.dir_remove
                0x0000000008004b4c       0x3c Middlewares/Third_Party/FatFs/src/ff.o
 .text.create_name
                0x0000000008004b88      0x128 Middlewares/Third_Party/FatFs/src/ff.o
 .text.follow_path
                0x0000000008004cb0       0xe2 Middlewares/Third_Party/FatFs/src/ff.o
 .text.get_ldnumber
                0x0000000008004d92       0x88 Middlewares/Third_Party/FatFs/src/ff.o
 *fill*         0x0000000008004e1a        0x2 
 .text.check_fs
                0x0000000008004e1c       0xac Middlewares/Third_Party/FatFs/src/ff.o
 .text.find_volume
                0x0000000008004ec8      0x498 Middlewares/Third_Party/FatFs/src/ff.o
 .text.validate
                0x0000000008005360       0x6a Middlewares/Third_Party/FatFs/src/ff.o
 .text.f_open   0x00000000080053ca      0x37c Middlewares/Third_Party/FatFs/src/ff.o
                0x00000000080053ca                f_open
 .text.f_write  0x0000000008005746      0x2ea Middlewares/Third_Party/FatFs/src/ff.o
                0x0000000008005746                f_write
 .text.f_sync   0x0000000008005a30       0xfc Middlewares/Third_Party/FatFs/src/ff.o
                0x0000000008005a30                f_sync
 .text.f_close  0x0000000008005b2c       0x54 Middlewares/Third_Party/FatFs/src/ff.o
                0x0000000008005b2c                f_close
 .text.f_unlink
                0x0000000008005b80      0x156 Middlewares/Third_Party/FatFs/src/ff.o
                0x0000000008005b80                f_unlink
 .text.putc_bfd
                0x0000000008005cd6       0x7a Middlewares/Third_Party/FatFs/src/ff.o
 .text.putc_flush
                0x0000000008005d50       0x4a Middlewares/Third_Party/FatFs/src/ff.o
 .text.putc_init
                0x0000000008005d9a       0x2a Middlewares/Third_Party/FatFs/src/ff.o
 .text.f_printf
                0x0000000008005dc4      0x440 Middlewares/Third_Party/FatFs/src/ff.o
                0x0000000008005dc4                f_printf
 .text._ZN3IVT17compare_prechargeEm
                0x0000000008006204      0x128 Src/IVT.o
                0x0000000008006204                IVT::compare_precharge(unsigned long)
 .text._ZN3IVT11set_currentEf
                0x000000000800632c       0x2c Src/IVT.o
                0x000000000800632c                IVT::set_current(float)
 .text._ZN3IVT11get_currentEv
                0x0000000008006358       0x1e Src/IVT.o
                0x0000000008006358                IVT::get_current()
 *fill*         0x0000000008006376        0x2 
 .text._ZN3IVT12set_voltage1Ef
                0x0000000008006378       0x2c Src/IVT.o
                0x0000000008006378                IVT::set_voltage1(float)
 .text._ZN3IVT12get_voltage1Ev
                0x00000000080063a4       0x1e Src/IVT.o
                0x00000000080063a4                IVT::get_voltage1()
 *fill*         0x00000000080063c2        0x2 
 .text._ZN3IVT12set_voltage2Ef
                0x00000000080063c4       0x2c Src/IVT.o
                0x00000000080063c4                IVT::set_voltage2(float)
 .text._ZN3IVT12get_voltage2Ev
                0x00000000080063f0       0x1e Src/IVT.o
                0x00000000080063f0                IVT::get_voltage2()
 *fill*         0x000000000800640e        0x2 
 .text._ZN3IVT7is_lostEv
                0x0000000008006410       0x30 Src/IVT.o
                0x0000000008006410                IVT::is_lost()
 .text._ZN10DWTWrapper11getInstanceEv
                0x0000000008006440       0x70 Src/LTC6811.o
                0x0000000008006440                DWTWrapper::getInstance()
 .text._ZNK10DWTWrapper5delayEm
                0x00000000080064b0       0x58 Src/LTC6811.o
                0x00000000080064b0                DWTWrapper::delay(unsigned long) const
 .text._ZN10DWTWrapperC2Ev
                0x0000000008006508       0x16 Src/LTC6811.o
                0x0000000008006508                DWTWrapper::DWTWrapper()
                0x0000000008006508                DWTWrapper::DWTWrapper()
 *fill*         0x000000000800651e        0x2 
 .text._ZN7LTC6811L15wake_from_sleepEv
                0x0000000008006520       0x58 Src/LTC6811.o
 .text._ZN7LTC6811L14wake_from_idleEv
                0x0000000008006578       0x58 Src/LTC6811.o
 .text._ZN7LTC6811L16start_conversionERKSt5arrayIhLj4EE
                0x00000000080065d0       0x68 Src/LTC6811.o
 .text._ZN7LTC6811L27write_config_register_groupERSt5arrayINS_8RegisterIhEELj1EE
                0x0000000008006638       0x28 Src/LTC6811.o
 .text._ZN7LTC6811L27read_voltage_register_groupEhRSt5arrayIS0_INS_8RegisterItEELj1EELj4EE
                0x0000000008006660       0x3c Src/LTC6811.o
 .text._ZN7LTC6811L23read_aux_register_groupEhRSt5arrayIS0_INS_8RegisterIsEELj1EELj2EE
                0x000000000800669c       0x3c Src/LTC6811.o
 .text._ZN7LTC68114initEP19__SPI_HandleTypeDef
                0x00000000080066d8       0x84 Src/LTC6811.o
                0x00000000080066d8                LTC6811::init(__SPI_HandleTypeDef*)
 .text._ZN7LTC681125get_config_register_groupEv
                0x000000000800675c       0x14 Src/LTC6811.o
                0x000000000800675c                LTC6811::get_config_register_group()
 .text._ZNKSt5arrayItLj3EE5beginEv
                0x0000000008006770       0x18 Src/LTC6811.o
                0x0000000008006770                std::array<unsigned short, 3u>::begin() const
 .text._ZNKSt5arrayItLj3EE3endEv
                0x0000000008006788       0x1a Src/LTC6811.o
                0x0000000008006788                std::array<unsigned short, 3u>::end() const
 *fill*         0x00000000080067a2        0x2 
 .text._ZN7LTC681128update_config_register_groupERKSt5arrayIS0_INS_8RegisterItEELj1EELj4EERKNS_13VoltageStatusENS_13DischargeModeE
                0x00000000080067a4      0x3a0 Src/LTC6811.o
                0x00000000080067a4                LTC6811::update_config_register_group(std::array<std::array<LTC6811::Register<unsigned short>, 1u>, 4u> const&, LTC6811::VoltageStatus const&, LTC6811::DischargeMode)
 .text._ZN7LTC681114read_cell_dataERSt5arrayIS0_INS_8RegisterItEELj1EELj4EE
                0x0000000008006b44      0x148 Src/LTC6811.o
                0x0000000008006b44                LTC6811::read_cell_data(std::array<std::array<LTC6811::Register<unsigned short>, 1u>, 4u>&)
 .text._ZZN7LTC681114read_temp_dataERSt5arrayIS0_INS_8RegisterIsEELj1EELj2EEENKUlsE_clEs
                0x0000000008006c8c       0xdc Src/LTC6811.o
 .text._ZN7LTC681114read_temp_dataERSt5arrayIS0_INS_8RegisterIsEELj1EELj2EE
                0x0000000008006d68      0x154 Src/LTC6811.o
                0x0000000008006d68                LTC6811::read_temp_data(std::array<std::array<LTC6811::Register<short>, 1u>, 2u>&)
 .text._ZNSt14__array_traitsIhLj4EE6_S_ptrERA4_Kh
                0x0000000008006ebc       0x16 Src/LTC6811.o
                0x0000000008006ebc                std::__array_traits<unsigned char, 4u>::_S_ptr(unsigned char const (&) [4])
 .text._ZNKSt5arrayIhLj4EE4dataEv
                0x0000000008006ed2       0x1a Src/LTC6811.o
                0x0000000008006ed2                std::array<unsigned char, 4u>::data() const
 .text._ZN7LTC6811L20write_register_groupIhEEmRKSt5arrayIhLj4EERKS1_INS_8RegisterIT_EELj1EE
                0x0000000008006eec       0x80 Src/LTC6811.o
 .text._ZNKSt5arrayIS_IhLj4EELj4EEixEj
                0x0000000008006f6c       0x1e Src/LTC6811.o
                0x0000000008006f6c                std::array<std::array<unsigned char, 4u>, 4u>::operator[](unsigned int) const
 .text._ZNSt5arrayIS_IN7LTC68118RegisterItEELj1EELj4EEixEj
                0x0000000008006f8a       0x1e Src/LTC6811.o
                0x0000000008006f8a                std::array<std::array<LTC6811::Register<unsigned short>, 1u>, 4u>::operator[](unsigned int)
 .text._ZN7LTC6811L19read_register_groupItEEmRKSt5arrayIhLj4EERS1_INS_8RegisterIT_EELj1EE
                0x0000000008006fa8       0xd0 Src/LTC6811.o
 .text._ZNKSt5arrayIS_IhLj4EELj2EEixEj
                0x0000000008007078       0x1e Src/LTC6811.o
                0x0000000008007078                std::array<std::array<unsigned char, 4u>, 2u>::operator[](unsigned int) const
 .text._ZNSt5arrayIS_IN7LTC68118RegisterIsEELj1EELj2EEixEj
                0x0000000008007096       0x1e Src/LTC6811.o
                0x0000000008007096                std::array<std::array<LTC6811::Register<short>, 1u>, 2u>::operator[](unsigned int)
 .text._ZN7LTC6811L19read_register_groupIsEEmRKSt5arrayIhLj4EERS1_INS_8RegisterIT_EELj1EE
                0x00000000080070b4       0xd0 Src/LTC6811.o
 .text._ZNSt5arrayIhLj6EEixEj
                0x0000000008007184       0x1e Src/LTC6811.o
                0x0000000008007184                std::array<unsigned char, 6u>::operator[](unsigned int)
 .text._ZNKSt5arrayIhLj6EEixEj
                0x00000000080071a2       0x1e Src/LTC6811.o
                0x00000000080071a2                std::array<unsigned char, 6u>::operator[](unsigned int) const
 .text._ZN7LTC6811L9PEC15CalcIhLj6EEEtRKSt5arrayIT_XT0_EEj
                0x00000000080071c0       0x84 Src/LTC6811.o
 .text._ZNKSt5arrayIS_IN7LTC68118RegisterItEELj1EELj4EE5beginEv
                0x0000000008007244       0x18 Src/LTC6811.o
                0x0000000008007244                std::array<std::array<LTC6811::Register<unsigned short>, 1u>, 4u>::begin() const
 .text._ZNKSt5arrayIS_IN7LTC68118RegisterItEELj1EELj4EE3endEv
                0x000000000800725c       0x1a Src/LTC6811.o
                0x000000000800725c                std::array<std::array<LTC6811::Register<unsigned short>, 1u>, 4u>::end() const
 .text._ZNKSt5arrayIN7LTC68118RegisterItEELj1EEixEj
                0x0000000008007276       0x1e Src/LTC6811.o
                0x0000000008007276                std::array<LTC6811::Register<unsigned short>, 1u>::operator[](unsigned int) const
 .text._ZNSt14__array_traitsItLj3EE6_S_ptrERA3_Kt
                0x0000000008007294       0x16 Src/LTC6811.o
                0x0000000008007294                std::__array_traits<unsigned short, 3u>::_S_ptr(unsigned short const (&) [3])
 .text._ZNKSt5arrayItLj3EE4dataEv
                0x00000000080072aa       0x1a Src/LTC6811.o
                0x00000000080072aa                std::array<unsigned short, 3u>::data() const
 .text._ZNSt5arrayIN7LTC68118RegisterIhEELj1EEixEj
                0x00000000080072c4       0x1e Src/LTC6811.o
                0x00000000080072c4                std::array<LTC6811::Register<unsigned char>, 1u>::operator[](unsigned int)
 .text._ZNKSt5arrayIS_IN7LTC68118RegisterItEELj1EELj4EE4sizeEv
                0x00000000080072e2       0x16 Src/LTC6811.o
                0x00000000080072e2                std::array<std::array<LTC6811::Register<unsigned short>, 1u>, 4u>::size() const
 .text._ZNSt22_Optional_payload_baseIN7LTC681113VoltageStatusEE8_StorageIS1_Lb1EEC2Ev
                0x00000000080072f8       0x16 Src/LTC6811.o
                0x00000000080072f8                std::_Optional_payload_base<LTC6811::VoltageStatus>::_Storage<LTC6811::VoltageStatus, true>::_Storage()
                0x00000000080072f8                std::_Optional_payload_base<LTC6811::VoltageStatus>::_Storage<LTC6811::VoltageStatus, true>::_Storage()
 .text._ZNSt22_Optional_payload_baseIN7LTC681113VoltageStatusEEC2Ev
                0x000000000800730e       0x20 Src/LTC6811.o
                0x000000000800730e                std::_Optional_payload_base<LTC6811::VoltageStatus>::_Optional_payload_base()
                0x000000000800730e                std::_Optional_payload_base<LTC6811::VoltageStatus>::_Optional_payload_base()
 .text._ZNSt17_Optional_payloadIN7LTC681113VoltageStatusELb1ELb1ELb1EEC2Ev
                0x000000000800732e       0x1a Src/LTC6811.o
                0x000000000800732e                std::_Optional_payload<LTC6811::VoltageStatus, true, true, true>::_Optional_payload()
                0x000000000800732e                std::_Optional_payload<LTC6811::VoltageStatus, true, true, true>::_Optional_payload()
 .text._ZNSt14_Optional_baseIN7LTC681113VoltageStatusELb1ELb1EEC2Ev
                0x0000000008007348       0x1a Src/LTC6811.o
                0x0000000008007348                std::_Optional_base<LTC6811::VoltageStatus, true, true>::_Optional_base()
                0x0000000008007348                std::_Optional_base<LTC6811::VoltageStatus, true, true>::_Optional_base()
 .text._ZNSt8optionalIN7LTC681113VoltageStatusEEC2ESt9nullopt_t
                0x0000000008007362       0x1c Src/LTC6811.o
                0x0000000008007362                std::optional<LTC6811::VoltageStatus>::optional(std::nullopt_t)
                0x0000000008007362                std::optional<LTC6811::VoltageStatus>::optional(std::nullopt_t)
 .text._ZNSt5arrayIS_IN7LTC68118RegisterItEELj1EELj4EE5beginEv
                0x000000000800737e       0x18 Src/LTC6811.o
                0x000000000800737e                std::array<std::array<LTC6811::Register<unsigned short>, 1u>, 4u>::begin()
 .text._ZNSt5arrayIS_IN7LTC68118RegisterItEELj1EELj4EE3endEv
                0x0000000008007396       0x1a Src/LTC6811.o
                0x0000000008007396                std::array<std::array<LTC6811::Register<unsigned short>, 1u>, 4u>::end()
 .text._ZNKSt5arrayIN7LTC68118RegisterItEELj1EE5beginEv
                0x00000000080073b0       0x18 Src/LTC6811.o
                0x00000000080073b0                std::array<LTC6811::Register<unsigned short>, 1u>::begin() const
 .text._ZNKSt5arrayIN7LTC68118RegisterItEELj1EE3endEv
                0x00000000080073c8       0x1a Src/LTC6811.o
                0x00000000080073c8                std::array<LTC6811::Register<unsigned short>, 1u>::end() const
 .text._ZNSt8optionalIN7LTC681113VoltageStatusEEC2IS1_Lb1EEEOT_
                0x00000000080073e2       0x28 Src/LTC6811.o
                0x00000000080073e2                std::optional<LTC6811::VoltageStatus>::optional<LTC6811::VoltageStatus, true>(LTC6811::VoltageStatus&&)
                0x00000000080073e2                std::optional<LTC6811::VoltageStatus>::optional<LTC6811::VoltageStatus, true>(LTC6811::VoltageStatus&&)
 .text._ZNKSt5arrayIS_IN7LTC68118RegisterIsEELj1EELj2EE4sizeEv
                0x000000000800740a       0x16 Src/LTC6811.o
                0x000000000800740a                std::array<std::array<LTC6811::Register<short>, 1u>, 2u>::size() const
 .text._ZNSt22_Optional_payload_baseIN7LTC681110TempStatusEE8_StorageIS1_Lb1EEC2Ev
                0x0000000008007420       0x16 Src/LTC6811.o
                0x0000000008007420                std::_Optional_payload_base<LTC6811::TempStatus>::_Storage<LTC6811::TempStatus, true>::_Storage()
                0x0000000008007420                std::_Optional_payload_base<LTC6811::TempStatus>::_Storage<LTC6811::TempStatus, true>::_Storage()
 .text._ZNSt22_Optional_payload_baseIN7LTC681110TempStatusEEC2Ev
                0x0000000008007436       0x20 Src/LTC6811.o
                0x0000000008007436                std::_Optional_payload_base<LTC6811::TempStatus>::_Optional_payload_base()
                0x0000000008007436                std::_Optional_payload_base<LTC6811::TempStatus>::_Optional_payload_base()
 .text._ZNSt17_Optional_payloadIN7LTC681110TempStatusELb1ELb1ELb1EEC2Ev
                0x0000000008007456       0x1a Src/LTC6811.o
                0x0000000008007456                std::_Optional_payload<LTC6811::TempStatus, true, true, true>::_Optional_payload()
                0x0000000008007456                std::_Optional_payload<LTC6811::TempStatus, true, true, true>::_Optional_payload()
 .text._ZNSt14_Optional_baseIN7LTC681110TempStatusELb1ELb1EEC2Ev
                0x0000000008007470       0x1a Src/LTC6811.o
                0x0000000008007470                std::_Optional_base<LTC6811::TempStatus, true, true>::_Optional_base()
                0x0000000008007470                std::_Optional_base<LTC6811::TempStatus, true, true>::_Optional_base()
 .text._ZNSt8optionalIN7LTC681110TempStatusEEC2ESt9nullopt_t
                0x000000000800748a       0x1c Src/LTC6811.o
                0x000000000800748a                std::optional<LTC6811::TempStatus>::optional(std::nullopt_t)
                0x000000000800748a                std::optional<LTC6811::TempStatus>::optional(std::nullopt_t)
 .text._ZNSt5arrayIS_IN7LTC68118RegisterIsEELj1EELj2EE5beginEv
                0x00000000080074a6       0x18 Src/LTC6811.o
                0x00000000080074a6                std::array<std::array<LTC6811::Register<short>, 1u>, 2u>::begin()
 .text._ZNSt5arrayIS_IN7LTC68118RegisterIsEELj1EELj2EE3endEv
                0x00000000080074be       0x1a Src/LTC6811.o
                0x00000000080074be                std::array<std::array<LTC6811::Register<short>, 1u>, 2u>::end()
 .text._ZNSt5arrayIN7LTC68118RegisterIsEELj1EE5beginEv
                0x00000000080074d8       0x18 Src/LTC6811.o
                0x00000000080074d8                std::array<LTC6811::Register<short>, 1u>::begin()
 .text._ZNSt5arrayIN7LTC68118RegisterIsEELj1EE3endEv
                0x00000000080074f0       0x1a Src/LTC6811.o
                0x00000000080074f0                std::array<LTC6811::Register<short>, 1u>::end()
 .text._ZNSt5arrayIsLj3EE5beginEv
                0x000000000800750a       0x18 Src/LTC6811.o
                0x000000000800750a                std::array<short, 3u>::begin()
 .text._ZNSt5arrayIsLj3EE3endEv
                0x0000000008007522       0x1a Src/LTC6811.o
                0x0000000008007522                std::array<short, 3u>::end()
 .text._ZNSt8optionalIN7LTC681110TempStatusEEC2IS1_Lb1EEEOT_
                0x000000000800753c       0x28 Src/LTC6811.o
                0x000000000800753c                std::optional<LTC6811::TempStatus>::optional<LTC6811::TempStatus, true>(LTC6811::TempStatus&&)
                0x000000000800753c                std::optional<LTC6811::TempStatus>::optional<LTC6811::TempStatus, true>(LTC6811::TempStatus&&)
 .text._ZNSt14__array_traitsISt5arrayIhLj4EELj4EE6_S_refERA4_KS1_j
                0x0000000008007564       0x1e Src/LTC6811.o
                0x0000000008007564                std::__array_traits<std::array<unsigned char, 4u>, 4u>::_S_ref(std::array<unsigned char, 4u> const (&) [4], unsigned int)
 .text._ZNSt14__array_traitsISt5arrayIN7LTC68118RegisterItEELj1EELj4EE6_S_refERA4_KS4_j
                0x0000000008007582       0x1e Src/LTC6811.o
                0x0000000008007582                std::__array_traits<std::array<LTC6811::Register<unsigned short>, 1u>, 4u>::_S_ref(std::array<LTC6811::Register<unsigned short>, 1u> const (&) [4], unsigned int)
 .text._ZNSt5arrayIN7LTC68118RegisterItEELj1EE5beginEv
                0x00000000080075a0       0x18 Src/LTC6811.o
                0x00000000080075a0                std::array<LTC6811::Register<unsigned short>, 1u>::begin()
 .text._ZNSt5arrayIN7LTC68118RegisterItEELj1EE3endEv
                0x00000000080075b8       0x1a Src/LTC6811.o
                0x00000000080075b8                std::array<LTC6811::Register<unsigned short>, 1u>::end()
 *fill*         0x00000000080075d2        0x2 
 .text._ZN7LTC6811L9PEC15CalcItLj3EEEtRKSt5arrayIT_XT0_EEj
                0x00000000080075d4       0x84 Src/LTC6811.o
 .text._ZNSt14__array_traitsISt5arrayIhLj4EELj2EE6_S_refERA2_KS1_j
                0x0000000008007658       0x1e Src/LTC6811.o
                0x0000000008007658                std::__array_traits<std::array<unsigned char, 4u>, 2u>::_S_ref(std::array<unsigned char, 4u> const (&) [2], unsigned int)
 .text._ZNSt14__array_traitsISt5arrayIN7LTC68118RegisterIsEELj1EELj2EE6_S_refERA2_KS4_j
                0x0000000008007676       0x1e Src/LTC6811.o
                0x0000000008007676                std::__array_traits<std::array<LTC6811::Register<short>, 1u>, 2u>::_S_ref(std::array<LTC6811::Register<short>, 1u> const (&) [2], unsigned int)
 .text._ZN7LTC6811L9PEC15CalcIsLj3EEEtRKSt5arrayIT_XT0_EEj
                0x0000000008007694       0x84 Src/LTC6811.o
 .text._ZNSt14__array_traitsIhLj6EE6_S_refERA6_Khj
                0x0000000008007718       0x1c Src/LTC6811.o
                0x0000000008007718                std::__array_traits<unsigned char, 6u>::_S_ref(unsigned char const (&) [6], unsigned int)
 .text._ZNSt14__array_traitsISt5arrayIN7LTC68118RegisterItEELj1EELj4EE6_S_ptrERA4_KS4_
                0x0000000008007734       0x16 Src/LTC6811.o
                0x0000000008007734                std::__array_traits<std::array<LTC6811::Register<unsigned short>, 1u>, 4u>::_S_ptr(std::array<LTC6811::Register<unsigned short>, 1u> const (&) [4])
 .text._ZNKSt5arrayIS_IN7LTC68118RegisterItEELj1EELj4EE4dataEv
                0x000000000800774a       0x1a Src/LTC6811.o
                0x000000000800774a                std::array<std::array<LTC6811::Register<unsigned short>, 1u>, 4u>::data() const
 .text._ZNSt14__array_traitsIN7LTC68118RegisterItEELj1EE6_S_refERA1_KS2_j
                0x0000000008007764       0x1e Src/LTC6811.o
                0x0000000008007764                std::__array_traits<LTC6811::Register<unsigned short>, 1u>::_S_ref(LTC6811::Register<unsigned short> const (&) [1], unsigned int)
 .text._ZNSt14__array_traitsIN7LTC68118RegisterIhEELj1EE6_S_refERA1_KS2_j
                0x0000000008007782       0x1e Src/LTC6811.o
                0x0000000008007782                std::__array_traits<LTC6811::Register<unsigned char>, 1u>::_S_ref(LTC6811::Register<unsigned char> const (&) [1], unsigned int)
 .text._ZNSt5arrayIS_IN7LTC68118RegisterItEELj1EELj4EE4dataEv
                0x00000000080077a0       0x1a Src/LTC6811.o
                0x00000000080077a0                std::array<std::array<LTC6811::Register<unsigned short>, 1u>, 4u>::data()
 .text._ZNSt14__array_traitsIN7LTC68118RegisterItEELj1EE6_S_ptrERA1_KS2_
                0x00000000080077ba       0x16 Src/LTC6811.o
                0x00000000080077ba                std::__array_traits<LTC6811::Register<unsigned short>, 1u>::_S_ptr(LTC6811::Register<unsigned short> const (&) [1])
 .text._ZNKSt5arrayIN7LTC68118RegisterItEELj1EE4dataEv
                0x00000000080077d0       0x1a Src/LTC6811.o
                0x00000000080077d0                std::array<LTC6811::Register<unsigned short>, 1u>::data() const
 .text._ZSt7forwardIN7LTC681113VoltageStatusEEOT_RNSt16remove_referenceIS2_E4typeE
                0x00000000080077ea       0x16 Src/LTC6811.o
                0x00000000080077ea                LTC6811::VoltageStatus&& std::forward<LTC6811::VoltageStatus>(std::remove_reference<LTC6811::VoltageStatus>::type&)
 .text._ZNSt17_Optional_payloadIN7LTC681113VoltageStatusELb1ELb1ELb1EECI2St22_Optional_payload_baseIS1_EIJS1_EEESt10in_place_tDpOT_
                0x0000000008007800       0x22 Src/LTC6811.o
                0x0000000008007800                std::_Optional_payload<LTC6811::VoltageStatus, true, true, true>::_Optional_payload_base<LTC6811::VoltageStatus>(std::in_place_t, LTC6811::VoltageStatus&&)
                0x0000000008007800                std::_Optional_payload<LTC6811::VoltageStatus, true, true, true>::_Optional_payload_base<LTC6811::VoltageStatus>(std::in_place_t, LTC6811::VoltageStatus&&)
 .text._ZNSt14_Optional_baseIN7LTC681113VoltageStatusELb1ELb1EEC2IJS1_ELb0EEESt10in_place_tDpOT_
                0x0000000008007822       0x2a Src/LTC6811.o
                0x0000000008007822                std::_Optional_base<LTC6811::VoltageStatus, true, true>::_Optional_base<LTC6811::VoltageStatus, false>(std::in_place_t, LTC6811::VoltageStatus&&)
                0x0000000008007822                std::_Optional_base<LTC6811::VoltageStatus, true, true>::_Optional_base<LTC6811::VoltageStatus, false>(std::in_place_t, LTC6811::VoltageStatus&&)
 .text._ZNSt5arrayIS_IN7LTC68118RegisterIsEELj1EELj2EE4dataEv
                0x000000000800784c       0x1a Src/LTC6811.o
                0x000000000800784c                std::array<std::array<LTC6811::Register<short>, 1u>, 2u>::data()
 .text._ZNSt5arrayIN7LTC68118RegisterIsEELj1EE4dataEv
                0x0000000008007866       0x1a Src/LTC6811.o
                0x0000000008007866                std::array<LTC6811::Register<short>, 1u>::data()
 .text._ZNSt5arrayIsLj3EE4dataEv
                0x0000000008007880       0x1a Src/LTC6811.o
                0x0000000008007880                std::array<short, 3u>::data()
 .text._ZSt7forwardIN7LTC681110TempStatusEEOT_RNSt16remove_referenceIS2_E4typeE
                0x000000000800789a       0x16 Src/LTC6811.o
                0x000000000800789a                LTC6811::TempStatus&& std::forward<LTC6811::TempStatus>(std::remove_reference<LTC6811::TempStatus>::type&)
 .text._ZNSt17_Optional_payloadIN7LTC681110TempStatusELb1ELb1ELb1EECI2St22_Optional_payload_baseIS1_EIJS1_EEESt10in_place_tDpOT_
                0x00000000080078b0       0x22 Src/LTC6811.o
                0x00000000080078b0                std::_Optional_payload<LTC6811::TempStatus, true, true, true>::_Optional_payload_base<LTC6811::TempStatus>(std::in_place_t, LTC6811::TempStatus&&)
                0x00000000080078b0                std::_Optional_payload<LTC6811::TempStatus, true, true, true>::_Optional_payload_base<LTC6811::TempStatus>(std::in_place_t, LTC6811::TempStatus&&)
 .text._ZNSt14_Optional_baseIN7LTC681110TempStatusELb1ELb1EEC2IJS1_ELb0EEESt10in_place_tDpOT_
                0x00000000080078d2       0x2a Src/LTC6811.o
                0x00000000080078d2                std::_Optional_base<LTC6811::TempStatus, true, true>::_Optional_base<LTC6811::TempStatus, false>(std::in_place_t, LTC6811::TempStatus&&)
                0x00000000080078d2                std::_Optional_base<LTC6811::TempStatus, true, true>::_Optional_base<LTC6811::TempStatus, false>(std::in_place_t, LTC6811::TempStatus&&)
 .text._ZNSt5arrayIN7LTC68118RegisterItEELj1EE4dataEv
                0x00000000080078fc       0x1a Src/LTC6811.o
                0x00000000080078fc                std::array<LTC6811::Register<unsigned short>, 1u>::data()
 .text._ZNSt22_Optional_payload_baseIN7LTC681113VoltageStatusEE8_StorageIS1_Lb1EEC2IJS1_EEESt10in_place_tDpOT_
                0x0000000008007916       0x2c Src/LTC6811.o
                0x0000000008007916                std::_Optional_payload_base<LTC6811::VoltageStatus>::_Storage<LTC6811::VoltageStatus, true>::_Storage<LTC6811::VoltageStatus>(std::in_place_t, LTC6811::VoltageStatus&&)
                0x0000000008007916                std::_Optional_payload_base<LTC6811::VoltageStatus>::_Storage<LTC6811::VoltageStatus, true>::_Storage<LTC6811::VoltageStatus>(std::in_place_t, LTC6811::VoltageStatus&&)
 .text._ZNSt22_Optional_payload_baseIN7LTC681113VoltageStatusEEC2IJS1_EEESt10in_place_tDpOT_
                0x0000000008007942       0x30 Src/LTC6811.o
                0x0000000008007942                std::_Optional_payload_base<LTC6811::VoltageStatus>::_Optional_payload_base<LTC6811::VoltageStatus>(std::in_place_t, LTC6811::VoltageStatus&&)
                0x0000000008007942                std::_Optional_payload_base<LTC6811::VoltageStatus>::_Optional_payload_base<LTC6811::VoltageStatus>(std::in_place_t, LTC6811::VoltageStatus&&)
 .text._ZNSt14__array_traitsISt5arrayIN7LTC68118RegisterIsEELj1EELj2EE6_S_ptrERA2_KS4_
                0x0000000008007972       0x16 Src/LTC6811.o
                0x0000000008007972                std::__array_traits<std::array<LTC6811::Register<short>, 1u>, 2u>::_S_ptr(std::array<LTC6811::Register<short>, 1u> const (&) [2])
 .text._ZNSt14__array_traitsIN7LTC68118RegisterIsEELj1EE6_S_ptrERA1_KS2_
                0x0000000008007988       0x16 Src/LTC6811.o
                0x0000000008007988                std::__array_traits<LTC6811::Register<short>, 1u>::_S_ptr(LTC6811::Register<short> const (&) [1])
 .text._ZNSt14__array_traitsIsLj3EE6_S_ptrERA3_Ks
                0x000000000800799e       0x16 Src/LTC6811.o
                0x000000000800799e                std::__array_traits<short, 3u>::_S_ptr(short const (&) [3])
 .text._ZNSt22_Optional_payload_baseIN7LTC681110TempStatusEE8_StorageIS1_Lb1EEC2IJS1_EEESt10in_place_tDpOT_
                0x00000000080079b4       0x2a Src/LTC6811.o
                0x00000000080079b4                std::_Optional_payload_base<LTC6811::TempStatus>::_Storage<LTC6811::TempStatus, true>::_Storage<LTC6811::TempStatus>(std::in_place_t, LTC6811::TempStatus&&)
                0x00000000080079b4                std::_Optional_payload_base<LTC6811::TempStatus>::_Storage<LTC6811::TempStatus, true>::_Storage<LTC6811::TempStatus>(std::in_place_t, LTC6811::TempStatus&&)
 .text._ZNSt22_Optional_payload_baseIN7LTC681110TempStatusEEC2IJS1_EEESt10in_place_tDpOT_
                0x00000000080079de       0x30 Src/LTC6811.o
                0x00000000080079de                std::_Optional_payload_base<LTC6811::TempStatus>::_Optional_payload_base<LTC6811::TempStatus>(std::in_place_t, LTC6811::TempStatus&&)
                0x00000000080079de                std::_Optional_payload_base<LTC6811::TempStatus>::_Optional_payload_base<LTC6811::TempStatus>(std::in_place_t, LTC6811::TempStatus&&)
 .text._ZN6StatusC2Eh
                0x0000000008007a0e       0x32 Src/Status.o
                0x0000000008007a0e                Status::Status(unsigned char)
                0x0000000008007a0e                Status::Status(unsigned char)
 .text._ZNK6Status19set_precharge_stateE13GPIO_PinState
                0x0000000008007a40       0x34 Src/Status.o
                0x0000000008007a40                Status::set_precharge_state(GPIO_PinState) const
 .text._ZNK6Status19get_precharge_stateEv
                0x0000000008007a74       0x20 Src/Status.o
                0x0000000008007a74                Status::get_precharge_state() const
 .text._ZNK6Status13set_AIR_stateE13GPIO_PinState
                0x0000000008007a94       0x34 Src/Status.o
                0x0000000008007a94                Status::set_AIR_state(GPIO_PinState) const
 .text._ZNK6Status13get_AIR_stateEv
                0x0000000008007ac8       0x20 Src/Status.o
                0x0000000008007ac8                Status::get_AIR_state() const
 .text._ZN6Status8is_errorE5Errorb
                0x0000000008007ae8       0xc8 Src/Status.o
                0x0000000008007ae8                Status::is_error(Error, bool)
 .text.get_fattime
                0x0000000008007bb0       0x10 Src/fatfs.o
                0x0000000008007bb0                get_fattime
 .text._ZStanSt12memory_orderSt23__memory_order_modifier
                0x0000000008007bc0       0x26 Src/main.o
                0x0000000008007bc0                std::operator&(std::memory_order, std::__memory_order_modifier)
 .text._ZNSt6atomicImEC2Em
                0x0000000008007be6       0x1e Src/main.o
                0x0000000008007be6                std::atomic<unsigned long>::atomic(unsigned long)
                0x0000000008007be6                std::atomic<unsigned long>::atomic(unsigned long)
 .text._ZN4NLG5C2ER19__CAN_HandleTypeDefR19CAN_TxHeaderTypeDefttt
                0x0000000008007c04       0x54 Src/main.o
                0x0000000008007c04                NLG5::NLG5(__CAN_HandleTypeDef&, CAN_TxHeaderTypeDef&, unsigned short, unsigned short, unsigned short)
                0x0000000008007c04                NLG5::NLG5(__CAN_HandleTypeDef&, CAN_TxHeaderTypeDef&, unsigned short, unsigned short, unsigned short)
 .text._ZN4NLG516setChargeCurrentEt
                0x0000000008007c58       0x3a Src/main.o
                0x0000000008007c58                NLG5::setChargeCurrent(unsigned short)
 *fill*         0x0000000008007c92        0x2 
 .text._ZN4NLG54tickEv
                0x0000000008007c94      0x104 Src/main.o
                0x0000000008007c94                NLG5::tick()
 .text._ZN7PWM_FanC2Eh
                0x0000000008007d98       0x26 Src/main.o
                0x0000000008007d98                PWM_Fan::PWM_Fan(unsigned char)
                0x0000000008007d98                PWM_Fan::PWM_Fan(unsigned char)
 .text._ZSt5clampIhERKT_S2_S2_S2_
                0x0000000008007dbe       0x3a Src/main.o
                0x0000000008007dbe                unsigned char const& std::clamp<unsigned char>(unsigned char const&, unsigned char const&, unsigned char const&)
 .text._ZNK7PWM_Fan12setDutyCycleEh
                0x0000000008007df8       0x3c Src/main.o
                0x0000000008007df8                PWM_Fan::setDutyCycle(unsigned char) const
 .text._ZN7PWM_Fan13calcDutyCycleEs
                0x0000000008007e34       0x78 Src/main.o
                0x0000000008007e34                PWM_Fan::calcDutyCycle(short)
 .text._ZN7PWM_Fan7setModeENS_4ModeE
                0x0000000008007eac       0x1e Src/main.o
                0x0000000008007eac                PWM_Fan::setMode(PWM_Fan::Mode)
 .text._ZNK7PWM_Fan7getModeEv
                0x0000000008007eca       0x1a Src/main.o
                0x0000000008007eca                PWM_Fan::getMode() const
 .text._ZNK6Status11get_op_modeEv
                0x0000000008007ee4       0x1a Src/main.o
                0x0000000008007ee4                Status::get_op_mode() const
 .text._ZN6Status11set_op_modeE7Op_Mode
                0x0000000008007efe       0x1e Src/main.o
                0x0000000008007efe                Status::set_op_mode(Op_Mode)
 .text._ZNK6Status14get_last_errorEv
                0x0000000008007f1c       0x18 Src/main.o
                0x0000000008007f1c                Status::get_last_error() const
 .text._ZN6Status15get_error_countE5Error
                0x0000000008007f34       0x20 Src/main.o
                0x0000000008007f34                Status::get_error_count(Error)
 .text._ZN6Status20get_error_over_limitE5Error
                0x0000000008007f54       0x34 Src/main.o
                0x0000000008007f54                Status::get_error_over_limit(Error)
 .text._ZN7RTClock4tickEv
                0x0000000008007f88       0x80 Src/main.o
                0x0000000008007f88                RTClock::tick()
 .text._Z10get_uptimev
                0x0000000008008008       0x24 Src/main.o
                0x0000000008008008                get_uptime()
 .text.HAL_IncTick
                0x000000000800802c       0x60 Src/main.o
                0x000000000800802c                HAL_IncTick
 .text._ZNKSt8optionalIN7LTC681113VoltageStatusEE9has_valueEv
                0x000000000800808c       0x18 Src/main.o
                0x000000000800808c                std::optional<LTC6811::VoltageStatus>::has_value() const
 .text._ZNKSt19_Optional_base_implIN7LTC681113VoltageStatusESt14_Optional_baseIS1_Lb1ELb1EEE13_M_is_engagedEv
                0x00000000080080a4       0x18 Src/main.o
                0x00000000080080a4                std::_Optional_base_impl<LTC6811::VoltageStatus, std::_Optional_base<LTC6811::VoltageStatus, true, true> >::_M_is_engaged() const
 .text._ZNKSt8optionalIN7LTC681110TempStatusEE9has_valueEv
                0x00000000080080bc       0x18 Src/main.o
                0x00000000080080bc                std::optional<LTC6811::TempStatus>::has_value() const
 .text._ZNKSt19_Optional_base_implIN7LTC681110TempStatusESt14_Optional_baseIS1_Lb1ELb1EEE13_M_is_engagedEv
                0x00000000080080d4       0x18 Src/main.o
                0x00000000080080d4                std::_Optional_base_impl<LTC6811::TempStatus, std::_Optional_base<LTC6811::TempStatus, true, true> >::_M_is_engaged() const
 .text._ZNKSt8optionalIN7LTC681113VoltageStatusEEptEv
                0x00000000080080ec       0x20 Src/main.o
                0x00000000080080ec                std::optional<LTC6811::VoltageStatus>::operator->() const
 .text._ZSt11__addressofIKN7LTC681113VoltageStatusEEPT_RS3_
                0x000000000800810c       0x16 Src/main.o
                0x000000000800810c                LTC6811::VoltageStatus const* std::__addressof<LTC6811::VoltageStatus const>(LTC6811::VoltageStatus const&)
 .text._ZNKSt19_Optional_base_implIN7LTC681113VoltageStatusESt14_Optional_baseIS1_Lb1ELb1EEE6_M_getEv
                0x0000000008008122       0x1a Src/main.o
                0x0000000008008122                std::_Optional_base_impl<LTC6811::VoltageStatus, std::_Optional_base<LTC6811::VoltageStatus, true, true> >::_M_get() const
 .text._ZNKSt22_Optional_payload_baseIN7LTC681113VoltageStatusEE6_M_getEv
                0x000000000800813c       0x16 Src/main.o
                0x000000000800813c                std::_Optional_payload_base<LTC6811::VoltageStatus>::_M_get() const
 .text._ZNKSt8optionalIN7LTC681110TempStatusEEptEv
                0x0000000008008152       0x20 Src/main.o
                0x0000000008008152                std::optional<LTC6811::TempStatus>::operator->() const
 .text._ZSt11__addressofIKN7LTC681110TempStatusEEPT_RS3_
                0x0000000008008172       0x16 Src/main.o
                0x0000000008008172                LTC6811::TempStatus const* std::__addressof<LTC6811::TempStatus const>(LTC6811::TempStatus const&)
 .text._ZNKSt19_Optional_base_implIN7LTC681110TempStatusESt14_Optional_baseIS1_Lb1ELb1EEE6_M_getEv
                0x0000000008008188       0x1a Src/main.o
                0x0000000008008188                std::_Optional_base_impl<LTC6811::TempStatus, std::_Optional_base<LTC6811::TempStatus, true, true> >::_M_get() const
 .text._ZNKSt22_Optional_payload_baseIN7LTC681110TempStatusEE6_M_getEv
                0x00000000080081a2       0x16 Src/main.o
                0x00000000080081a2                std::_Optional_payload_base<LTC6811::TempStatus>::_M_get() const
 .text.main     0x00000000080081b8      0x71c Src/main.o
                0x00000000080081b8                main
 .text._ZL18SystemClock_Configv
                0x00000000080088d4      0x138 Src/main.o
 .text._ZL12MX_CAN1_Initv
                0x0000000008008a0c       0xb4 Src/main.o
 .text._ZL12MX_CAN2_Initv
                0x0000000008008ac0       0xb8 Src/main.o
 .text._ZL12MX_SPI1_Initv
                0x0000000008008b78       0x78 Src/main.o
 .text._ZL12MX_TIM2_Initv
                0x0000000008008bf0      0x120 Src/main.o
 .text._ZL12MX_GPIO_Initv
                0x0000000008008d10      0x130 Src/main.o
 .text.HAL_CAN_RxFifo0MsgPendingCallback
                0x0000000008008e40       0xf8 Src/main.o
                0x0000000008008e40                HAL_CAN_RxFifo0MsgPendingCallback
 .text.HAL_CAN_RxFifo1MsgPendingCallback
                0x0000000008008f38      0x1bc Src/main.o
                0x0000000008008f38                HAL_CAN_RxFifo1MsgPendingCallback
 .text._Z11CANTxStatusv
                0x00000000080090f4       0x84 Src/main.o
                0x00000000080090f4                CANTxStatus()
 .text._Z13CANTxPECErrorv
                0x0000000008009178       0x94 Src/main.o
                0x0000000008009178                CANTxPECError()
 .text._Z9CANTxDatatts
                0x000000000800920c       0x94 Src/main.o
                0x000000000800920c                CANTxData(unsigned short, unsigned short, short)
 .text._Z12CANTxVoltagev
                0x00000000080092a0      0x100 Src/main.o
                0x00000000080092a0                CANTxVoltage()
 .text._ZNKSt5arrayIsLj3EE5beginEv
                0x00000000080093a0       0x18 Src/main.o
                0x00000000080093a0                std::array<short, 3u>::begin() const
 .text._ZNKSt5arrayIsLj3EE3endEv
                0x00000000080093b8       0x1a Src/main.o
                0x00000000080093b8                std::array<short, 3u>::end() const
 *fill*         0x00000000080093d2        0x2 
 .text._Z16CANTxTemperaturev
                0x00000000080093d4      0x118 Src/main.o
                0x00000000080093d4                CANTxTemperature()
 .text._Z21CANTxVoltageLimpTotalm
                0x00000000080094ec       0x70 Src/main.o
                0x00000000080094ec                CANTxVoltageLimpTotal(unsigned long)
 .text._ZNKSt5arrayIN7LTC68118RegisterIhEELj1EE5beginEv
                0x000000000800955c       0x18 Src/main.o
                0x000000000800955c                std::array<LTC6811::Register<unsigned char>, 1u>::begin() const
 .text._ZNKSt5arrayIN7LTC68118RegisterIhEELj1EE3endEv
                0x0000000008009574       0x1a Src/main.o
                0x0000000008009574                std::array<LTC6811::Register<unsigned char>, 1u>::end() const
 *fill*         0x000000000800958e        0x2 
 .text._Z10CANTxDCCfgv
                0x0000000008009590       0xd0 Src/main.o
                0x0000000008009590                CANTxDCCfg()
 .text._Z15CANTxVolumeSizem
                0x0000000008009660       0x58 Src/main.o
                0x0000000008009660                CANTxVolumeSize(unsigned long)
 .text.Error_Handler
                0x00000000080096b8        0xe Src/main.o
                0x00000000080096b8                Error_Handler
 .text._ZNSt13__atomic_baseImEC2Em
                0x00000000080096c6       0x1e Src/main.o
                0x00000000080096c6                std::__atomic_base<unsigned long>::__atomic_base(unsigned long)
                0x00000000080096c6                std::__atomic_base<unsigned long>::__atomic_base(unsigned long)
 .text._ZNSt13__atomic_baseImEppEv
                0x00000000080096e4       0x30 Src/main.o
                0x00000000080096e4                std::__atomic_base<unsigned long>::operator++()
 .text._ZNSt13__atomic_baseImEaSEm
                0x0000000008009714       0x40 Src/main.o
                0x0000000008009714                std::__atomic_base<unsigned long>::operator=(unsigned long)
 .text._ZNSt13__atomic_baseIhEppEv
                0x0000000008009754       0x30 Src/main.o
                0x0000000008009754                std::__atomic_base<unsigned char>::operator++()
 .text._ZNSt13__atomic_baseIhEaSEh
                0x0000000008009784       0x42 Src/main.o
                0x0000000008009784                std::__atomic_base<unsigned char>::operator=(unsigned char)
 .text._ZNKRSt8optionalIN7LTC681113VoltageStatusEEdeEv
                0x00000000080097c6       0x18 Src/main.o
                0x00000000080097c6                std::optional<LTC6811::VoltageStatus>::operator*() const &
 .text._ZNKSt5arrayIN7LTC68118RegisterIsEELj1EE5beginEv
                0x00000000080097de       0x18 Src/main.o
                0x00000000080097de                std::array<LTC6811::Register<short>, 1u>::begin() const
 .text._ZNKSt5arrayIN7LTC68118RegisterIsEELj1EE3endEv
                0x00000000080097f6       0x1a Src/main.o
                0x00000000080097f6                std::array<LTC6811::Register<short>, 1u>::end() const
 .text._ZNKSt5arrayIN7LTC68118RegisterIsEELj1EEixEj
                0x0000000008009810       0x1e Src/main.o
                0x0000000008009810                std::array<LTC6811::Register<short>, 1u>::operator[](unsigned int) const
 .text._ZNKSt5arrayIsLj3EE4dataEv
                0x000000000800982e       0x1a Src/main.o
                0x000000000800982e                std::array<short, 3u>::data() const
 .text._ZNSt14__array_traitsIN7LTC68118RegisterIhEELj1EE6_S_ptrERA1_KS2_
                0x0000000008009848       0x16 Src/main.o
                0x0000000008009848                std::__array_traits<LTC6811::Register<unsigned char>, 1u>::_S_ptr(LTC6811::Register<unsigned char> const (&) [1])
 .text._ZNKSt5arrayIN7LTC68118RegisterIhEELj1EE4dataEv
                0x000000000800985e       0x1a Src/main.o
                0x000000000800985e                std::array<LTC6811::Register<unsigned char>, 1u>::data() const
 .text._ZNKSt5arrayIN7LTC68118RegisterIsEELj1EE4dataEv
                0x0000000008009878       0x1a Src/main.o
                0x0000000008009878                std::array<LTC6811::Register<short>, 1u>::data() const
 .text._ZNSt14__array_traitsIN7LTC68118RegisterIsEELj1EE6_S_refERA1_KS2_j
                0x0000000008009892       0x1e Src/main.o
                0x0000000008009892                std::__array_traits<LTC6811::Register<short>, 1u>::_S_ref(LTC6811::Register<short> const (&) [1], unsigned int)
 .text._Z41__static_initialization_and_destruction_0ii
                0x00000000080098b0       0x30 Src/main.o
 .text._GLOBAL__sub_I_rtc
                0x00000000080098e0       0x10 Src/main.o
 .text.HAL_MspInit
                0x00000000080098f0       0x50 Src/stm32f4xx_hal_msp.o
                0x00000000080098f0                HAL_MspInit
 .text.HAL_CAN_MspInit
                0x0000000008009940      0x164 Src/stm32f4xx_hal_msp.o
                0x0000000008009940                HAL_CAN_MspInit
 .text.HAL_SPI_MspInit
                0x0000000008009aa4       0x90 Src/stm32f4xx_hal_msp.o
                0x0000000008009aa4                HAL_SPI_MspInit
 .text.HAL_TIM_Base_MspInit
                0x0000000008009b34       0x40 Src/stm32f4xx_hal_msp.o
                0x0000000008009b34                HAL_TIM_Base_MspInit
 .text.HAL_TIM_MspPostInit
                0x0000000008009b74       0x70 Src/stm32f4xx_hal_msp.o
                0x0000000008009b74                HAL_TIM_MspPostInit
 .text.NMI_Handler
                0x0000000008009be4        0xe Src/stm32f4xx_it.o
                0x0000000008009be4                NMI_Handler
 .text.HardFault_Handler
                0x0000000008009bf2        0x6 Src/stm32f4xx_it.o
                0x0000000008009bf2                HardFault_Handler
 .text.MemManage_Handler
                0x0000000008009bf8        0x6 Src/stm32f4xx_it.o
                0x0000000008009bf8                MemManage_Handler
 .text.BusFault_Handler
                0x0000000008009bfe        0x6 Src/stm32f4xx_it.o
                0x0000000008009bfe                BusFault_Handler
 .text.UsageFault_Handler
                0x0000000008009c04        0x6 Src/stm32f4xx_it.o
                0x0000000008009c04                UsageFault_Handler
 .text.SVC_Handler
                0x0000000008009c0a        0xe Src/stm32f4xx_it.o
                0x0000000008009c0a                SVC_Handler
 .text.DebugMon_Handler
                0x0000000008009c18        0xe Src/stm32f4xx_it.o
                0x0000000008009c18                DebugMon_Handler
 .text.PendSV_Handler
                0x0000000008009c26        0xe Src/stm32f4xx_it.o
                0x0000000008009c26                PendSV_Handler
 .text.SysTick_Handler
                0x0000000008009c34        0xc Src/stm32f4xx_it.o
                0x0000000008009c34                SysTick_Handler
 .text.CAN1_RX0_IRQHandler
                0x0000000008009c40       0x14 Src/stm32f4xx_it.o
                0x0000000008009c40                CAN1_RX0_IRQHandler
 .text.CAN2_RX1_IRQHandler
                0x0000000008009c54       0x14 Src/stm32f4xx_it.o
                0x0000000008009c54                CAN2_RX1_IRQHandler
 .text._getpid  0x0000000008009c68       0x10 Src/syscalls.o
                0x0000000008009c68                _getpid
 .text._kill    0x0000000008009c78       0x20 Src/syscalls.o
                0x0000000008009c78                _kill
 .text._exit    0x0000000008009c98       0x14 Src/syscalls.o
                0x0000000008009c98                _exit
 .text._sbrk    0x0000000008009cac       0x58 Src/sysmem.o
                0x0000000008009cac                _sbrk
 .text.SystemInit
                0x0000000008009d04       0x6c Src/system_stm32f4xx.o
                0x0000000008009d04                SystemInit
 .text.Reset_Handler
                0x0000000008009d70       0x50 Startup/startup_stm32f446retx.o
                0x0000000008009d70                Reset_Handler
 .text.Default_Handler
                0x0000000008009dc0        0x2 Startup/startup_stm32f446retx.o
                0x0000000008009dc0                RTC_Alarm_IRQHandler
                0x0000000008009dc0                EXTI2_IRQHandler
                0x0000000008009dc0                TIM8_CC_IRQHandler
                0x0000000008009dc0                FMPI2C1_EV_IRQHandler
                0x0000000008009dc0                SPI4_IRQHandler
                0x0000000008009dc0                TIM1_CC_IRQHandler
                0x0000000008009dc0                DMA2_Stream5_IRQHandler
                0x0000000008009dc0                DMA1_Stream5_IRQHandler
                0x0000000008009dc0                PVD_IRQHandler
                0x0000000008009dc0                SDIO_IRQHandler
                0x0000000008009dc0                TAMP_STAMP_IRQHandler
                0x0000000008009dc0                EXTI3_IRQHandler
                0x0000000008009dc0                TIM8_TRG_COM_TIM14_IRQHandler
                0x0000000008009dc0                TIM1_UP_TIM10_IRQHandler
                0x0000000008009dc0                TIM8_UP_TIM13_IRQHandler
                0x0000000008009dc0                I2C3_ER_IRQHandler
                0x0000000008009dc0                EXTI0_IRQHandler
                0x0000000008009dc0                I2C2_EV_IRQHandler
                0x0000000008009dc0                DMA1_Stream2_IRQHandler
                0x0000000008009dc0                FPU_IRQHandler
                0x0000000008009dc0                OTG_HS_WKUP_IRQHandler
                0x0000000008009dc0                CAN2_SCE_IRQHandler
                0x0000000008009dc0                DMA2_Stream2_IRQHandler
                0x0000000008009dc0                SPI1_IRQHandler
                0x0000000008009dc0                TIM6_DAC_IRQHandler
                0x0000000008009dc0                TIM1_BRK_TIM9_IRQHandler
                0x0000000008009dc0                DCMI_IRQHandler
                0x0000000008009dc0                CAN2_RX0_IRQHandler
                0x0000000008009dc0                DMA2_Stream3_IRQHandler
                0x0000000008009dc0                SAI2_IRQHandler
                0x0000000008009dc0                USART6_IRQHandler
                0x0000000008009dc0                USART3_IRQHandler
                0x0000000008009dc0                CAN1_RX1_IRQHandler
                0x0000000008009dc0                UART5_IRQHandler
                0x0000000008009dc0                DMA2_Stream0_IRQHandler
                0x0000000008009dc0                TIM4_IRQHandler
                0x0000000008009dc0                QUADSPI_IRQHandler
                0x0000000008009dc0                I2C1_EV_IRQHandler
                0x0000000008009dc0                DMA1_Stream6_IRQHandler
                0x0000000008009dc0                DMA1_Stream1_IRQHandler
                0x0000000008009dc0                UART4_IRQHandler
                0x0000000008009dc0                TIM3_IRQHandler
                0x0000000008009dc0                RCC_IRQHandler
                0x0000000008009dc0                TIM8_BRK_TIM12_IRQHandler
                0x0000000008009dc0                Default_Handler
                0x0000000008009dc0                CEC_IRQHandler
                0x0000000008009dc0                EXTI15_10_IRQHandler
                0x0000000008009dc0                ADC_IRQHandler
                0x0000000008009dc0                DMA1_Stream7_IRQHandler
                0x0000000008009dc0                TIM7_IRQHandler
                0x0000000008009dc0                CAN2_TX_IRQHandler
                0x0000000008009dc0                TIM5_IRQHandler
                0x0000000008009dc0                DMA2_Stream7_IRQHandler
                0x0000000008009dc0                I2C3_EV_IRQHandler
                0x0000000008009dc0                EXTI9_5_IRQHandler
                0x0000000008009dc0                RTC_WKUP_IRQHandler
                0x0000000008009dc0                SPDIF_RX_IRQHandler
                0x0000000008009dc0                SPI2_IRQHandler
                0x0000000008009dc0                OTG_HS_EP1_IN_IRQHandler
                0x0000000008009dc0                DMA1_Stream0_IRQHandler
                0x0000000008009dc0                CAN1_TX_IRQHandler
                0x0000000008009dc0                FMPI2C1_ER_IRQHandler
                0x0000000008009dc0                EXTI4_IRQHandler
                0x0000000008009dc0                OTG_HS_EP1_OUT_IRQHandler
                0x0000000008009dc0                WWDG_IRQHandler
                0x0000000008009dc0                TIM2_IRQHandler
                0x0000000008009dc0                OTG_FS_WKUP_IRQHandler
                0x0000000008009dc0                TIM1_TRG_COM_TIM11_IRQHandler
                0x0000000008009dc0                OTG_HS_IRQHandler
                0x0000000008009dc0                EXTI1_IRQHandler
                0x0000000008009dc0                USART2_IRQHandler
                0x0000000008009dc0                I2C2_ER_IRQHandler
                0x0000000008009dc0                DMA2_Stream1_IRQHandler
                0x0000000008009dc0                CAN1_SCE_IRQHandler
                0x0000000008009dc0                FLASH_IRQHandler
                0x0000000008009dc0                DMA2_Stream4_IRQHandler
                0x0000000008009dc0                USART1_IRQHandler
                0x0000000008009dc0                OTG_FS_IRQHandler
                0x0000000008009dc0                SPI3_IRQHandler
                0x0000000008009dc0                DMA1_Stream4_IRQHandler
                0x0000000008009dc0                I2C1_ER_IRQHandler
                0x0000000008009dc0                FMC_IRQHandler
                0x0000000008009dc0                DMA2_Stream6_IRQHandler
                0x0000000008009dc0                SAI1_IRQHandler
                0x0000000008009dc0                DMA1_Stream3_IRQHandler
 .text.__cxa_guard_acquire
                0x0000000008009dc2       0x18 c:/st/stm32cubeide_1.0.2/stm32cubeide/plugins/com.st.stm32cube.ide.mcu.externaltools.gnu-tools-for-stm32.9-2020-q2-update.win32_1.5.0.202011040924/tools/bin/../lib/gcc/arm-none-eabi/9.3.1/../../../../arm-none-eabi/lib/thumb/v7e-m+fp/hard\libstdc++_nano.a(guard.o)
                0x0000000008009dc2                __cxa_guard_acquire
 .text.__cxa_guard_release
                0x0000000008009dda        0x6 c:/st/stm32cubeide_1.0.2/stm32cubeide/plugins/com.st.stm32cube.ide.mcu.externaltools.gnu-tools-for-stm32.9-2020-q2-update.win32_1.5.0.202011040924/tools/bin/../lib/gcc/arm-none-eabi/9.3.1/../../../../arm-none-eabi/lib/thumb/v7e-m+fp/hard\libstdc++_nano.a(guard.o)
                0x0000000008009dda                __cxa_guard_release
 .text._Znwj    0x0000000008009de0       0x22 c:/st/stm32cubeide_1.0.2/stm32cubeide/plugins/com.st.stm32cube.ide.mcu.externaltools.gnu-tools-for-stm32.9-2020-q2-update.win32_1.5.0.202011040924/tools/bin/../lib/gcc/arm-none-eabi/9.3.1/../../../../arm-none-eabi/lib/thumb/v7e-m+fp/hard\libstdc++_nano.a(new_op.o)
                0x0000000008009de0                operator new(unsigned int)
 *fill*         0x0000000008009e02        0x2 
 .text._ZSt15get_new_handlerv
                0x0000000008009e04       0x10 c:/st/stm32cubeide_1.0.2/stm32cubeide/plugins/com.st.stm32cube.ide.mcu.externaltools.gnu-tools-for-stm32.9-2020-q2-update.win32_1.5.0.202011040924/tools/bin/../lib/gcc/arm-none-eabi/9.3.1/../../../../arm-none-eabi/lib/thumb/v7e-m+fp/hard\libstdc++_nano.a(new_handler.o)
                0x0000000008009e04                std::get_new_handler()
 .text.logf     0x0000000008009e14       0x6c c:/st/stm32cubeide_1.0.2/stm32cubeide/plugins/com.st.stm32cube.ide.mcu.externaltools.gnu-tools-for-stm32.9-2020-q2-update.win32_1.5.0.202011040924/tools/bin/../lib/gcc/arm-none-eabi/9.3.1/../../../../arm-none-eabi/lib/thumb/v7e-m+fp/hard\libm.a(lib_a-wf_log.o)
                0x0000000008009e14                logf
 .text.__ieee754_logf
                0x0000000008009e80      0x1e0 c:/st/stm32cubeide_1.0.2/stm32cubeide/plugins/com.st.stm32cube.ide.mcu.externaltools.gnu-tools-for-stm32.9-2020-q2-update.win32_1.5.0.202011040924/tools/bin/../lib/gcc/arm-none-eabi/9.3.1/../../../../arm-none-eabi/lib/thumb/v7e-m+fp/hard\libm.a(lib_a-ef_log.o)
                0x0000000008009e80                __ieee754_logf
 .text.nanf     0x000000000800a060        0xc c:/st/stm32cubeide_1.0.2/stm32cubeide/plugins/com.st.stm32cube.ide.mcu.externaltools.gnu-tools-for-stm32.9-2020-q2-update.win32_1.5.0.202011040924/tools/bin/../lib/gcc/arm-none-eabi/9.3.1/../../../../arm-none-eabi/lib/thumb/v7e-m+fp/hard\libm.a(lib_a-sf_nan.o)
                0x000000000800a060                nanf
 .text.abort    0x000000000800a06c        0xe c:/st/stm32cubeide_1.0.2/stm32cubeide/plugins/com.st.stm32cube.ide.mcu.externaltools.gnu-tools-for-stm32.9-2020-q2-update.win32_1.5.0.202011040924/tools/bin/../lib/gcc/arm-none-eabi/9.3.1/../../../../arm-none-eabi/lib/thumb/v7e-m+fp/hard\libc_nano.a(lib_a-abort.o)
                0x000000000800a06c                abort
 *fill*         0x000000000800a07a        0x2 
 .text.__errno  0x000000000800a07c        0xc c:/st/stm32cubeide_1.0.2/stm32cubeide/plugins/com.st.stm32cube.ide.mcu.externaltools.gnu-tools-for-stm32.9-2020-q2-update.win32_1.5.0.202011040924/tools/bin/../lib/gcc/arm-none-eabi/9.3.1/../../../../arm-none-eabi/lib/thumb/v7e-m+fp/hard\libc_nano.a(lib_a-errno.o)
                0x000000000800a07c                __errno
 .text.__libc_init_array
                0x000000000800a088       0x48 c:/st/stm32cubeide_1.0.2/stm32cubeide/plugins/com.st.stm32cube.ide.mcu.externaltools.gnu-tools-for-stm32.9-2020-q2-update.win32_1.5.0.202011040924/tools/bin/../lib/gcc/arm-none-eabi/9.3.1/../../../../arm-none-eabi/lib/thumb/v7e-m+fp/hard\libc_nano.a(lib_a-init.o)
                0x000000000800a088                __libc_init_array
 .text.malloc   0x000000000800a0d0       0x10 c:/st/stm32cubeide_1.0.2/stm32cubeide/plugins/com.st.stm32cube.ide.mcu.externaltools.gnu-tools-for-stm32.9-2020-q2-update.win32_1.5.0.202011040924/tools/bin/../lib/gcc/arm-none-eabi/9.3.1/../../../../arm-none-eabi/lib/thumb/v7e-m+fp/hard\libc_nano.a(lib_a-malloc.o)
                0x000000000800a0d0                malloc
 .text.memset   0x000000000800a0e0       0x10 c:/st/stm32cubeide_1.0.2/stm32cubeide/plugins/com.st.stm32cube.ide.mcu.externaltools.gnu-tools-for-stm32.9-2020-q2-update.win32_1.5.0.202011040924/tools/bin/../lib/gcc/arm-none-eabi/9.3.1/../../../../arm-none-eabi/lib/thumb/v7e-m+fp/hard\libc_nano.a(lib_a-memset.o)
                0x000000000800a0e0                memset
 .text._malloc_r
                0x000000000800a0f0       0xb4 c:/st/stm32cubeide_1.0.2/stm32cubeide/plugins/com.st.stm32cube.ide.mcu.externaltools.gnu-tools-for-stm32.9-2020-q2-update.win32_1.5.0.202011040924/tools/bin/../lib/gcc/arm-none-eabi/9.3.1/../../../../arm-none-eabi/lib/thumb/v7e-m+fp/hard\libc_nano.a(lib_a-nano-mallocr.o)
                0x000000000800a0f0                _malloc_r
 .text._sbrk_r  0x000000000800a1a4       0x20 c:/st/stm32cubeide_1.0.2/stm32cubeide/plugins/com.st.stm32cube.ide.mcu.externaltools.gnu-tools-for-stm32.9-2020-q2-update.win32_1.5.0.202011040924/tools/bin/../lib/gcc/arm-none-eabi/9.3.1/../../../../arm-none-eabi/lib/thumb/v7e-m+fp/hard\libc_nano.a(lib_a-sbrkr.o)
                0x000000000800a1a4                _sbrk_r
 .text._raise_r
                0x000000000800a1c4       0x50 c:/st/stm32cubeide_1.0.2/stm32cubeide/plugins/com.st.stm32cube.ide.mcu.externaltools.gnu-tools-for-stm32.9-2020-q2-update.win32_1.5.0.202011040924/tools/bin/../lib/gcc/arm-none-eabi/9.3.1/../../../../arm-none-eabi/lib/thumb/v7e-m+fp/hard\libc_nano.a(lib_a-signal.o)
                0x000000000800a1c4                _raise_r
 .text.raise    0x000000000800a214       0x10 c:/st/stm32cubeide_1.0.2/stm32cubeide/plugins/com.st.stm32cube.ide.mcu.externaltools.gnu-tools-for-stm32.9-2020-q2-update.win32_1.5.0.202011040924/tools/bin/../lib/gcc/arm-none-eabi/9.3.1/../../../../arm-none-eabi/lib/thumb/v7e-m+fp/hard\libc_nano.a(lib_a-signal.o)
                0x000000000800a214                raise
 .text._kill_r  0x000000000800a224       0x24 c:/st/stm32cubeide_1.0.2/stm32cubeide/plugins/com.st.stm32cube.ide.mcu.externaltools.gnu-tools-for-stm32.9-2020-q2-update.win32_1.5.0.202011040924/tools/bin/../lib/gcc/arm-none-eabi/9.3.1/../../../../arm-none-eabi/lib/thumb/v7e-m+fp/hard\libc_nano.a(lib_a-signalr.o)
                0x000000000800a224                _kill_r
 .text._getpid_r
                0x000000000800a248        0x4 c:/st/stm32cubeide_1.0.2/stm32cubeide/plugins/com.st.stm32cube.ide.mcu.externaltools.gnu-tools-for-stm32.9-2020-q2-update.win32_1.5.0.202011040924/tools/bin/../lib/gcc/arm-none-eabi/9.3.1/../../../../arm-none-eabi/lib/thumb/v7e-m+fp/hard\libc_nano.a(lib_a-signalr.o)
                0x000000000800a248                _getpid_r
 .text.__malloc_lock
                0x000000000800a24c        0xc c:/st/stm32cubeide_1.0.2/stm32cubeide/plugins/com.st.stm32cube.ide.mcu.externaltools.gnu-tools-for-stm32.9-2020-q2-update.win32_1.5.0.202011040924/tools/bin/../lib/gcc/arm-none-eabi/9.3.1/../../../../arm-none-eabi/lib/thumb/v7e-m+fp/hard\libc_nano.a(lib_a-mlock.o)
                0x000000000800a24c                __malloc_lock
 .text.__malloc_unlock
                0x000000000800a258        0xc c:/st/stm32cubeide_1.0.2/stm32cubeide/plugins/com.st.stm32cube.ide.mcu.externaltools.gnu-tools-for-stm32.9-2020-q2-update.win32_1.5.0.202011040924/tools/bin/../lib/gcc/arm-none-eabi/9.3.1/../../../../arm-none-eabi/lib/thumb/v7e-m+fp/hard\libc_nano.a(lib_a-mlock.o)
                0x000000000800a258                __malloc_unlock
 .text.__retarget_lock_acquire_recursive
                0x000000000800a264        0x2 c:/st/stm32cubeide_1.0.2/stm32cubeide/plugins/com.st.stm32cube.ide.mcu.externaltools.gnu-tools-for-stm32.9-2020-q2-update.win32_1.5.0.202011040924/tools/bin/../lib/gcc/arm-none-eabi/9.3.1/../../../../arm-none-eabi/lib/thumb/v7e-m+fp/hard\libc_nano.a(lib_a-lock.o)
                0x000000000800a264                __retarget_lock_acquire_recursive
 .text.__retarget_lock_release_recursive
                0x000000000800a266        0x2 c:/st/stm32cubeide_1.0.2/stm32cubeide/plugins/com.st.stm32cube.ide.mcu.externaltools.gnu-tools-for-stm32.9-2020-q2-update.win32_1.5.0.202011040924/tools/bin/../lib/gcc/arm-none-eabi/9.3.1/../../../../arm-none-eabi/lib/thumb/v7e-m+fp/hard\libc_nano.a(lib_a-lock.o)
                0x000000000800a266                __retarget_lock_release_recursive
 *(.glue_7)
 .glue_7        0x000000000800a268        0x0 linker stubs
 *(.glue_7t)
 .glue_7t       0x000000000800a268        0x0 linker stubs
 *(.eh_frame)
 .eh_frame      0x000000000800a268        0x0 c:/st/stm32cubeide_1.0.2/stm32cubeide/plugins/com.st.stm32cube.ide.mcu.externaltools.gnu-tools-for-stm32.9-2020-q2-update.win32_1.5.0.202011040924/tools/bin/../lib/gcc/arm-none-eabi/9.3.1/thumb/v7e-m+fp/hard/crtbegin.o
 *(.init)
 .init          0x000000000800a268        0x4 c:/st/stm32cubeide_1.0.2/stm32cubeide/plugins/com.st.stm32cube.ide.mcu.externaltools.gnu-tools-for-stm32.9-2020-q2-update.win32_1.5.0.202011040924/tools/bin/../lib/gcc/arm-none-eabi/9.3.1/thumb/v7e-m+fp/hard/crti.o
                0x000000000800a268                _init
 .init          0x000000000800a26c        0x8 c:/st/stm32cubeide_1.0.2/stm32cubeide/plugins/com.st.stm32cube.ide.mcu.externaltools.gnu-tools-for-stm32.9-2020-q2-update.win32_1.5.0.202011040924/tools/bin/../lib/gcc/arm-none-eabi/9.3.1/thumb/v7e-m+fp/hard/crtn.o
 *(.fini)
 .fini          0x000000000800a274        0x4 c:/st/stm32cubeide_1.0.2/stm32cubeide/plugins/com.st.stm32cube.ide.mcu.externaltools.gnu-tools-for-stm32.9-2020-q2-update.win32_1.5.0.202011040924/tools/bin/../lib/gcc/arm-none-eabi/9.3.1/thumb/v7e-m+fp/hard/crti.o
                0x000000000800a274                _fini
 .fini          0x000000000800a278        0x8 c:/st/stm32cubeide_1.0.2/stm32cubeide/plugins/com.st.stm32cube.ide.mcu.externaltools.gnu-tools-for-stm32.9-2020-q2-update.win32_1.5.0.202011040924/tools/bin/../lib/gcc/arm-none-eabi/9.3.1/thumb/v7e-m+fp/hard/crtn.o
                0x000000000800a280                . = ALIGN (0x4)
                0x000000000800a280                _etext = .

.vfp11_veneer   0x000000000800a280        0x0
 .vfp11_veneer  0x000000000800a280        0x0 linker stubs

.v4_bx          0x000000000800a280        0x0
 .v4_bx         0x000000000800a280        0x0 linker stubs

.iplt           0x000000000800a280        0x0
 .iplt          0x000000000800a280        0x0 c:/st/stm32cubeide_1.0.2/stm32cubeide/plugins/com.st.stm32cube.ide.mcu.externaltools.gnu-tools-for-stm32.9-2020-q2-update.win32_1.5.0.202011040924/tools/bin/../lib/gcc/arm-none-eabi/9.3.1/thumb/v7e-m+fp/hard/crtbegin.o

.rodata         0x000000000800a280      0x354
                0x000000000800a280                . = ALIGN (0x4)
 *(.rodata)
 .rodata        0x000000000800a280       0x44 Middlewares/Third_Party/FatFs/src/ff.o
 .rodata        0x000000000800a2c4       0x14 Src/LTC6811.o
 .rodata        0x000000000800a2d8       0x33 Src/main.o
 *(.rodata*)
 *fill*         0x000000000800a30b        0x1 
 .rodata.ExCvt  0x000000000800a30c       0x80 Middlewares/Third_Party/FatFs/src/ff.o
 .rodata._ZN7LTC6811L10crc15TableE
                0x000000000800a38c      0x200 Src/LTC6811.o
 .rodata._ZN7LTC6811L4ADCVE
                0x000000000800a58c        0x4 Src/LTC6811.o
 .rodata._ZN7LTC6811L4ADAXE
                0x000000000800a590        0x4 Src/LTC6811.o
 .rodata._ZZN7LTC6811L27read_voltage_register_groupEhRSt5arrayIS0_INS_8RegisterItEELj1EELj4EEE9kCommands
                0x000000000800a594       0x10 Src/LTC6811.o
 .rodata._ZZN7LTC6811L23read_aux_register_groupEhRSt5arrayIS0_INS_8RegisterIsEELj1EELj2EEE9kCommands
                0x000000000800a5a4        0x8 Src/LTC6811.o
 .rodata._ZZN7LTC681114read_temp_dataERSt5arrayIS0_INS_8RegisterIsEELj1EELj2EEE13steinharthart
                0x000000000800a5ac        0x1 Src/LTC6811.o
 *fill*         0x000000000800a5ad        0x3 
 .rodata._ZN6Status12error_limitsE
                0x000000000800a5b0        0xd Src/Status.o
                0x000000000800a5b0                Status::error_limits
 .rodata._ZN7PWM_Fan13kMinDutyCycleE
                0x000000000800a5bd        0x1 Src/main.o
                0x000000000800a5bd                PWM_Fan::kMinDutyCycle
 .rodata._ZN7PWM_Fan13kMaxDutyCycleE
                0x000000000800a5be        0x1 Src/main.o
                0x000000000800a5be                PWM_Fan::kMaxDutyCycle
 *fill*         0x000000000800a5bf        0x1 
 .rodata.AHBPrescTable
                0x000000000800a5c0       0x10 Src/system_stm32f4xx.o
                0x000000000800a5c0                AHBPrescTable
 .rodata.logf.str1.1
                0x000000000800a5d0        0x1 c:/st/stm32cubeide_1.0.2/stm32cubeide/plugins/com.st.stm32cube.ide.mcu.externaltools.gnu-tools-for-stm32.9-2020-q2-update.win32_1.5.0.202011040924/tools/bin/../lib/gcc/arm-none-eabi/9.3.1/../../../../arm-none-eabi/lib/thumb/v7e-m+fp/hard\libm.a(lib_a-wf_log.o)
                0x000000000800a5d4                . = ALIGN (0x4)
 *fill*         0x000000000800a5d1        0x3 

.ARM.extab      0x000000000800a5d4        0x0
                0x000000000800a5d4                . = ALIGN (0x4)
 *(.ARM.extab* .gnu.linkonce.armextab.*)
                0x000000000800a5d4                . = ALIGN (0x4)

.ARM            0x000000000800a5d4        0x8
                0x000000000800a5d4                . = ALIGN (0x4)
                0x000000000800a5d4                __exidx_start = .
 *(.ARM.exidx*)
 .ARM.exidx     0x000000000800a5d4        0x8 c:/st/stm32cubeide_1.0.2/stm32cubeide/plugins/com.st.stm32cube.ide.mcu.externaltools.gnu-tools-for-stm32.9-2020-q2-update.win32_1.5.0.202011040924/tools/bin/../lib/gcc/arm-none-eabi/9.3.1/thumb/v7e-m+fp/hard\libgcc.a(_udivmoddi4.o)
                0x000000000800a5dc                __exidx_end = .
                0x000000000800a5dc                . = ALIGN (0x4)

.rel.dyn        0x000000000800a5dc        0x0
 .rel.iplt      0x000000000800a5dc        0x0 c:/st/stm32cubeide_1.0.2/stm32cubeide/plugins/com.st.stm32cube.ide.mcu.externaltools.gnu-tools-for-stm32.9-2020-q2-update.win32_1.5.0.202011040924/tools/bin/../lib/gcc/arm-none-eabi/9.3.1/thumb/v7e-m+fp/hard/crtbegin.o

.preinit_array  0x000000000800a5dc        0x0
                0x000000000800a5dc                . = ALIGN (0x4)
                0x000000000800a5dc                PROVIDE (__preinit_array_start = .)
 *(.preinit_array*)
                0x000000000800a5dc                PROVIDE (__preinit_array_end = .)
                0x000000000800a5dc                . = ALIGN (0x4)

.init_array     0x000000000800a5dc        0x8
                0x000000000800a5dc                . = ALIGN (0x4)
                0x000000000800a5dc                PROVIDE (__init_array_start = .)
 *(SORT_BY_NAME(.init_array.*))
 *(.init_array*)
 .init_array    0x000000000800a5dc        0x4 c:/st/stm32cubeide_1.0.2/stm32cubeide/plugins/com.st.stm32cube.ide.mcu.externaltools.gnu-tools-for-stm32.9-2020-q2-update.win32_1.5.0.202011040924/tools/bin/../lib/gcc/arm-none-eabi/9.3.1/thumb/v7e-m+fp/hard/crtbegin.o
 .init_array    0x000000000800a5e0        0x4 Src/main.o
                0x000000000800a5e4                PROVIDE (__init_array_end = .)
                0x000000000800a5e4                . = ALIGN (0x4)

.fini_array     0x000000000800a5e4        0x4
                0x000000000800a5e4                . = ALIGN (0x4)
                [!provide]                        PROVIDE (__fini_array_start = .)
 *(SORT_BY_NAME(.fini_array.*))
 *(.fini_array*)
 .fini_array    0x000000000800a5e4        0x4 c:/st/stm32cubeide_1.0.2/stm32cubeide/plugins/com.st.stm32cube.ide.mcu.externaltools.gnu-tools-for-stm32.9-2020-q2-update.win32_1.5.0.202011040924/tools/bin/../lib/gcc/arm-none-eabi/9.3.1/thumb/v7e-m+fp/hard/crtbegin.o
                [!provide]                        PROVIDE (__fini_array_end = .)
                0x000000000800a5e8                . = ALIGN (0x4)
                0x000000000800a5e8                _sidata = LOADADDR (.data)

.data           0x0000000020000000       0x8c load address 0x000000000800a5e8
                0x0000000020000000                . = ALIGN (0x4)
                0x0000000020000000                _sdata = .
 *(.data)
 *(.data*)
 .data.uwTickPrio
                0x0000000020000000        0x4 Drivers/STM32F4xx_HAL_Driver/Src/stm32f4xx_hal.o
                0x0000000020000000                uwTickPrio
 .data.uwTickFreq
                0x0000000020000004        0x1 Drivers/STM32F4xx_HAL_Driver/Src/stm32f4xx_hal.o
                0x0000000020000004                uwTickFreq
 *fill*         0x0000000020000005        0x3 
 .data.TxHeader
                0x0000000020000008       0x18 Src/main.o
                0x0000000020000008                TxHeader
 .data.SystemCoreClock
                0x0000000020000020        0x4 Src/system_stm32f4xx.o
                0x0000000020000020                SystemCoreClock
 .data.__fdlib_version
                0x0000000020000024        0x1 c:/st/stm32cubeide_1.0.2/stm32cubeide/plugins/com.st.stm32cube.ide.mcu.externaltools.gnu-tools-for-stm32.9-2020-q2-update.win32_1.5.0.202011040924/tools/bin/../lib/gcc/arm-none-eabi/9.3.1/../../../../arm-none-eabi/lib/thumb/v7e-m+fp/hard\libm.a(lib_a-s_lib_ver.o)
                0x0000000020000024                __fdlib_version
 *fill*         0x0000000020000025        0x3 
 .data._impure_ptr