stm32f4xx_hal_can.c:274:19:HAL_CAN_Init	24	static
stm32f4xx_hal_can.c:457:19:HAL_CAN_DeInit	16	static
stm32f4xx_hal_can.c:504:13:HAL_CAN_MspInit	16	static
stm32f4xx_hal_can.c:520:13:HAL_CAN_MspDeInit	16	static
stm32f4xx_hal_can.c:836:19:HAL_CAN_ConfigFilter	32	static
stm32f4xx_hal_can.c:1030:19:HAL_CAN_Start	24	static
stm32f4xx_hal_can.c:1082:19:HAL_CAN_Stop	24	static
stm32f4xx_hal_can.c:1137:19:HAL_CAN_RequestSleep	24	static
stm32f4xx_hal_can.c:1168:19:HAL_CAN_WakeUp	32	static
stm32f4xx_hal_can.c:1217:10:HAL_CAN_IsSleepActive	24	static
stm32f4xx_hal_can.c:1248:19:HAL_CAN_AddTxMessage	40	static
stm32f4xx_hal_can.c:1356:19:HAL_CAN_AbortTxRequest	24	static
stm32f4xx_hal_can.c:1405:10:HAL_CAN_GetTxMailboxesFreeLevel	24	static
stm32f4xx_hal_can.c:1448:10:HAL_CAN_IsTxMessagePending	24	static
stm32f4xx_hal_can.c:1480:10:HAL_CAN_GetTxTimestamp	40	static,ignoring_inline_asm
stm32f4xx_hal_can.c:1514:19:HAL_CAN_GetRxMessage	32	static
stm32f4xx_hal_can.c:1604:10:HAL_CAN_GetRxFifoFillLevel	24	static
stm32f4xx_hal_can.c:1657:19:HAL_CAN_ActivateNotification	24	static
stm32f4xx_hal_can.c:1690:19:HAL_CAN_DeactivateNotification	24	static
stm32f4xx_hal_can.c:1721:6:HAL_CAN_IRQHandler	48	static
stm32f4xx_hal_can.c:2132:13:HAL_CAN_TxMailbox0CompleteCallback	16	static
stm32f4xx_hal_can.c:2149:13:HAL_CAN_TxMailbox1CompleteCallback	16	static
stm32f4xx_hal_can.c:2166:13:HAL_CAN_TxMailbox2CompleteCallback	16	static
stm32f4xx_hal_can.c:2183:13:HAL_CAN_TxMailbox0AbortCallback	16	static
stm32f4xx_hal_can.c:2200:13:HAL_CAN_TxMailbox1AbortCallback	16	static
stm32f4xx_hal_can.c:2217:13:HAL_CAN_TxMailbox2AbortCallback	16	static
stm32f4xx_hal_can.c:2234:13:HAL_CAN_RxFifo0MsgPendingCallback	16	static
stm32f4xx_hal_can.c:2251:13:HAL_CAN_RxFifo0FullCallback	16	static
stm32f4xx_hal_can.c:2268:13:HAL_CAN_RxFifo1MsgPendingCallback	16	static
stm32f4xx_hal_can.c:2285:13:HAL_CAN_RxFifo1FullCallback	16	static
stm32f4xx_hal_can.c:2302:13:HAL_CAN_SleepCallback	16	static
stm32f4xx_hal_can.c:2318:13:HAL_CAN_WakeUpFromRxMsgCallback	16	static
stm32f4xx_hal_can.c:2335:13:HAL_CAN_ErrorCallback	16	static
stm32f4xx_hal_can.c:2372:22:HAL_CAN_GetState	24	static
stm32f4xx_hal_can.c:2407:10:HAL_CAN_GetError	16	static
stm32f4xx_hal_can.c:2419:19:HAL_CAN_ResetError	24	static
