Status.h:64:7:void Status::OpenAIR() const	16	static
Status.h:77:7:void Status::OpenPRE()	16	static
Status.h:95:7:void Status::GoToSafeState(Status::ErrorEvent)	16	static
Status.h:156:9:int8_t Status::ErrorHandler(Status::ErrorEvent, bool)	16	static
predefined_ops.h:69:3:__gnu_cxx::__ops::_Iter_less_val __gnu_cxx::__ops::__iter_less_val()	4	static
predefined_ops.h:94:3:__gnu_cxx::__ops::_Val_less_iter __gnu_cxx::__ops::__val_less_iter()	4	static
gthr-default.h:229:1:int __gthread_key_delete(__gthread_key_t)	16	static
LTC6811.h:92:6:void LTC6820::WakeFromIdle()	24	static
LTC6811.cpp:10:6:void LTC6820::adcv()	16	static
LTC6811.cpp:17:6:void LTC6820::adax()	16	static
LTC6811.cpp:24:6:void LTC6820::adstat()	16	static
LTC6811.cpp:30:9:uint8_t LTC6820::ReadVoltageHelper(uint16_t (&)[12][12])	56	static
LTC6811.cpp:136:6:void LTC6820::ReadVoltageRegister(uint8_t)	40	static
LTC6811.cpp:147:8:int8_t LTC6820::ReadTemperatureHelper(int16_t (&)[12][6])	56	static
LTC6811.cpp:217:6:void LTC6820::ReadAuxRegister(uint8_t)	40	static
LTC6811.cpp:228:9:int16_t LTC6820::CalcTemp(uint16_t)	48	static
LTC6811.cpp:246:10:uint16_t LTC6820::PEC15Calc(const uint8_t*, size_t)	32	static
array:185:7:std::array<_Tp, _Nm>::value_type& std::array<_Tp, _Nm>::operator[](std::array<_Tp, _Nm>::size_type) [with _Tp = unsigned char; unsigned int _Nm = 100]	16	static
array:234:7:std::array<_Tp, _Nm>::value_type* std::array<_Tp, _Nm>::data() [with _Tp = unsigned char; unsigned int _Nm = 100]	16	static
range_access.h:87:5:constexpr _Tp* std::begin(_Tp (&)[_Nm]) [with _Tp = short unsigned int; unsigned int _Nm = 12]	16	static
stl_iterator_base_types.h:205:5:constexpr typename std::iterator_traits<_Iterator>::iterator_category std::__iterator_category(const _Iter&) [with _Iter = short unsigned int*]	16	static
stl_iterator_base_funcs.h:138:5:typename std::iterator_traits<_Iterator>::difference_type std::distance(_InputIterator, _InputIterator) [with _InputIterator = short unsigned int*]	32	static
range_access.h:87:5:constexpr _Tp* std::begin(_Tp (&)[_Nm]) [with _Tp = short int; unsigned int _Nm = 6]	16	static
stl_iterator_base_types.h:205:5:constexpr typename std::iterator_traits<_Iterator>::iterator_category std::__iterator_category(const _Iter&) [with _Iter = short int*]	16	static
stl_iterator_base_funcs.h:138:5:typename std::iterator_traits<_Iterator>::difference_type std::distance(_InputIterator, _InputIterator) [with _InputIterator = short int*]	32	static
range_access.h:178:5:std::reverse_iterator<_Tp*> std::rbegin(_Tp (&)[_Nm]) [with _Tp = const short int; unsigned int _Nm = 32]	16	static
range_access.h:188:5:std::reverse_iterator<_Tp*> std::rend(_Tp (&)[_Nm]) [with _Tp = const short int; unsigned int _Nm = 32]	16	static
stl_iterator.h:138:7:std::reverse_iterator<_Iterator>::reverse_iterator(const std::reverse_iterator<_Iterator>&) [with _Iterator = const short int*]	16	static
stl_algo.h:2178:5:std::pair<_FIter, _FIter> std::equal_range(_FIter, _FIter, const _Tp&) [with _FIter = std::reverse_iterator<const short int*>; _Tp = short unsigned int]	56	static
stl_iterator.h:168:7:std::reverse_iterator<_Iterator>::reference std::reverse_iterator<_Iterator>::operator*() const [with _Iterator = const short int*]	24	static
stl_iterator.h:389:5:base())) std::operator-(const std::reverse_iterator<_Iterator>&, const std::reverse_iterator<_IteratorR>&) [with _IteratorL = const short int*; _IteratorR = const short int*]	24	static
array:55:7:static constexpr _Tp& std::__array_traits<_Tp, _Nm>::_S_ref(const _Tp (&)[_Nm], std::size_t) [with _Tp = unsigned char; unsigned int _Nm = 100]	16	static
array:59:7:static constexpr _Tp* std::__array_traits<_Tp, _Nm>::_S_ptr(const _Tp (&)[_Nm]) [with _Tp = unsigned char; unsigned int _Nm = 100]	16	static
stl_iterator_base_funcs.h:98:5:constexpr typename std::iterator_traits<_Iterator>::difference_type std::__distance(_RandomAccessIterator, _RandomAccessIterator, std::random_access_iterator_tag) [with _RandomAccessIterator = short unsigned int*]	24	static
stl_iterator_base_funcs.h:98:5:constexpr typename std::iterator_traits<_Iterator>::difference_type std::__distance(_RandomAccessIterator, _RandomAccessIterator, std::random_access_iterator_tag) [with _RandomAccessIterator = short int*]	24	static
stl_iterator.h:132:7:std::reverse_iterator<_Iterator>::reverse_iterator(std::reverse_iterator<_Iterator>::iterator_type) [with _Iterator = const short int*]	16	static
stl_algo.h:2124:5:std::pair<_FIter, _FIter> std::__equal_range(_ForwardIterator, _ForwardIterator, const _Tp&, _CompareItTp, _CompareTpIt) [with _ForwardIterator = std::reverse_iterator<const short int*>; _Tp = short unsigned int; _CompareItTp = __gnu_cxx::__ops::_Iter_less_val; _CompareTpIt = __gnu_cxx::__ops::_Val_less_iter]	96	static
stl_iterator.h:154:7:std::reverse_iterator<_Iterator>::iterator_type std::reverse_iterator<_Iterator>::base() const [with _Iterator = const short int*]	16	static
stl_iterator_base_types.h:205:5:constexpr typename std::iterator_traits<_Iterator>::iterator_category std::__iterator_category(const _Iter&) [with _Iter = std::reverse_iterator<const short int*>]	16	static
stl_iterator_base_funcs.h:138:5:typename std::iterator_traits<_Iterator>::difference_type std::distance(_InputIterator, _InputIterator) [with _InputIterator = std::reverse_iterator<const short int*>]	40	static
stl_iterator_base_funcs.h:197:5:void std::advance(_InputIterator&, _Distance) [with _InputIterator = std::reverse_iterator<const short int*>; _Distance = int]	32	static
predefined_ops.h:64:7:bool __gnu_cxx::__ops::_Iter_less_val::operator()(_Iterator, _Value&) const [with _Iterator = std::reverse_iterator<const short int*>; _Value = const short unsigned int]	24	static
stl_iterator.h:189:7:std::reverse_iterator<_Iterator>& std::reverse_iterator<_Iterator>::operator++() [with _Iterator = const short int*]	16	static
predefined_ops.h:89:7:bool __gnu_cxx::__ops::_Val_less_iter::operator()(_Value&, _Iterator) const [with _Value = const short unsigned int; _Iterator = std::reverse_iterator<const short int*>]	32	static
stl_algobase.h:946:5:_ForwardIterator std::__lower_bound(_ForwardIterator, _ForwardIterator, const _Tp&, _Compare) [with _ForwardIterator = std::reverse_iterator<const short int*>; _Tp = short unsigned int; _Compare = __gnu_cxx::__ops::_Iter_less_val]	48	static
stl_algo.h:2039:5:_ForwardIterator std::__upper_bound(_ForwardIterator, _ForwardIterator, const _Tp&, _Compare) [with _ForwardIterator = std::reverse_iterator<const short int*>; _Tp = short unsigned int; _Compare = __gnu_cxx::__ops::_Val_less_iter]	48	static
move.h:73:5:constexpr _Tp&& std::forward(typename std::remove_reference<_From>::type&) [with _Tp = std::reverse_iterator<const short int*>&]	16	static
stl_pair.h:330:12:constexpr std::pair<_T1, _T2>::pair(_U1&&, _U2&&) [with _U1 = std::reverse_iterator<const short int*>&; _U2 = std::reverse_iterator<const short int*>&; typename std::enable_if<(std::_PCC<true, _T1, _T2>::_MoveConstructiblePair<_U1, _U2>() && std::_PCC<true, _T1, _T2>::_ImplicitlyMoveConvertiblePair<_U1, _U2>()), bool>::type <anonymous> = 1; _T1 = std::reverse_iterator<const short int*>; _T2 = std::reverse_iterator<const short int*>]	32	static
stl_iterator_base_funcs.h:98:5:constexpr typename std::iterator_traits<_Iterator>::difference_type std::__distance(_RandomAccessIterator, _RandomAccessIterator, std::random_access_iterator_tag) [with _RandomAccessIterator = std::reverse_iterator<const short int*>]	24	static
stl_iterator_base_funcs.h:174:5:constexpr void std::__advance(_RandomAccessIterator&, _Distance, std::random_access_iterator_tag) [with _RandomAccessIterator = std::reverse_iterator<const short int*>; _Distance = int]	24	static
stl_iterator.h:249:7:std::reverse_iterator<_Iterator>& std::reverse_iterator<_Iterator>::operator+=(std::reverse_iterator<_Iterator>::difference_type) [with _Iterator = const short int*]	16	static
