Status.h:67:7:void Status::OpenAIR() const	16	static
Status.h:80:7:void Status::OpenPRE()	16	static
Status.h:118:7:void Status::SetMinVoltage(uint16_t, const std::pair<unsigned char, unsigned char>&)	24	static
Status.h:132:7:void Status::SetMaxVoltage(uint16_t, const std::pair<unsigned char, unsigned char>&)	24	static
Status.h:145:7:void Status::SetMinTemp(int16_t, const std::pair<unsigned char, unsigned char>&)	24	static
Status.h:154:7:void Status::SetMaxTemp(int16_t, const std::pair<unsigned char, unsigned char>&)	24	static
Status.h:206:7:void Status::CalcPower()	16	static
Status.h:262:10:uint8_t Status::ErrorCheck(Status::ErrorEvent, bool)	16	static
Status.h:275:7:void Status::GoToSafeState(Status::ErrorEvent)	16	static
predefined_ops.h:69:3:__gnu_cxx::__ops::_Iter_less_val __gnu_cxx::__ops::__iter_less_val()	4	static
predefined_ops.h:94:3:__gnu_cxx::__ops::_Val_less_iter __gnu_cxx::__ops::__val_less_iter()	4	static
gthr-default.h:229:1:int __gthread_key_delete(__gthread_key_t)	16	static
gsl_assert:104:30:void gsl::details::terminate()	8	static
span:370:28:constexpr gsl::details::extent_type<4294967295>::extent_type(gsl::details::extent_type<4294967295>::size_type)	16	static
span:375:29:constexpr gsl::details::extent_type<4294967295>::size_type gsl::details::extent_type<4294967295>::size() const	16	static
LTC6811.h:107:6:void LTC6811::WakeFromIdle()	24	static
span:574:23:constexpr gsl::span<ElementType, Extent>::element_type* gsl::span<ElementType, Extent>::data() const [with ElementType = const gsl::byte; unsigned int Extent = 4294967295]	16	static
span:657:27:constexpr gsl::span<ElementType, Extent>::element_type* gsl::span<ElementType, Extent>::storage_type<ExtentType>::data() const [with ExtentType = gsl::details::extent_type<4294967295>; ElementType = const gsl::byte; unsigned int Extent = 4294967295]	16	static
span:574:23:constexpr gsl::span<ElementType, Extent>::element_type* gsl::span<ElementType, Extent>::data() const [with ElementType = gsl::byte; unsigned int Extent = 4294967295]	16	static
span:657:27:constexpr gsl::span<ElementType, Extent>::element_type* gsl::span<ElementType, Extent>::storage_type<ExtentType>::data() const [with ExtentType = gsl::details::extent_type<4294967295>; ElementType = gsl::byte; unsigned int Extent = 4294967295]	16	static
LTC6811.h:145:9:uint8_t LTC6811::ReadRegister(const LTC6811Command&, gsl::span<gsl::byte>)	32	static
LTC6811.cpp:29:6:void LTC6811::adcv()	24	static
LTC6811.cpp:36:6:void LTC6811::adax()	24	static
LTC6811.cpp:43:6:void LTC6811::adstat()	24	static
LTC6811.cpp:49:9:uint8_t LTC6811::ReadVoltageHelper(std::array<std::array<std::array<short unsigned int, 4>, 12>, 4>&)	104	static
LTC6811.cpp:83:9:uint8_t LTC6811::ReadVoltageRegister(uint8_t, LTC6811Register<short unsigned int>&)	56	static
LTC6811.cpp:100:9:uint8_t LTC6811::ReadTemperatureHelper(std::array<std::array<std::array<short int, 4>, 12>, 2>&)	104	static
LTC6811.cpp:131:9:uint8_t LTC6811::ReadAuxRegister(uint8_t, LTC6811Register<short int>&)	56	static
LTC6811.cpp:148:9:int16_t LTC6811::CalcTemp(uint16_t)	48	static
stl_pair.h:367:7:std::pair<_T1, _T2>& std::pair<_T1, _T2>::operator=(typename std::conditional<std::__and_<std::is_copy_assignable<_Tp>, std::is_copy_assignable<_T2> >::value, const std::pair<_T1, _T2>&, const std::__nonesuch_no_braces&>::type) [with _T1 = unsigned char; _T2 = unsigned char]	16	static
array:185:7:std::array<_Tp, _Nm>::value_type& std::array<_Tp, _Nm>::operator[](std::array<_Tp, _Nm>::size_type) [with _Tp = unsigned char; unsigned int _Nm = 4]	16	static
span:446:15:constexpr gsl::span<ElementType, Extent>::span(std::array<ElementType, N>&) [with unsigned int N = 4; typename std::enable_if<gsl::details::is_allowed_extent_conversion<N, Extent>::value, int>::type <anonymous> = 0; ElementType = unsigned char; unsigned int Extent = 4294967295]	32	static
span:542:25:constexpr gsl::span<ElementType, Extent>::size_type gsl::span<ElementType, Extent>::size() const [with ElementType = const gsl::byte; unsigned int Extent = 4294967295]	16	static
LTC6811.h:266:10:static T LTC6811::PEC15Calc(std::array<_Tp, _Nm>) [with T = unsigned char; unsigned int S = 4]	48	static
array:238:7:const value_type* std::array<_Tp, _Nm>::data() const [with _Tp = unsigned char; unsigned int _Nm = 4]	16	static
array:234:7:std::array<_Tp, _Nm>::value_type* std::array<_Tp, _Nm>::data() [with _Tp = unsigned char; unsigned int _Nm = 4]	16	static
array:126:7:std::array<_Tp, _Nm>::value_type* std::array<_Tp, _Nm>::begin() [with _Tp = std::array<std::array<short unsigned int, 4>, 12>; unsigned int _Nm = 4]	16	static
array:134:7:std::array<_Tp, _Nm>::value_type* std::array<_Tp, _Nm>::end() [with _Tp = std::array<std::array<short unsigned int, 4>, 12>; unsigned int _Nm = 4]	16	static
array:126:7:std::array<_Tp, _Nm>::value_type* std::array<_Tp, _Nm>::begin() [with _Tp = std::array<short unsigned int, 4>; unsigned int _Nm = 12]	16	static
array:134:7:std::array<_Tp, _Nm>::value_type* std::array<_Tp, _Nm>::end() [with _Tp = std::array<short unsigned int, 4>; unsigned int _Nm = 12]	16	static
array:126:7:std::array<_Tp, _Nm>::value_type* std::array<_Tp, _Nm>::begin() [with _Tp = short unsigned int; unsigned int _Nm = 4]	16	static
stl_pair.h:330:12:constexpr std::pair<_T1, _T2>::pair(_U1&&, _U2&&) [with _U1 = unsigned char&; _U2 = unsigned char&; typename std::enable_if<(std::_PCC<true, _T1, _T2>::_MoveConstructiblePair<_U1, _U2>() && std::_PCC<true, _T1, _T2>::_ImplicitlyMoveConvertiblePair<_U1, _U2>()), bool>::type <anonymous> = 1; _T1 = unsigned char; _T2 = unsigned char]	24	static
LTC6811.cpp:64:73:LTC6811::ReadVoltageHelper(std::array<std::array<std::array<short unsigned int, 4>, 12>, 4>&)::<lambda(auto:1&)> [with auto:1 = short unsigned int]	32	static
stl_algo.h:3878:5:_Funct std::for_each(_IIter, _IIter, _Funct) [with _IIter = short unsigned int*; _Funct = LTC6811::ReadVoltageHelper(std::array<std::array<std::array<short unsigned int, 4>, 12>, 4>&)::<lambda(auto:1&)>]	32	static
LTC6811.h:56:6:auto span(LTC6811Register<T>&) [with T = short unsigned int]	24	static
LTC6811.h:141:9:uint8_t LTC6811::ReadRegister(const LTC6811Command&, LTC6811Register<T>&) [with T = short unsigned int]	40	static
array:223:7:std::array<_Tp, _Nm>::value_type& std::array<_Tp, _Nm>::back() [with _Tp = short unsigned int; unsigned int _Nm = 4]	16	static
span:446:15:constexpr gsl::span<ElementType, Extent>::span(std::array<ElementType, N>&) [with unsigned int N = 4; typename std::enable_if<gsl::details::is_allowed_extent_conversion<N, Extent>::value, int>::type <anonymous> = 0; ElementType = short unsigned int; unsigned int Extent = 4294967295]	32	static
LTC6811.h:266:10:static T LTC6811::PEC15Calc(std::array<_Tp, _Nm>) [with T = short unsigned int; unsigned int S = 4]	48	static
array:126:7:std::array<_Tp, _Nm>::value_type* std::array<_Tp, _Nm>::begin() [with _Tp = std::array<std::array<short int, 4>, 12>; unsigned int _Nm = 2]	16	static
array:134:7:std::array<_Tp, _Nm>::value_type* std::array<_Tp, _Nm>::end() [with _Tp = std::array<std::array<short int, 4>, 12>; unsigned int _Nm = 2]	16	static
array:126:7:std::array<_Tp, _Nm>::value_type* std::array<_Tp, _Nm>::begin() [with _Tp = std::array<short int, 4>; unsigned int _Nm = 12]	16	static
array:134:7:std::array<_Tp, _Nm>::value_type* std::array<_Tp, _Nm>::end() [with _Tp = std::array<short int, 4>; unsigned int _Nm = 12]	16	static
array:126:7:std::array<_Tp, _Nm>::value_type* std::array<_Tp, _Nm>::begin() [with _Tp = short int; unsigned int _Nm = 4]	16	static
LTC6811.cpp:111:77:LTC6811::ReadTemperatureHelper(std::array<std::array<std::array<short int, 4>, 12>, 2>&)::<lambda(auto:2&)> [with auto:2 = short int]	32	static
stl_algo.h:3878:5:_Funct std::for_each(_IIter, _IIter, _Funct) [with _IIter = short int*; _Funct = LTC6811::ReadTemperatureHelper(std::array<std::array<std::array<short int, 4>, 12>, 2>&)::<lambda(auto:2&)>]	32	static
LTC6811.h:56:6:auto span(LTC6811Register<T>&) [with T = short int]	24	static
LTC6811.h:141:9:uint8_t LTC6811::ReadRegister(const LTC6811Command&, LTC6811Register<T>&) [with T = short int]	40	static
array:223:7:std::array<_Tp, _Nm>::value_type& std::array<_Tp, _Nm>::back() [with _Tp = short int; unsigned int _Nm = 4]	16	static
span:446:15:constexpr gsl::span<ElementType, Extent>::span(std::array<ElementType, N>&) [with unsigned int N = 4; typename std::enable_if<gsl::details::is_allowed_extent_conversion<N, Extent>::value, int>::type <anonymous> = 0; ElementType = short int; unsigned int Extent = 4294967295]	32	static
LTC6811.h:266:10:static T LTC6811::PEC15Calc(std::array<_Tp, _Nm>) [with T = short int; unsigned int S = 4]	48	static
range_access.h:178:5:std::reverse_iterator<_Tp*> std::rbegin(_Tp (&)[_Nm]) [with _Tp = const short int; unsigned int _Nm = 32]	16	static
range_access.h:188:5:std::reverse_iterator<_Tp*> std::rend(_Tp (&)[_Nm]) [with _Tp = const short int; unsigned int _Nm = 32]	16	static
stl_iterator.h:138:7:std::reverse_iterator<_Iterator>::reverse_iterator(const std::reverse_iterator<_Iterator>&) [with _Iterator = const short int*]	16	static
stl_algo.h:2178:5:std::pair<_FIter, _FIter> std::equal_range(_FIter, _FIter, const _Tp&) [with _FIter = std::reverse_iterator<const short int*>; _Tp = short unsigned int]	56	static
stl_iterator.h:168:7:std::reverse_iterator<_Iterator>::reference std::reverse_iterator<_Iterator>::operator*() const [with _Iterator = const short int*]	24	static
stl_iterator.h:389:5:base())) std::operator-(const std::reverse_iterator<_Iterator>&, const std::reverse_iterator<_IteratorR>&) [with _IteratorL = const short int*; _IteratorR = const short int*]	24	static
array:55:7:static constexpr _Tp& std::__array_traits<_Tp, _Nm>::_S_ref(const _Tp (&)[_Nm], std::size_t) [with _Tp = unsigned char; unsigned int _Nm = 4]	16	static
span:644:19:constexpr gsl::span<ElementType, Extent>::storage_type<ExtentType>::storage_type(gsl::span<ElementType, Extent>::KnownNotNull, OtherExtentType) [with OtherExtentType = gsl::details::extent_type<4>; ExtentType = gsl::details::extent_type<4294967295>; ElementType = unsigned char; unsigned int Extent = 4294967295]	32	static
span:574:23:constexpr gsl::span<ElementType, Extent>::element_type* gsl::span<ElementType, Extent>::data() const [with ElementType = unsigned char; unsigned int Extent = 4294967295]	16	static
span:657:27:constexpr gsl::span<ElementType, Extent>::element_type* gsl::span<ElementType, Extent>::storage_type<ExtentType>::data() const [with ExtentType = gsl::details::extent_type<4294967295>; ElementType = unsigned char; unsigned int Extent = 4294967295]	16	static
span:542:25:constexpr gsl::span<ElementType, Extent>::size_type gsl::span<ElementType, Extent>::size() const [with ElementType = unsigned char; unsigned int Extent = 4294967295]	16	static
span:544:25:constexpr gsl::span<ElementType, Extent>::size_type gsl::span<ElementType, Extent>::size_bytes() const [with ElementType = unsigned char; unsigned int Extent = 4294967295]	16	static
span:740:1:gsl::span<const gsl::byte, gsl::details::calculate_byte_size<ElementType, Extent>::value> gsl::as_bytes(gsl::span<ElementType, Extent>) [with ElementType = unsigned char; unsigned int Extent = 4294967295]	32	static
span:556:25:constexpr gsl::span<ElementType, Extent>::element_type& gsl::span<ElementType, Extent>::operator[](gsl::span<ElementType, Extent>::size_type) const [with ElementType = const gsl::byte; unsigned int Extent = 4294967295]	16	static
array:59:7:static constexpr _Tp* std::__array_traits<_Tp, _Nm>::_S_ptr(const _Tp (&)[_Nm]) [with _Tp = unsigned char; unsigned int _Nm = 4]	16	static
array:234:7:std::array<_Tp, _Nm>::value_type* std::array<_Tp, _Nm>::data() [with _Tp = std::array<std::array<short unsigned int, 4>, 12>; unsigned int _Nm = 4]	16	static
array:234:7:std::array<_Tp, _Nm>::value_type* std::array<_Tp, _Nm>::data() [with _Tp = std::array<short unsigned int, 4>; unsigned int _Nm = 12]	16	static
array:234:7:std::array<_Tp, _Nm>::value_type* std::array<_Tp, _Nm>::data() [with _Tp = short unsigned int; unsigned int _Nm = 4]	16	static
move.h:73:5:constexpr _Tp&& std::forward(typename std::remove_reference<_From>::type&) [with _Tp = unsigned char&]	16	static
span:651:19:constexpr gsl::span<ElementType, Extent>::storage_type<ExtentType>::storage_type(gsl::span<ElementType, Extent>::pointer, OtherExtentType) [with OtherExtentType = unsigned int; ExtentType = gsl::details::extent_type<4294967295>; ElementType = short unsigned int; unsigned int Extent = 4294967295]	24	static
span:431:15:constexpr gsl::span<ElementType, Extent>::span(gsl::span<ElementType, Extent>::pointer, gsl::span<ElementType, Extent>::pointer) [with ElementType = short unsigned int; unsigned int Extent = 4294967295]	24	static
span:574:23:constexpr gsl::span<ElementType, Extent>::element_type* gsl::span<ElementType, Extent>::data() const [with ElementType = short unsigned int; unsigned int Extent = 4294967295]	16	static
span:657:27:constexpr gsl::span<ElementType, Extent>::element_type* gsl::span<ElementType, Extent>::storage_type<ExtentType>::data() const [with ExtentType = gsl::details::extent_type<4294967295>; ElementType = short unsigned int; unsigned int Extent = 4294967295]	16	static
span:542:25:constexpr gsl::span<ElementType, Extent>::size_type gsl::span<ElementType, Extent>::size() const [with ElementType = short unsigned int; unsigned int Extent = 4294967295]	16	static
span:544:25:constexpr gsl::span<ElementType, Extent>::size_type gsl::span<ElementType, Extent>::size_bytes() const [with ElementType = short unsigned int; unsigned int Extent = 4294967295]	16	static
span:751:1:gsl::span<gsl::byte, gsl::details::calculate_byte_size<ElementType, Extent>::value> gsl::as_writable_bytes(gsl::span<ElementType, Extent>) [with ElementType = short unsigned int; unsigned int Extent = 4294967295; typename std::enable_if<(! std::is_const< <template-parameter-1-1> >::value), int>::type <anonymous> = 0]	32	static
array:134:7:std::array<_Tp, _Nm>::value_type* std::array<_Tp, _Nm>::end() [with _Tp = short unsigned int; unsigned int _Nm = 4]	16	static
span:644:19:constexpr gsl::span<ElementType, Extent>::storage_type<ExtentType>::storage_type(gsl::span<ElementType, Extent>::KnownNotNull, OtherExtentType) [with OtherExtentType = gsl::details::extent_type<4>; ExtentType = gsl::details::extent_type<4294967295>; ElementType = short unsigned int; unsigned int Extent = 4294967295]	32	static
span:740:1:gsl::span<const gsl::byte, gsl::details::calculate_byte_size<ElementType, Extent>::value> gsl::as_bytes(gsl::span<ElementType, Extent>) [with ElementType = short unsigned int; unsigned int Extent = 4294967295]	32	static
array:234:7:std::array<_Tp, _Nm>::value_type* std::array<_Tp, _Nm>::data() [with _Tp = std::array<std::array<short int, 4>, 12>; unsigned int _Nm = 2]	16	static
array:234:7:std::array<_Tp, _Nm>::value_type* std::array<_Tp, _Nm>::data() [with _Tp = std::array<short int, 4>; unsigned int _Nm = 12]	16	static
array:234:7:std::array<_Tp, _Nm>::value_type* std::array<_Tp, _Nm>::data() [with _Tp = short int; unsigned int _Nm = 4]	16	static
span:651:19:constexpr gsl::span<ElementType, Extent>::storage_type<ExtentType>::storage_type(gsl::span<ElementType, Extent>::pointer, OtherExtentType) [with OtherExtentType = unsigned int; ExtentType = gsl::details::extent_type<4294967295>; ElementType = short int; unsigned int Extent = 4294967295]	24	static
span:431:15:constexpr gsl::span<ElementType, Extent>::span(gsl::span<ElementType, Extent>::pointer, gsl::span<ElementType, Extent>::pointer) [with ElementType = short int; unsigned int Extent = 4294967295]	24	static
span:574:23:constexpr gsl::span<ElementType, Extent>::element_type* gsl::span<ElementType, Extent>::data() const [with ElementType = short int; unsigned int Extent = 4294967295]	16	static
span:657:27:constexpr gsl::span<ElementType, Extent>::element_type* gsl::span<ElementType, Extent>::storage_type<ExtentType>::data() const [with ExtentType = gsl::details::extent_type<4294967295>; ElementType = short int; unsigned int Extent = 4294967295]	16	static
span:542:25:constexpr gsl::span<ElementType, Extent>::size_type gsl::span<ElementType, Extent>::size() const [with ElementType = short int; unsigned int Extent = 4294967295]	16	static
span:544:25:constexpr gsl::span<ElementType, Extent>::size_type gsl::span<ElementType, Extent>::size_bytes() const [with ElementType = short int; unsigned int Extent = 4294967295]	16	static
span:751:1:gsl::span<gsl::byte, gsl::details::calculate_byte_size<ElementType, Extent>::value> gsl::as_writable_bytes(gsl::span<ElementType, Extent>) [with ElementType = short int; unsigned int Extent = 4294967295; typename std::enable_if<(! std::is_const< <template-parameter-1-1> >::value), int>::type <anonymous> = 0]	32	static
array:134:7:std::array<_Tp, _Nm>::value_type* std::array<_Tp, _Nm>::end() [with _Tp = short int; unsigned int _Nm = 4]	16	static
span:644:19:constexpr gsl::span<ElementType, Extent>::storage_type<ExtentType>::storage_type(gsl::span<ElementType, Extent>::KnownNotNull, OtherExtentType) [with OtherExtentType = gsl::details::extent_type<4>; ExtentType = gsl::details::extent_type<4294967295>; ElementType = short int; unsigned int Extent = 4294967295]	32	static
span:740:1:gsl::span<const gsl::byte, gsl::details::calculate_byte_size<ElementType, Extent>::value> gsl::as_bytes(gsl::span<ElementType, Extent>) [with ElementType = short int; unsigned int Extent = 4294967295]	32	static
stl_iterator.h:132:7:std::reverse_iterator<_Iterator>::reverse_iterator(std::reverse_iterator<_Iterator>::iterator_type) [with _Iterator = const short int*]	16	static
stl_algo.h:2124:5:std::pair<_FIter, _FIter> std::__equal_range(_ForwardIterator, _ForwardIterator, const _Tp&, _CompareItTp, _CompareTpIt) [with _ForwardIterator = std::reverse_iterator<const short int*>; _Tp = short unsigned int; _CompareItTp = __gnu_cxx::__ops::_Iter_less_val; _CompareTpIt = __gnu_cxx::__ops::_Val_less_iter]	96	static
stl_iterator.h:154:7:std::reverse_iterator<_Iterator>::iterator_type std::reverse_iterator<_Iterator>::base() const [with _Iterator = const short int*]	16	static
span:367:28:constexpr gsl::details::extent_type<4294967295>::extent_type(gsl::details::extent_type<Other>) [with unsigned int Other = 4]	16	static
span:651:19:constexpr gsl::span<ElementType, Extent>::storage_type<ExtentType>::storage_type(gsl::span<ElementType, Extent>::pointer, OtherExtentType) [with OtherExtentType = unsigned int; ExtentType = gsl::details::extent_type<4294967295>; ElementType = const gsl::byte; unsigned int Extent = 4294967295]	24	static
span:426:15:constexpr gsl::span<ElementType, Extent>::span(gsl::span<ElementType, Extent>::pointer, gsl::span<ElementType, Extent>::size_type) [with ElementType = const gsl::byte; unsigned int Extent = 4294967295]	24	static
span:651:19:constexpr gsl::span<ElementType, Extent>::storage_type<ExtentType>::storage_type(gsl::span<ElementType, Extent>::pointer, OtherExtentType) [with OtherExtentType = unsigned int; ExtentType = gsl::details::extent_type<4294967295>; ElementType = gsl::byte; unsigned int Extent = 4294967295]	24	static
span:426:15:constexpr gsl::span<ElementType, Extent>::span(gsl::span<ElementType, Extent>::pointer, gsl::span<ElementType, Extent>::size_type) [with ElementType = gsl::byte; unsigned int Extent = 4294967295]	24	static
array:59:7:static constexpr _Tp* std::__array_traits<_Tp, _Nm>::_S_ptr(const _Tp (&)[_Nm]) [with _Tp = std::array<std::array<short unsigned int, 4>, 12>; unsigned int _Nm = 4]	16	static
array:59:7:static constexpr _Tp* std::__array_traits<_Tp, _Nm>::_S_ptr(const _Tp (&)[_Nm]) [with _Tp = std::array<short unsigned int, 4>; unsigned int _Nm = 12]	16	static
array:59:7:static constexpr _Tp* std::__array_traits<_Tp, _Nm>::_S_ptr(const _Tp (&)[_Nm]) [with _Tp = short unsigned int; unsigned int _Nm = 4]	16	static
array:59:7:static constexpr _Tp* std::__array_traits<_Tp, _Nm>::_S_ptr(const _Tp (&)[_Nm]) [with _Tp = std::array<std::array<short int, 4>, 12>; unsigned int _Nm = 2]	16	static
array:59:7:static constexpr _Tp* std::__array_traits<_Tp, _Nm>::_S_ptr(const _Tp (&)[_Nm]) [with _Tp = std::array<short int, 4>; unsigned int _Nm = 12]	16	static
array:59:7:static constexpr _Tp* std::__array_traits<_Tp, _Nm>::_S_ptr(const _Tp (&)[_Nm]) [with _Tp = short int; unsigned int _Nm = 4]	16	static
stl_iterator_base_types.h:205:5:constexpr typename std::iterator_traits<_Iterator>::iterator_category std::__iterator_category(const _Iter&) [with _Iter = std::reverse_iterator<const short int*>]	16	static
stl_iterator_base_funcs.h:138:5:typename std::iterator_traits<_Iterator>::difference_type std::distance(_InputIterator, _InputIterator) [with _InputIterator = std::reverse_iterator<const short int*>]	40	static
stl_iterator_base_funcs.h:197:5:void std::advance(_InputIterator&, _Distance) [with _InputIterator = std::reverse_iterator<const short int*>; _Distance = int]	32	static
predefined_ops.h:64:7:bool __gnu_cxx::__ops::_Iter_less_val::operator()(_Iterator, _Value&) const [with _Iterator = std::reverse_iterator<const short int*>; _Value = const short unsigned int]	24	static
stl_iterator.h:189:7:std::reverse_iterator<_Iterator>& std::reverse_iterator<_Iterator>::operator++() [with _Iterator = const short int*]	16	static
predefined_ops.h:89:7:bool __gnu_cxx::__ops::_Val_less_iter::operator()(_Value&, _Iterator) const [with _Value = const short unsigned int; _Iterator = std::reverse_iterator<const short int*>]	32	static
stl_algobase.h:946:5:_ForwardIterator std::__lower_bound(_ForwardIterator, _ForwardIterator, const _Tp&, _Compare) [with _ForwardIterator = std::reverse_iterator<const short int*>; _Tp = short unsigned int; _Compare = __gnu_cxx::__ops::_Iter_less_val]	48	static
stl_algo.h:2039:5:_ForwardIterator std::__upper_bound(_ForwardIterator, _ForwardIterator, const _Tp&, _Compare) [with _ForwardIterator = std::reverse_iterator<const short int*>; _Tp = short unsigned int; _Compare = __gnu_cxx::__ops::_Val_less_iter]	48	static
move.h:73:5:constexpr _Tp&& std::forward(typename std::remove_reference<_From>::type&) [with _Tp = std::reverse_iterator<const short int*>&]	16	static
stl_pair.h:330:12:constexpr std::pair<_T1, _T2>::pair(_U1&&, _U2&&) [with _U1 = std::reverse_iterator<const short int*>&; _U2 = std::reverse_iterator<const short int*>&; typename std::enable_if<(std::_PCC<true, _T1, _T2>::_MoveConstructiblePair<_U1, _U2>() && std::_PCC<true, _T1, _T2>::_ImplicitlyMoveConvertiblePair<_U1, _U2>()), bool>::type <anonymous> = 1; _T1 = std::reverse_iterator<const short int*>; _T2 = std::reverse_iterator<const short int*>]	32	static
span:357:29:constexpr gsl::details::extent_type<Ext>::size_type gsl::details::extent_type<Ext>::size() const [with unsigned int Ext = 4]	16	static
stl_iterator_base_funcs.h:98:5:constexpr typename std::iterator_traits<_Iterator>::difference_type std::__distance(_RandomAccessIterator, _RandomAccessIterator, std::random_access_iterator_tag) [with _RandomAccessIterator = std::reverse_iterator<const short int*>]	24	static
stl_iterator_base_funcs.h:174:5:constexpr void std::__advance(_RandomAccessIterator&, _Distance, std::random_access_iterator_tag) [with _RandomAccessIterator = std::reverse_iterator<const short int*>; _Distance = int]	24	static
stl_iterator.h:249:7:std::reverse_iterator<_Iterator>& std::reverse_iterator<_Iterator>::operator+=(std::reverse_iterator<_Iterator>::difference_type) [with _Iterator = const short int*]	16	static
