DWTWrapper.h:18:44:static const DWTWrapper& DWTWrapper::getInstance()	8	static
DWTWrapper.h:27:10:void DWTWrapper::delay(uint32_t) const	24	static
DWTWrapper.h:43:15:constexpr DWTWrapper::DWTWrapper()	16	static
gthr-default.h:229:1:int __gthread_key_delete(__gthread_key_t)	16	static
array:59:7:static constexpr _Tp* std::__array_traits<_Tp, _Nm>::_S_ptr(const _Tp (&)[_Nm]) [with _Tp = unsigned char; unsigned int _Nm = 4]	16	static
array:238:7:constexpr const value_type* std::array<_Tp, _Nm>::data() const [with _Tp = unsigned char; unsigned int _Nm = 4]	16	static
LTC6811.h:165:10:bool LTC6811::clearRegisterGroup(const Command&) const	32	static
LTC6811.cpp:11:1:LTC6811::LTC6811(SPI_HandleTypeDef&, LTC6811::Mode, LTC6811::DCP, LTC6811::CellCh, LTC6811::AuxCh, LTC6811::STSCh)	40	static
LTC6811.cpp:39:6:void LTC6811::WakeFromSleep() const	24	static
LTC6811.cpp:50:6:void LTC6811::WakeFromIdle() const	24	static
array:189:7:constexpr const value_type& std::array<_Tp, _Nm>::operator[](std::array<_Tp, _Nm>::size_type) const [with _Tp = std::array<unsigned char, 4>; unsigned int _Nm = 4]	16	static
LTC6811.cpp:63:6:bool LTC6811::readVoltageRegisterGroup(LTC6811::Group)	24	static
array:189:7:constexpr const value_type& std::array<_Tp, _Nm>::operator[](std::array<_Tp, _Nm>::size_type) const [with _Tp = std::array<unsigned char, 4>; unsigned int _Nm = 2]	16	static
LTC6811.cpp:76:6:bool LTC6811::readAuxRegisterGroup(LTC6811::Group)	24	static
LTC6811.cpp:86:6:bool LTC6811::readStatusRegisterGroup(LTC6811::Group)	24	static
LTC6811.cpp:96:6:bool LTC6811::readConfigRegisterGroup()	16	static
LTC6811.cpp:103:6:bool LTC6811::writeConfigRegisterGroup(LTC6811::RegisterGroup<unsigned char>&)	16	static
LTC6811.cpp:118:6:bool LTC6811::clearVoltageRegisterGroup()	16	static
LTC6811.cpp:125:6:bool LTC6811::clearAuxRegisterGroup()	16	static
LTC6811.cpp:133:53:std::optional<LTC6811::VoltageStatus> LTC6811::checkVoltageStatus()	104	static
LTC6811.cpp:168:73:LTC6811::checkTemperatureStatus()::<lambda(int16_t)>	48	static
LTC6811.cpp:165:50:std::optional<LTC6811::TempStatus> LTC6811::checkTemperatureStatus()	96	static
LTC6811.cpp:206:47:LTC6811::RegisterGroup<unsigned char> LTC6811::makeDischargeConfig(const LTC6811::VoltageStatus&) const	136	static
LTC6811.cpp:277:6:void LTC6811::startConversion(const Command&) const	24	static
array:185:7:constexpr std::array<_Tp, _Nm>::value_type& std::array<_Tp, _Nm>::operator[](std::array<_Tp, _Nm>::size_type) [with _Tp = unsigned char; unsigned int _Nm = 4]	16	static
LTC6811.h:196:45:static constexpr uint16_t LTC6811::PEC15Calc(const std::array<_Tp, _Nm>&, size_t) [with T = unsigned char; unsigned int S = 4]	32	static
array:185:7:constexpr std::array<_Tp, _Nm>::value_type& std::array<_Tp, _Nm>::operator[](std::array<_Tp, _Nm>::size_type) [with _Tp = std::array<LTC6811::Register<short unsigned int>, 12>; unsigned int _Nm = 4]	16	static
array:55:7:static constexpr _Tp& std::__array_traits<_Tp, _Nm>::_S_ref(const _Tp (&)[_Nm], std::size_t) [with _Tp = std::array<unsigned char, 4>; unsigned int _Nm = 4]	16	static
array:234:7:constexpr std::array<_Tp, _Nm>::value_type* std::array<_Tp, _Nm>::data() [with _Tp = LTC6811::Register<short unsigned int>; unsigned int _Nm = 12]	16	static
array:59:7:static constexpr _Tp* std::__array_traits<_Tp, _Nm>::_S_ptr(const _Tp (&)[_Nm]) [with _Tp = LTC6811::Register<short unsigned int>; unsigned int _Nm = 12]	16	static
LTC6811.h:144:10:bool LTC6811::readRegisterGroup(const Command&, LTC6811::RegisterGroup<T>&) [with T = short unsigned int]	56	static
array:185:7:constexpr std::array<_Tp, _Nm>::value_type& std::array<_Tp, _Nm>::operator[](std::array<_Tp, _Nm>::size_type) [with _Tp = std::array<LTC6811::Register<short int>, 12>; unsigned int _Nm = 2]	16	static
array:55:7:static constexpr _Tp& std::__array_traits<_Tp, _Nm>::_S_ref(const _Tp (&)[_Nm], std::size_t) [with _Tp = std::array<unsigned char, 4>; unsigned int _Nm = 2]	16	static
array:234:7:constexpr std::array<_Tp, _Nm>::value_type* std::array<_Tp, _Nm>::data() [with _Tp = LTC6811::Register<short int>; unsigned int _Nm = 12]	16	static
array:59:7:static constexpr _Tp* std::__array_traits<_Tp, _Nm>::_S_ptr(const _Tp (&)[_Nm]) [with _Tp = LTC6811::Register<short int>; unsigned int _Nm = 12]	16	static
LTC6811.h:144:10:bool LTC6811::readRegisterGroup(const Command&, LTC6811::RegisterGroup<T>&) [with T = short int]	56	static
array:185:7:constexpr std::array<_Tp, _Nm>::value_type& std::array<_Tp, _Nm>::operator[](std::array<_Tp, _Nm>::size_type) [with _Tp = std::array<LTC6811::Register<unsigned char>, 12>; unsigned int _Nm = 2]	16	static
array:234:7:constexpr std::array<_Tp, _Nm>::value_type* std::array<_Tp, _Nm>::data() [with _Tp = LTC6811::Register<unsigned char>; unsigned int _Nm = 12]	16	static
array:59:7:static constexpr _Tp* std::__array_traits<_Tp, _Nm>::_S_ptr(const _Tp (&)[_Nm]) [with _Tp = LTC6811::Register<unsigned char>; unsigned int _Nm = 12]	16	static
LTC6811.h:144:10:bool LTC6811::readRegisterGroup(const Command&, LTC6811::RegisterGroup<T>&) [with T = unsigned char]	56	static
array:238:7:constexpr const value_type* std::array<_Tp, _Nm>::data() const [with _Tp = LTC6811::Register<unsigned char>; unsigned int _Nm = 12]	16	static
LTC6811.h:127:10:bool LTC6811::writeRegisterGroup(const Command&, LTC6811::RegisterGroup<T>&) const [with T = unsigned char]	40	static
optional:480:17:constexpr std::optional<_Tp>::optional(std::nullopt_t) [with _Tp = LTC6811::VoltageStatus]	16	static
array:126:7:constexpr std::array<_Tp, _Nm>::value_type* std::array<_Tp, _Nm>::begin() [with _Tp = std::array<LTC6811::Register<short unsigned int>, 12>; unsigned int _Nm = 4]	16	static
array:134:7:constexpr std::array<_Tp, _Nm>::value_type* std::array<_Tp, _Nm>::end() [with _Tp = std::array<LTC6811::Register<short unsigned int>, 12>; unsigned int _Nm = 4]	16	static
array:130:7:constexpr const value_type* std::array<_Tp, _Nm>::begin() const [with _Tp = LTC6811::Register<short unsigned int>; unsigned int _Nm = 12]	16	static
array:138:7:constexpr const value_type* std::array<_Tp, _Nm>::end() const [with _Tp = LTC6811::Register<short unsigned int>; unsigned int _Nm = 12]	16	static
array:130:7:constexpr const value_type* std::array<_Tp, _Nm>::begin() const [with _Tp = short unsigned int; unsigned int _Nm = 3]	16	static
array:138:7:constexpr const value_type* std::array<_Tp, _Nm>::end() const [with _Tp = short unsigned int; unsigned int _Nm = 3]	16	static
move.h:73:5:constexpr _Tp&& std::forward(typename std::remove_reference<_From>::type&) [with _Tp = LTC6811::VoltageStatus&]	16	static
optional:491:17:constexpr std::optional<_Tp>::optional(_Up&&) [with _Up = LTC6811::VoltageStatus&; typename std::enable_if<std::__and_<std::__not_<std::is_same<std::optional<_Tp>, typename std::decay<_Up>::type> >, std::__not_<std::is_same<std::in_place_t, typename std::decay<_Up>::type> >, std::is_constructible<_Tp, _Up&&>, std::is_convertible<_Up&&, _Tp> >::value, bool>::type <anonymous> = 1; _Tp = LTC6811::VoltageStatus]	24	static
optional:480:17:constexpr std::optional<_Tp>::optional(std::nullopt_t) [with _Tp = LTC6811::TempStatus]	16	static
move.h:73:5:constexpr _Tp&& std::forward(typename std::remove_reference<_From>::type&) [with _Tp = LTC6811::TempStatus&]	16	static
optional:491:17:constexpr std::optional<_Tp>::optional(_Up&&) [with _Up = LTC6811::TempStatus&; typename std::enable_if<std::__and_<std::__not_<std::is_same<std::optional<_Tp>, typename std::decay<_Up>::type> >, std::__not_<std::is_same<std::in_place_t, typename std::decay<_Up>::type> >, std::is_constructible<_Tp, _Up&&>, std::is_convertible<_Up&&, _Tp> >::value, bool>::type <anonymous> = 1; _Tp = LTC6811::TempStatus]	24	static
array:126:7:constexpr std::array<_Tp, _Nm>::value_type* std::array<_Tp, _Nm>::begin() [with _Tp = LTC6811::Register<unsigned char>; unsigned int _Nm = 12]	16	static
array:134:7:constexpr std::array<_Tp, _Nm>::value_type* std::array<_Tp, _Nm>::end() [with _Tp = LTC6811::Register<unsigned char>; unsigned int _Nm = 12]	16	static
array:130:7:constexpr const value_type* std::array<_Tp, _Nm>::begin() const [with _Tp = std::array<LTC6811::Register<short unsigned int>, 12>; unsigned int _Nm = 4]	16	static
array:138:7:constexpr const value_type* std::array<_Tp, _Nm>::end() const [with _Tp = std::array<LTC6811::Register<short unsigned int>, 12>; unsigned int _Nm = 4]	16	static
array:189:7:constexpr const value_type& std::array<_Tp, _Nm>::operator[](std::array<_Tp, _Nm>::size_type) const [with _Tp = LTC6811::Register<short unsigned int>; unsigned int _Nm = 12]	16	static
array:185:7:constexpr std::array<_Tp, _Nm>::value_type& std::array<_Tp, _Nm>::operator[](std::array<_Tp, _Nm>::size_type) [with _Tp = unsigned char; unsigned int _Nm = 6]	16	static
array:59:7:static constexpr _Tp* std::__array_traits<_Tp, _Nm>::_S_ptr(const _Tp (&)[_Nm]) [with _Tp = unsigned char; unsigned int _Nm = 6]	16	static
array:238:7:constexpr const value_type* std::array<_Tp, _Nm>::data() const [with _Tp = unsigned char; unsigned int _Nm = 6]	16	static
LTC6811.h:196:45:static constexpr uint16_t LTC6811::PEC15Calc(const std::array<_Tp, _Nm>&, size_t) [with T = unsigned char; unsigned int S = 6]	32	static
array:185:7:constexpr std::array<_Tp, _Nm>::value_type& std::array<_Tp, _Nm>::operator[](std::array<_Tp, _Nm>::size_type) [with _Tp = LTC6811::Register<unsigned char>; unsigned int _Nm = 12]	16	static
array:55:7:static constexpr _Tp& std::__array_traits<_Tp, _Nm>::_S_ref(const _Tp (&)[_Nm], std::size_t) [with _Tp = unsigned char; unsigned int _Nm = 4]	16	static
array:55:7:static constexpr _Tp& std::__array_traits<_Tp, _Nm>::_S_ref(const _Tp (&)[_Nm], std::size_t) [with _Tp = std::array<LTC6811::Register<short unsigned int>, 12>; unsigned int _Nm = 4]	16	static
array:126:7:constexpr std::array<_Tp, _Nm>::value_type* std::array<_Tp, _Nm>::begin() [with _Tp = LTC6811::Register<short unsigned int>; unsigned int _Nm = 12]	16	static
array:134:7:constexpr std::array<_Tp, _Nm>::value_type* std::array<_Tp, _Nm>::end() [with _Tp = LTC6811::Register<short unsigned int>; unsigned int _Nm = 12]	16	static
array:59:7:static constexpr _Tp* std::__array_traits<_Tp, _Nm>::_S_ptr(const _Tp (&)[_Nm]) [with _Tp = short unsigned int; unsigned int _Nm = 3]	16	static
array:238:7:constexpr const value_type* std::array<_Tp, _Nm>::data() const [with _Tp = short unsigned int; unsigned int _Nm = 3]	16	static
LTC6811.h:196:45:static constexpr uint16_t LTC6811::PEC15Calc(const std::array<_Tp, _Nm>&, size_t) [with T = short unsigned int; unsigned int S = 3]	32	static
array:55:7:static constexpr _Tp& std::__array_traits<_Tp, _Nm>::_S_ref(const _Tp (&)[_Nm], std::size_t) [with _Tp = std::array<LTC6811::Register<short int>, 12>; unsigned int _Nm = 2]	16	static
array:126:7:constexpr std::array<_Tp, _Nm>::value_type* std::array<_Tp, _Nm>::begin() [with _Tp = LTC6811::Register<short int>; unsigned int _Nm = 12]	16	static
array:134:7:constexpr std::array<_Tp, _Nm>::value_type* std::array<_Tp, _Nm>::end() [with _Tp = LTC6811::Register<short int>; unsigned int _Nm = 12]	16	static
array:59:7:static constexpr _Tp* std::__array_traits<_Tp, _Nm>::_S_ptr(const _Tp (&)[_Nm]) [with _Tp = short int; unsigned int _Nm = 3]	16	static
array:238:7:constexpr const value_type* std::array<_Tp, _Nm>::data() const [with _Tp = short int; unsigned int _Nm = 3]	16	static
LTC6811.h:196:45:static constexpr uint16_t LTC6811::PEC15Calc(const std::array<_Tp, _Nm>&, size_t) [with T = short int; unsigned int S = 3]	32	static
array:55:7:static constexpr _Tp& std::__array_traits<_Tp, _Nm>::_S_ref(const _Tp (&)[_Nm], std::size_t) [with _Tp = std::array<LTC6811::Register<unsigned char>, 12>; unsigned int _Nm = 2]	16	static
optional:110:17:constexpr std::_Optional_payload<_Tp, <anonymous>, <anonymous> >::_Optional_payload() [with _Tp = LTC6811::VoltageStatus; bool <anonymous> = true; bool <anonymous> = true]	16	static
optional:316:17:constexpr std::_Optional_base<_Tp>::_Optional_base(std::nullopt_t) [with _Tp = LTC6811::VoltageStatus]	16	static
array:234:7:constexpr std::array<_Tp, _Nm>::value_type* std::array<_Tp, _Nm>::data() [with _Tp = std::array<LTC6811::Register<short unsigned int>, 12>; unsigned int _Nm = 4]	16	static
array:238:7:constexpr const value_type* std::array<_Tp, _Nm>::data() const [with _Tp = LTC6811::Register<short unsigned int>; unsigned int _Nm = 12]	16	static
optional:114:17:) [with _Args = {LTC6811::VoltageStatus&}; _Tp = LTC6811::VoltageStatus; bool <anonymous> = true; bool <anonymous> = true]	32	static
optional:322:28:>, bool>::type <anonymous> = 0; _Tp = LTC6811::VoltageStatus]	32	static
optional:110:17:constexpr std::_Optional_payload<_Tp, <anonymous>, <anonymous> >::_Optional_payload() [with _Tp = LTC6811::TempStatus; bool <anonymous> = true; bool <anonymous> = true]	16	static
optional:316:17:constexpr std::_Optional_base<_Tp>::_Optional_base(std::nullopt_t) [with _Tp = LTC6811::TempStatus]	16	static
optional:114:17:) [with _Args = {LTC6811::TempStatus&}; _Tp = LTC6811::TempStatus; bool <anonymous> = true; bool <anonymous> = true]	32	static
optional:322:28:>, bool>::type <anonymous> = 0; _Tp = LTC6811::TempStatus]	32	static
array:59:7:static constexpr _Tp* std::__array_traits<_Tp, _Nm>::_S_ptr(const _Tp (&)[_Nm]) [with _Tp = std::array<LTC6811::Register<short unsigned int>, 12>; unsigned int _Nm = 4]	16	static
array:238:7:constexpr const value_type* std::array<_Tp, _Nm>::data() const [with _Tp = std::array<LTC6811::Register<short unsigned int>, 12>; unsigned int _Nm = 4]	16	static
array:55:7:static constexpr _Tp& std::__array_traits<_Tp, _Nm>::_S_ref(const _Tp (&)[_Nm], std::size_t) [with _Tp = LTC6811::Register<short unsigned int>; unsigned int _Nm = 12]	16	static
array:55:7:static constexpr _Tp& std::__array_traits<_Tp, _Nm>::_S_ref(const _Tp (&)[_Nm], std::size_t) [with _Tp = unsigned char; unsigned int _Nm = 6]	16	static
array:55:7:static constexpr _Tp& std::__array_traits<_Tp, _Nm>::_S_ref(const _Tp (&)[_Nm], std::size_t) [with _Tp = LTC6811::Register<unsigned char>; unsigned int _Nm = 12]	16	static
