atomic_base.h:99:3:constexpr std::memory_order std::operator&(std::memory_order, std::__memory_order_modifier)	16	static
atomic:828:17:constexpr std::atomic<long unsigned int>::atomic(std::atomic<long unsigned int>::__integral_type)	16	static
NLG5.h:29:5:NLG5::NLG5(CAN_HandleTypeDef&, CAN_TxHeaderTypeDef&, uint16_t, uint16_t, uint16_t)	24	static
NLG5.h:32:10:void NLG5::setChargeCurrent(uint16_t)	16	static
NLG5.h:39:10:void NLG5::tick()	32	static
gthr-default.h:229:1:int __gthread_key_delete(__gthread_key_t)	16	static
PWM_Fan.h:17:5:PWM_Fan::PWM_Fan(uint8_t)	16	static
stl_algo.h:3713:5:constexpr const _Tp& std::clamp(const _Tp&, const _Tp&, const _Tp&) [with _Tp = unsigned char]	24	static
PWM_Fan.h:21:10:void PWM_Fan::setDutyCycle(uint8_t) const	16	static
PWM_Fan.h:29:10:void PWM_Fan::calcDutyCycle(int16_t)	24	static
PWM_Fan.h:39:10:void PWM_Fan::setMode(PWM_Fan::Mode)	16	static
PWM_Fan.h:43:24:PWM_Fan::Mode PWM_Fan::getMode() const	16	static
Status.h:43:13:uint8_t Status::get_op_mode() const	16	static
Status.h:47:10:void Status::set_op_mode(Op_Mode)	16	static
Status.h:51:11:Error Status::get_last_error() const	16	static
Status.h:55:13:uint8_t Status::get_error_count(Error)	16	static
Status.h:59:10:bool Status::get_error_over_limit(Error)	16	static
main.cpp:44:10:void RTClock::tick()	16	static
main.cpp:104:13:auto get_uptime()	4	static
main.cpp:112:19:void HAL_IncTick()	8	static
optional:915:22:constexpr bool std::optional<_Tp>::has_value() const [with _Tp = LTC6811::VoltageStatus]	16	static
optional:431:22:constexpr bool std::_Optional_base_impl<_Tp, _Dp>::_M_is_engaged() const [with _Tp = LTC6811::VoltageStatus; _Dp = std::_Optional_base<LTC6811::VoltageStatus, true, true>]	16	static
optional:915:22:constexpr bool std::optional<_Tp>::has_value() const [with _Tp = LTC6811::TempStatus]	16	static
optional:431:22:constexpr bool std::_Optional_base_impl<_Tp, _Dp>::_M_is_engaged() const [with _Tp = LTC6811::TempStatus; _Dp = std::_Optional_base<LTC6811::TempStatus, true, true>]	16	static
optional:888:7:constexpr const _Tp* std::optional<_Tp>::operator->() const [with _Tp = LTC6811::VoltageStatus]	16	static
move.h:47:5:constexpr _Tp* std::__addressof(_Tp&) [with _Tp = const LTC6811::VoltageStatus]	16	static
optional:443:7:constexpr const _Tp& std::_Optional_base_impl<_Tp, _Dp>::_M_get() const [with _Tp = LTC6811::VoltageStatus; _Dp = std::_Optional_base<LTC6811::VoltageStatus, true, true>]	16	static
optional:269:7:constexpr const _Tp& std::_Optional_payload_base<_Tp>::_M_get() const [with _Tp = LTC6811::VoltageStatus]	16	static
optional:888:7:constexpr const _Tp* std::optional<_Tp>::operator->() const [with _Tp = LTC6811::TempStatus]	16	static
move.h:47:5:constexpr _Tp* std::__addressof(_Tp&) [with _Tp = const LTC6811::TempStatus]	16	static
optional:443:7:constexpr const _Tp& std::_Optional_base_impl<_Tp, _Dp>::_M_get() const [with _Tp = LTC6811::TempStatus; _Dp = std::_Optional_base<LTC6811::TempStatus, true, true>]	16	static
optional:269:7:constexpr const _Tp& std::_Optional_payload_base<_Tp>::_M_get() const [with _Tp = LTC6811::TempStatus]	16	static
main.cpp:122:5:int main()	216	static
main.cpp:297:13:void SystemClock_Config()	184	static
main.cpp:336:13:void MX_CAN1_Init()	48	static
main.cpp:376:13:void MX_CAN2_Init()	48	static
main.cpp:415:13:void MX_SDIO_SD_Init()	4	static
main.cpp:435:13:void MX_SPI1_Init()	8	static
main.cpp:465:13:void MX_TIM2_Init()	64	static
main.cpp:506:13:void MX_GPIO_Init()	48	static
main.cpp:554:6:void HAL_CAN_RxFifo0MsgPendingCallback(CAN_HandleTypeDef*)	56	static
main.cpp:579:6:void HAL_CAN_RxFifo1MsgPendingCallback(CAN_HandleTypeDef*)	56	static
main.cpp:655:19:HAL_StatusTypeDef CANTxStatus()	24	static
main.cpp:675:19:HAL_StatusTypeDef CANTxPECError()	24	static
main.cpp:699:19:HAL_StatusTypeDef CANTxData(uint16_t, uint16_t, int16_t)	32	static
array:130:7:constexpr const value_type* std::array<_Tp, _Nm>::begin() const [with _Tp = short unsigned int; unsigned int _Nm = 3]	16	static
array:138:7:constexpr const value_type* std::array<_Tp, _Nm>::end() const [with _Tp = short unsigned int; unsigned int _Nm = 3]	16	static
main.cpp:718:19:HAL_StatusTypeDef CANTxVoltage()	64	static
array:130:7:constexpr const value_type* std::array<_Tp, _Nm>::begin() const [with _Tp = short int; unsigned int _Nm = 3]	16	static
array:138:7:constexpr const value_type* std::array<_Tp, _Nm>::end() const [with _Tp = short int; unsigned int _Nm = 3]	16	static
main.cpp:745:19:HAL_StatusTypeDef CANTxTemperature()	56	static
main.cpp:774:19:HAL_StatusTypeDef CANTxVoltageLimpTotal(uint32_t)	24	static
array:130:7:constexpr const value_type* std::array<_Tp, _Nm>::begin() const [with _Tp = LTC6811::Register<unsigned char>; unsigned int _Nm = 1]	16	static
array:138:7:constexpr const value_type* std::array<_Tp, _Nm>::end() const [with _Tp = LTC6811::Register<unsigned char>; unsigned int _Nm = 1]	16	static
main.cpp:792:19:HAL_StatusTypeDef CANTxDCCfg()	40	static
main.cpp:817:19:HAL_StatusTypeDef CANTxVolumeSize(uint32_t)	24	static
main.cpp:831:6:void Error_Handler()	4	static
atomic_base.h:279:17:constexpr std::__atomic_base<_IntTp>::__atomic_base(std::__atomic_base<_IntTp>::__int_type) [with _ITp = long unsigned int]	16	static
atomic_base.h:318:7:std::__atomic_base<_IntTp>::__int_type std::__atomic_base<_IntTp>::operator++() [with _ITp = long unsigned int]	16	static
atomic_base.h:288:7:std::__atomic_base<_IntTp>::__int_type std::__atomic_base<_IntTp>::operator=(std::__atomic_base<_IntTp>::__int_type) [with _ITp = long unsigned int]	32	static
atomic_base.h:318:7:std::__atomic_base<_IntTp>::__int_type std::__atomic_base<_IntTp>::operator++() [with _ITp = unsigned char]	16	static
atomic_base.h:288:7:std::__atomic_base<_IntTp>::__int_type std::__atomic_base<_IntTp>::operator=(std::__atomic_base<_IntTp>::__int_type) [with _ITp = unsigned char]	24	static
optional:897:7:constexpr const _Tp& std::optional<_Tp>::operator*() const & [with _Tp = LTC6811::VoltageStatus]	16	static
array:130:7:constexpr const value_type* std::array<_Tp, _Nm>::begin() const [with _Tp = LTC6811::Register<short unsigned int>; unsigned int _Nm = 1]	16	static
array:138:7:constexpr const value_type* std::array<_Tp, _Nm>::end() const [with _Tp = LTC6811::Register<short unsigned int>; unsigned int _Nm = 1]	16	static
array:130:7:constexpr const value_type* std::array<_Tp, _Nm>::begin() const [with _Tp = LTC6811::Register<short int>; unsigned int _Nm = 1]	16	static
array:138:7:constexpr const value_type* std::array<_Tp, _Nm>::end() const [with _Tp = LTC6811::Register<short int>; unsigned int _Nm = 1]	16	static
array:189:7:constexpr const value_type& std::array<_Tp, _Nm>::operator[](std::array<_Tp, _Nm>::size_type) const [with _Tp = LTC6811::Register<short unsigned int>; unsigned int _Nm = 1]	16	static
array:59:7:static constexpr _Tp* std::__array_traits<_Tp, _Nm>::_S_ptr(const _Tp (&)[_Nm]) [with _Tp = short unsigned int; unsigned int _Nm = 3]	16	static
array:238:7:constexpr const value_type* std::array<_Tp, _Nm>::data() const [with _Tp = short unsigned int; unsigned int _Nm = 3]	16	static
array:189:7:constexpr const value_type& std::array<_Tp, _Nm>::operator[](std::array<_Tp, _Nm>::size_type) const [with _Tp = LTC6811::Register<short int>; unsigned int _Nm = 1]	16	static
array:59:7:static constexpr _Tp* std::__array_traits<_Tp, _Nm>::_S_ptr(const _Tp (&)[_Nm]) [with _Tp = short int; unsigned int _Nm = 3]	16	static
array:238:7:constexpr const value_type* std::array<_Tp, _Nm>::data() const [with _Tp = short int; unsigned int _Nm = 3]	16	static
array:59:7:static constexpr _Tp* std::__array_traits<_Tp, _Nm>::_S_ptr(const _Tp (&)[_Nm]) [with _Tp = LTC6811::Register<unsigned char>; unsigned int _Nm = 1]	16	static
array:238:7:constexpr const value_type* std::array<_Tp, _Nm>::data() const [with _Tp = LTC6811::Register<unsigned char>; unsigned int _Nm = 1]	16	static
array:189:7:constexpr const value_type& std::array<_Tp, _Nm>::operator[](std::array<_Tp, _Nm>::size_type) const [with _Tp = unsigned char; unsigned int _Nm = 6]	16	static
array:59:7:static constexpr _Tp* std::__array_traits<_Tp, _Nm>::_S_ptr(const _Tp (&)[_Nm]) [with _Tp = LTC6811::Register<short unsigned int>; unsigned int _Nm = 1]	16	static
array:238:7:constexpr const value_type* std::array<_Tp, _Nm>::data() const [with _Tp = LTC6811::Register<short unsigned int>; unsigned int _Nm = 1]	16	static
array:59:7:static constexpr _Tp* std::__array_traits<_Tp, _Nm>::_S_ptr(const _Tp (&)[_Nm]) [with _Tp = LTC6811::Register<short int>; unsigned int _Nm = 1]	16	static
array:238:7:constexpr const value_type* std::array<_Tp, _Nm>::data() const [with _Tp = LTC6811::Register<short int>; unsigned int _Nm = 1]	16	static
array:55:7:static constexpr _Tp& std::__array_traits<_Tp, _Nm>::_S_ref(const _Tp (&)[_Nm], std::size_t) [with _Tp = LTC6811::Register<short unsigned int>; unsigned int _Nm = 1]	16	static
array:55:7:static constexpr _Tp& std::__array_traits<_Tp, _Nm>::_S_ref(const _Tp (&)[_Nm], std::size_t) [with _Tp = LTC6811::Register<short int>; unsigned int _Nm = 1]	16	static
array:55:7:static constexpr _Tp& std::__array_traits<_Tp, _Nm>::_S_ref(const _Tp (&)[_Nm], std::size_t) [with _Tp = unsigned char; unsigned int _Nm = 6]	16	static
main.cpp:836:1:void __static_initialization_and_destruction_0(int, int)	16	static
main.cpp:836:1:cpp)	8	static
