NLG5.h:23:5:NLG5::NLG5(uint16_t, uint16_t, uint16_t)	24	static
Status.h:49:5:Status::Status(uint8_t, NLG5&)	24	static
Status.h:65:10:void Status::OpenAIR() const	16	static
Status.h:71:10:void Status::ClosePRE()	16	static
Status.h:78:10:void Status::OpenPRE()	16	static
Status.h:84:10:void Status::IncreasePecCounter()	16	static
Status.h:90:10:auto Status::GetPecChange()	24	static
Status.h:97:10:void Status::SetFanDutyCycle(uint8_t)	16	static
Status.h:107:23:constexpr uint8_t Status::CalcDutyCycle()	16	static
Status.h:168:10:auto Status::GetLimping() const	16	static
Status.h:172:12:int8_t Status::SetCurrent(int32_t)	16	static
Status.h:183:10:void Status::SetAccuVoltage(int32_t)	16	static
Status.h:189:12:int8_t Status::SetAccuVoltage2(int32_t)	24	static
Status.h:217:12:int8_t Status::CheckIVTLost()	16	static
Status.h:259:10:bool Status::CheckVoltageMatch()	24	static
Status.h:264:13:uint8_t Status::ErrorCheck(Status::ErrorEvent, bool)	16	static
Status.h:277:10:void Status::GoToSafeState(Status::ErrorEvent)	16	static
gthr-default.h:229:1:int __gthread_key_delete(__gthread_key_t)	16	static
optional:97:3:void std::__throw_bad_optional_access()	8	static
LTC6811.h:118:10:void LTC6811::SetDischargeMode(uint8_t)	16	static
optional:718:22:constexpr bool std::optional<_Tp>::has_value() const [with _Tp = LTC6811VoltageStatus]	16	static
optional:385:22:constexpr bool std::_Optional_base<_Tp>::_M_is_engaged() const [with _Tp = LTC6811VoltageStatus]	16	static
optional:718:22:constexpr bool std::optional<_Tp>::has_value() const [with _Tp = LTC6811TempStatus]	16	static
optional:385:22:constexpr bool std::_Optional_base<_Tp>::_M_is_engaged() const [with _Tp = LTC6811TempStatus]	16	static
optional:722:7:constexpr const _Tp& std::optional<_Tp>::value() const & [with _Tp = LTC6811VoltageStatus]	16	static
main.cpp:78:5:int main()	112	static
main.cpp:249:6:void SystemClock_Config()	184	static
main.cpp:302:13:void MX_CAN1_Init()	48	static
main.cpp:414:13:void MX_CAN2_Init()	8	static
main.cpp:451:13:void MX_SDIO_SD_Init()	4	static
main.cpp:479:13:void MX_SPI1_Init()	8	static
main.cpp:517:13:void MX_GPIO_Init()	48	static
main.cpp:585:6:void HAL_CAN_RxFifo0MsgPendingCallback(CAN_HandleTypeDef*)	56	static
main.cpp:601:6:void HAL_CAN_RxFifo1MsgPendingCallback(CAN_HandleTypeDef*)	56	static
main.cpp:676:6:void SetCharger()	16	static
main.cpp:695:9:int32_t CAN0_Test()	16	static
main.cpp:708:8:int8_t CANTxVoltage()	4	static
main.cpp:735:8:int8_t CANTxVoltageLimpTotal()	24	static
main.cpp:759:8:int8_t CANTxTemperature()	4	static
main.cpp:788:9:int32_t CANTxUptime()	16	static
main.cpp:815:9:int32_t CanTxOpMode()	16	static
main.cpp:838:9:int32_t CanTxError()	24	static
main.cpp:866:9:int32_t CANTxDCfg()	24	static
main.cpp:892:9:int32_t CANTxNLGAControl()	16	static
main.cpp:914:9:int32_t CANTxNLGBControl()	16	static
main.cpp:935:9:int32_t CANTxVolumeSize(uint32_t)	24	static
main.cpp:953:6:void canresp_get_volume_size()	8	static
main.cpp:960:6:void canresp_delete_logfile()	8	static
main.cpp:973:6:void Error_Handler()	4	static
optional:722:7:constexpr const _Tp& std::optional<_Tp>::value() const & [with _Tp = LTC6811TempStatus]	16	static
optional:394:7:constexpr const _Tp& std::_Optional_base<_Tp>::_M_get() const [with _Tp = LTC6811VoltageStatus]	16	static
optional:394:7:constexpr const _Tp& std::_Optional_base<_Tp>::_M_get() const [with _Tp = LTC6811TempStatus]	16	static
