NVICMutex.h:13:5:NVICMutex::NVICMutex()	24	static,ignoring_inline_asm
NVICMutex.h:17:5:NVICMutex::~NVICMutex()	16	static,ignoring_inline_asm
IVT.h:19:28:uint32_t IVT::comparePrecharge(uint32_t) const	32	static
IVT.h:36:10:void IVT::setCurrent(float)	24	static
IVT.h:43:25:float IVT::getCurrent() const	16	static
IVT.h:47:10:void IVT::setVoltage1(float)	24	static
IVT.h:54:25:float IVT::getVoltage1() const	16	static
IVT.h:58:10:void IVT::setVoltage2(float)	24	static
IVT.h:65:25:float IVT::getVoltage2() const	16	static
IVT.h:69:10:void IVT::tick()	16	static
IVT.h:79:24:bool IVT::isLost() const	16	static
Status.h:28:5:Counter::Counter(uint16_t)	16	static
Status.h:30:14:Counter& Counter::incrementBy(uint16_t)	16	static
Status.h:37:14:Counter& Counter::decrementBy(uint16_t)	16	static
Status.h:47:24:bool Counter::isOverLimit() const	16	static
Status.h:51:24:auto Counter::getCount() const	16	static
Status.h:78:5:Status::Status(uint8_t)	16	static
Status.h:83:10:void Status::setOpMode(uint8_t)	16	static
Status.h:87:27:uint8_t Status::getOpMode() const	16	static
Status.h:92:10:void Status::setPrechargeState(State)	16	static
Status.h:98:25:State Status::getPrechargeState() const	16	static
Status.h:103:10:void Status::setAIRState(State)	16	static
Status.h:109:25:State Status::getAIRState() const	16	static
Status.h:113:10:bool Status::isError(Status::Error, bool)	16	static
Status.h:128:28:uint32_t Status::getErrorCount(Status::Error) const	16	static
Status.h:132:24:bool Status::isErrorOverLimit(Status::Error) const	16	static
Status.h:136:27:uint8_t Status::getLastError() const	16	static
Status.h:140:28:uint32_t Status::getUptime() const	16	static
Status.h:147:10:void Status::tick()	16	static
Status.h:180:10:void Status::goToSafeState(Status::Error)	16	static
NLG5.h:18:5:NLG5::NLG5(uint16_t, uint16_t, uint16_t)	24	static
NLG5.h:20:10:void NLG5::setChargeCurrent(uint16_t)	16	static
NLG5.h:27:10:void NLG5::tick()	24	static
NLG5.h:54:24:bool NLG5::isChargerEvent()	24	static
gthr-default.h:229:1:int __gthread_key_delete(__gthread_key_t)	16	static
optional:97:3:void std::__throw_bad_optional_access()	8	static
LTC6811.h:100:10:void LTC6811::setDischargeMode(LTC6811::DischargeMode)	16	static
LTC6811.h:104:31:const auto& LTC6811::getCellData() const	16	static
LTC6811.h:105:31:const auto& LTC6811::getTempData() const	16	static
LTC6811.h:106:31:const auto& LTC6811::getSlaveCfg() const	16	static
PWM_Fan.h:17:5:PWM_Fan::PWM_Fan(uint8_t)	16	static
PWM_Fan.h:21:10:void PWM_Fan::setDutyCycle(uint8_t) const	16	static
PWM_Fan.h:33:34:static uint8_t PWM_Fan::calcDutyCycle(int16_t)	16	static
PWM_Fan.h:42:10:void PWM_Fan::setMode(PWM_Fan::Mode)	16	static
PWM_Fan.h:46:24:PWM_Fan::Mode PWM_Fan::getMode() const	16	static
main.cpp:106:19:void HAL_IncTick()	8	static
IVT.h:13:7:IVT::IVT()	16	static
optional:718:22:constexpr bool std::optional<_Tp>::has_value() const [with _Tp = LTC6811::VoltageStatus]	16	static
optional:385:22:constexpr bool std::_Optional_base<_Tp>::_M_is_engaged() const [with _Tp = LTC6811::VoltageStatus]	16	static
optional:718:22:constexpr bool std::optional<_Tp>::has_value() const [with _Tp = LTC6811::TempStatus]	16	static
optional:385:22:constexpr bool std::_Optional_base<_Tp>::_M_is_engaged() const [with _Tp = LTC6811::TempStatus]	16	static
optional:722:7:constexpr const _Tp& std::optional<_Tp>::value() const & [with _Tp = LTC6811::VoltageStatus]	16	static
optional:722:7:constexpr const _Tp& std::optional<_Tp>::value() const & [with _Tp = LTC6811::TempStatus]	16	static
main.cpp:124:5:int main()	1120	static
main.cpp:351:6:void SystemClock_Config()	184	static
main.cpp:404:13:void MX_CAN1_Init()	48	static
main.cpp:457:13:void MX_CAN2_Init()	48	static
main.cpp:508:13:void MX_SDIO_SD_Init()	4	static
main.cpp:536:13:void MX_SPI1_Init()	8	static
main.cpp:574:13:void MX_TIM2_Init()	64	static
main.cpp:633:13:void MX_GPIO_Init()	48	static
main.cpp:701:6:void HAL_CAN_RxFifo0MsgPendingCallback(CAN_HandleTypeDef*)	56	static
main.cpp:726:6:void HAL_CAN_RxFifo1MsgPendingCallback(CAN_HandleTypeDef*)	56	static
main.cpp:796:10:uint32_t CAN0_Test()	16	static
main.cpp:809:10:uint32_t CANTxStatus()	24	static
main.cpp:833:10:uint32_t CANTxPECError()	24	static
main.cpp:861:10:uint32_t CANTxData(uint16_t, uint16_t, int16_t)	32	static
main.cpp:884:10:uint32_t CANTxVoltage(const std::array<std::array<LTC6811::Register<short unsigned int>, 12>, 4>&)	64	static
main.cpp:911:10:uint32_t CANTxTemperature(const std::array<std::array<LTC6811::Register<short int>, 12>, 2>&)	64	static
main.cpp:939:10:uint32_t CANTxVoltageLimpTotal(uint32_t, bool)	24	static
main.cpp:962:10:uint32_t CANTxDCCfg(LTC6811::RegisterGroup<unsigned char>&)	48	static
main.cpp:987:10:uint32_t CANTxNLGAControl()	16	static
main.cpp:1009:10:uint32_t CANTxNLGBControl()	16	static
main.cpp:1030:10:uint32_t CANTxVolumeSize(uint32_t)	24	static
main.cpp:1053:6:void Error_Handler()	4	static
optional:394:7:constexpr const _Tp& std::_Optional_base<_Tp>::_M_get() const [with _Tp = LTC6811::VoltageStatus]	16	static
optional:394:7:constexpr const _Tp& std::_Optional_base<_Tp>::_M_get() const [with _Tp = LTC6811::TempStatus]	16	static
array:130:7:constexpr const value_type* std::array<_Tp, _Nm>::begin() const [with _Tp = std::array<LTC6811::Register<short unsigned int>, 12>; unsigned int _Nm = 4]	16	static
array:138:7:constexpr const value_type* std::array<_Tp, _Nm>::end() const [with _Tp = std::array<LTC6811::Register<short unsigned int>, 12>; unsigned int _Nm = 4]	16	static
array:130:7:constexpr const value_type* std::array<_Tp, _Nm>::begin() const [with _Tp = LTC6811::Register<short unsigned int>; unsigned int _Nm = 12]	16	static
array:138:7:constexpr const value_type* std::array<_Tp, _Nm>::end() const [with _Tp = LTC6811::Register<short unsigned int>; unsigned int _Nm = 12]	16	static
array:130:7:constexpr const value_type* std::array<_Tp, _Nm>::begin() const [with _Tp = short unsigned int; unsigned int _Nm = 3]	16	static
array:138:7:constexpr const value_type* std::array<_Tp, _Nm>::end() const [with _Tp = short unsigned int; unsigned int _Nm = 3]	16	static
array:130:7:constexpr const value_type* std::array<_Tp, _Nm>::begin() const [with _Tp = std::array<LTC6811::Register<short int>, 12>; unsigned int _Nm = 2]	16	static
array:138:7:constexpr const value_type* std::array<_Tp, _Nm>::end() const [with _Tp = std::array<LTC6811::Register<short int>, 12>; unsigned int _Nm = 2]	16	static
array:130:7:constexpr const value_type* std::array<_Tp, _Nm>::begin() const [with _Tp = LTC6811::Register<short int>; unsigned int _Nm = 12]	16	static
array:138:7:constexpr const value_type* std::array<_Tp, _Nm>::end() const [with _Tp = LTC6811::Register<short int>; unsigned int _Nm = 12]	16	static
array:130:7:constexpr const value_type* std::array<_Tp, _Nm>::begin() const [with _Tp = short int; unsigned int _Nm = 3]	16	static
array:138:7:constexpr const value_type* std::array<_Tp, _Nm>::end() const [with _Tp = short int; unsigned int _Nm = 3]	16	static
array:189:7:constexpr const value_type& std::array<_Tp, _Nm>::operator[](std::array<_Tp, _Nm>::size_type) const [with _Tp = LTC6811::Register<short unsigned int>; unsigned int _Nm = 12]	16	static
array:189:7:constexpr const value_type& std::array<_Tp, _Nm>::operator[](std::array<_Tp, _Nm>::size_type) const [with _Tp = LTC6811::Register<short int>; unsigned int _Nm = 12]	16	static
array:130:7:constexpr const value_type* std::array<_Tp, _Nm>::begin() const [with _Tp = LTC6811::Register<unsigned char>; unsigned int _Nm = 12]	16	static
array:138:7:constexpr const value_type* std::array<_Tp, _Nm>::end() const [with _Tp = LTC6811::Register<unsigned char>; unsigned int _Nm = 12]	16	static
array:189:7:constexpr const value_type& std::array<_Tp, _Nm>::operator[](std::array<_Tp, _Nm>::size_type) const [with _Tp = unsigned char; unsigned int _Nm = 6]	16	static
array:59:7:static constexpr _Tp* std::__array_traits<_Tp, _Nm>::_S_ptr(const _Tp (&)[_Nm]) [with _Tp = std::array<LTC6811::Register<short unsigned int>, 12>; unsigned int _Nm = 4]	16	static
array:238:7:constexpr const value_type* std::array<_Tp, _Nm>::data() const [with _Tp = std::array<LTC6811::Register<short unsigned int>, 12>; unsigned int _Nm = 4]	16	static
array:59:7:static constexpr _Tp* std::__array_traits<_Tp, _Nm>::_S_ptr(const _Tp (&)[_Nm]) [with _Tp = LTC6811::Register<short unsigned int>; unsigned int _Nm = 12]	16	static
array:238:7:constexpr const value_type* std::array<_Tp, _Nm>::data() const [with _Tp = LTC6811::Register<short unsigned int>; unsigned int _Nm = 12]	16	static
array:59:7:static constexpr _Tp* std::__array_traits<_Tp, _Nm>::_S_ptr(const _Tp (&)[_Nm]) [with _Tp = short unsigned int; unsigned int _Nm = 3]	16	static
array:238:7:constexpr const value_type* std::array<_Tp, _Nm>::data() const [with _Tp = short unsigned int; unsigned int _Nm = 3]	16	static
array:59:7:static constexpr _Tp* std::__array_traits<_Tp, _Nm>::_S_ptr(const _Tp (&)[_Nm]) [with _Tp = std::array<LTC6811::Register<short int>, 12>; unsigned int _Nm = 2]	16	static
array:238:7:constexpr const value_type* std::array<_Tp, _Nm>::data() const [with _Tp = std::array<LTC6811::Register<short int>, 12>; unsigned int _Nm = 2]	16	static
array:59:7:static constexpr _Tp* std::__array_traits<_Tp, _Nm>::_S_ptr(const _Tp (&)[_Nm]) [with _Tp = LTC6811::Register<short int>; unsigned int _Nm = 12]	16	static
array:238:7:constexpr const value_type* std::array<_Tp, _Nm>::data() const [with _Tp = LTC6811::Register<short int>; unsigned int _Nm = 12]	16	static
array:59:7:static constexpr _Tp* std::__array_traits<_Tp, _Nm>::_S_ptr(const _Tp (&)[_Nm]) [with _Tp = short int; unsigned int _Nm = 3]	16	static
array:238:7:constexpr const value_type* std::array<_Tp, _Nm>::data() const [with _Tp = short int; unsigned int _Nm = 3]	16	static
array:55:7:static constexpr _Tp& std::__array_traits<_Tp, _Nm>::_S_ref(const _Tp (&)[_Nm], std::size_t) [with _Tp = LTC6811::Register<short unsigned int>; unsigned int _Nm = 12]	16	static
array:55:7:static constexpr _Tp& std::__array_traits<_Tp, _Nm>::_S_ref(const _Tp (&)[_Nm], std::size_t) [with _Tp = LTC6811::Register<short int>; unsigned int _Nm = 12]	16	static
array:59:7:static constexpr _Tp* std::__array_traits<_Tp, _Nm>::_S_ptr(const _Tp (&)[_Nm]) [with _Tp = LTC6811::Register<unsigned char>; unsigned int _Nm = 12]	16	static
array:238:7:constexpr const value_type* std::array<_Tp, _Nm>::data() const [with _Tp = LTC6811::Register<unsigned char>; unsigned int _Nm = 12]	16	static
array:55:7:static constexpr _Tp& std::__array_traits<_Tp, _Nm>::_S_ref(const _Tp (&)[_Nm], std::size_t) [with _Tp = unsigned char; unsigned int _Nm = 6]	16	static
